Archive member included to satisfy reference by file (symbol)

../../Compiler/COMMON/SGL_302j/LIB_ELF/SEGA_SYS.A(sys_exit.o)
                              ../../jo_engine/core.o (symbol from plugin) (SYS_Exit)
../../Compiler/COMMON/SGL_302j/LIB_ELF/SEGA_SYS.A(sys_sub.o)
                              ../../Compiler/COMMON/SGL_302j/LIB_ELF/SEGA_SYS.A(sys_exit.o) (SYSUB_SetStackptr)
../../Compiler/COMMON/SGL_302j/LIB_ELF/LIBCD.A(CDC_CMN.O)
                              ../../Compiler/COMMON/SGL_302j/LIB_ELF/SEGA_SYS.A(sys_exit.o) (CDC_GetCurStat)
../../Compiler/COMMON/SGL_302j/LIB_ELF/LIBCD.A(CDC_CFS.O)
                              ../../Compiler/COMMON/SGL_302j/LIB_ELF/SEGA_SYS.A(sys_exit.o) (CDC_ChgDir)
../../Compiler/COMMON/SGL_302j/LIB_ELF/LIBCD.A(CDC_REG.O)
                              ../../Compiler/COMMON/SGL_302j/LIB_ELF/SEGA_SYS.A(sys_exit.o) (CDC_GetHirqReq)
../../Compiler/COMMON/SGL_302j/LIB_ELF/LIBCD.A(CDC_SUB.O)
                              ../../Compiler/COMMON/SGL_302j/LIB_ELF/LIBCD.A(CDC_CMN.O) (CDSUB_UpdStatus)
../../Compiler/COMMON/SGL_302j/LIB_ELF/LIBCD.A(GFS.O)
                              ../../jo_engine/fs.o (symbol from plugin) (GFS_Init)
../../Compiler/COMMON/SGL_302j/LIB_ELF/LIBCD.A(GFS_BUF.O)
                              ../../Compiler/COMMON/SGL_302j/LIB_ELF/LIBCD.A(GFS.O) (GFBF_GetNumData)
../../Compiler/COMMON/SGL_302j/LIB_ELF/LIBCD.A(GFS_CDB.O)
                              ../../Compiler/COMMON/SGL_302j/LIB_ELF/LIBCD.A(GFS.O) (GFCB_Close)
../../Compiler/COMMON/SGL_302j/LIB_ELF/LIBCD.A(GFS_CDC.O)
                              ../../Compiler/COMMON/SGL_302j/LIB_ELF/LIBCD.A(GFS.O) (GFCD_SetCdbfs)
../../Compiler/COMMON/SGL_302j/LIB_ELF/LIBCD.A(GFS_CDF.O)
                              ../../Compiler/COMMON/SGL_302j/LIB_ELF/LIBCD.A(GFS.O) (GFCF_Init)
../../Compiler/COMMON/SGL_302j/LIB_ELF/LIBCD.A(GFS_DIR.O)
                              ../../Compiler/COMMON/SGL_302j/LIB_ELF/LIBCD.A(GFS.O) (GFDR_SetupDirTbl)
../../Compiler/COMMON/SGL_302j/LIB_ELF/LIBCD.A(GFS_TRN.O)
                              ../../Compiler/COMMON/SGL_302j/LIB_ELF/LIBCD.A(GFS.O) (GFTR_Setup)
../../Compiler/COMMON/SGL_302j/LIB_ELF/LIBCD.A(CDC_DRV.O)
                              ../../Compiler/COMMON/SGL_302j/LIB_ELF/LIBCD.A(GFS_CDC.O) (CDC_CdPlay)
../../Compiler/COMMON/SGL_302j/LIB_ELF/LIBCD.A(CDC_DEV.O)
                              ../../Compiler/COMMON/SGL_302j/LIB_ELF/LIBCD.A(GFS_CDC.O) (CDC_CdSetCon)
../../Compiler/COMMON/SGL_302j/LIB_ELF/LIBCD.A(CDC_SEL.O)
                              ../../Compiler/COMMON/SGL_302j/LIB_ELF/LIBCD.A(GFS_CDC.O) (CDC_SetFiltRange)
../../Compiler/COMMON/SGL_302j/LIB_ELF/LIBCD.A(CDC_BIF.O)
                              ../../Compiler/COMMON/SGL_302j/LIB_ELF/LIBCD.A(GFS_CDC.O) (CDC_GetBufSiz)
../../Compiler/COMMON/SGL_302j/LIB_ELF/LIBCD.A(CDC_BIO.O)
                              ../../Compiler/COMMON/SGL_302j/LIB_ELF/LIBCD.A(GFS_CDC.O) (CDC_SetSctLen)
../../Compiler/COMMON/SGL_302j/LIB_ELF/LIBSGL.A(sglA01.o)
                              main.o (symbol from plugin) (slSin)
../../Compiler/COMMON/SGL_302j/LIB_ELF/LIBSGL.A(sglA02.o)
                              newcol.o (symbol from plugin) (slNormalVector)
../../Compiler/COMMON/SGL_302j/LIB_ELF/LIBSGL.A(sglA04.o)
                              main.o (symbol from plugin) (slAtan)
../../Compiler/COMMON/SGL_302j/LIB_ELF/LIBSGL.A(sglA05.o)
                              main.o (symbol from plugin) (slSquartFX)
../../Compiler/COMMON/SGL_302j/LIB_ELF/LIBSGL.A(sglA06.o)
                              main.o (symbol from plugin) (slMulFX)
../../Compiler/COMMON/SGL_302j/LIB_ELF/LIBSGL.A(sglA07.o)
                              main.o (symbol from plugin) (slDivFX)
../../Compiler/COMMON/SGL_302j/LIB_ELF/LIBSGL.A(sglA08.o)
                              main.o (symbol from plugin) (slInnerProduct)
../../Compiler/COMMON/SGL_302j/LIB_ELF/LIBSGL.A(sglA10.o)
                              ../../Compiler/COMMON/SGL_302j/LIB_ELF/LIBSGL.A(sglA02.o) (slSquartDbl)
../../Compiler/COMMON/SGL_302j/LIB_ELF/LIBSGL.A(sglA15.o)
                              ../../jo_engine/slave.o (symbol from plugin) (slSlaveFunc)
../../Compiler/COMMON/SGL_302j/LIB_ELF/LIBSGL.A(sglA16.o)
                              main.o (symbol from plugin) (slLookAt)
../../Compiler/COMMON/SGL_302j/LIB_ELF/LIBSGL.A(sglA17.o)
                              ../../Compiler/COMMON/SGL_302j/LIB_ELF/LIBSGL.A(sglA16.o) (slRotZ)
../../Compiler/COMMON/SGL_302j/LIB_ELF/LIBSGL.A(sglA18.o)
                              main.o (symbol from plugin) (slRotY)
../../Compiler/COMMON/SGL_302j/LIB_ELF/LIBSGL.A(sglA19.o)
                              main.o (symbol from plugin) (slRotX)
../../Compiler/COMMON/SGL_302j/LIB_ELF/LIBSGL.A(sglA20.o)
                              ../../jo_engine/core.o (symbol from plugin) (slUnitMatrix)
../../Compiler/COMMON/SGL_302j/LIB_ELF/LIBSGL.A(sglA21.o)
                              main.o (symbol from plugin) (slPushMatrix)
[...]
Memory Configuration

Name             Origin             Length             Attributes
*default*        0x0000000000000000 0xffffffffffffffff

Linker script and memory map


SLSTART         0x0000000006004000       0x30
                0x0000000006004000                ___Start = .
 *(SLSTART)
 SLSTART        0x0000000006004000       0x28 ../../Compiler/COMMON/SGL_302j/LIB_ELF/LIBSGL.A(sglI00.o)
                0x0000000006004000                SGL_Start
                0x0000000006004002                slStartSGL

.text           0x0000000006004040    0x12360
 *(.text)
 .text          0x0000000006004040        0x0 ../../Compiler/COMMON/SGL_302j/LIB_ELF/SGLAREA.O
 .text          0x0000000006004040     0x5284 /tmp/ccuBjBx8.ltrans0.ltrans.o
 *fill*         0x00000000060092c4        0xc 
 .text          0x00000000060092d0      0x238 ../../Compiler/COMMON/SGL_302j/LIB_ELF/SEGA_SYS.A(sys_exit.o)
                0x00000000060092d0                sys_version
                0x00000000060092f0                SYS_Exit
 *fill*         0x0000000006009508        0x8 
 .text          0x0000000006009510        0x6 ../../Compiler/COMMON/SGL_302j/LIB_ELF/SEGA_SYS.A(sys_sub.o)
                0x0000000006009510                SYSUB_SetStackptr
 *fill*         0x0000000006009516        0xa 
 .text          0x0000000006009520      0x3a0 ../../Compiler/COMMON/SGL_302j/LIB_ELF/LIBCD.A(CDC_CMN.O)
                0x0000000006009520                CDC_GetCurStat
                0x0000000006009570                CDC_GetLastStat
                0x0000000006009588                CDC_GetPeriStat
                0x000000000600965c                CDC_GetHwInfo
                0x00000000060096c4                CDC_TgetToc
                0x0000000006009714                CDC_GetSes
                0x0000000006009750                CDC_CdInit
                0x00000000060097d4                CDC_CdOpen
                0x00000000060097fc                CDC_DataReady
                0x0000000006009868                CDC_DataEnd
 .text          0x00000000060098c0      0x194 ../../Compiler/COMMON/SGL_302j/LIB_ELF/LIBCD.A(CDC_CFS.O)
                0x00000000060098c0                CDC_ChgDir
                0x00000000060098f4                CDC_ReadDir
                0x0000000006009928                CDC_GetFileScope
                0x0000000006009988                CDC_TgetFileInfo
                0x00000000060099e4                CDC_ReadFile
                0x0000000006009a18                CDC_AbortFile
 *fill*         0x0000000006009a54        0xc 
 .text          0x0000000006009a60      0x2dc ../../Compiler/COMMON/SGL_302j/LIB_ELF/LIBCD.A(CDC_REG.O)
                0x0000000006009a60                CDC_GetDataPtr
                0x0000000006009a70                CDC_GetHirqReq
                0x0000000006009a84                CDC_ClrHirqReq
                0x0000000006009ab4                CDREG_ClrHirqReq
                0x0000000006009ac4                CDREG_InitHirqReq
                0x0000000006009aec                CDREG_SetHirqFlag
                0x0000000006009b00                CDC_GetHirqMsk
                0x0000000006009b14                CDC_SetHirqMsk
                0x0000000006009b24                CDC_GetMpegPtr
                0x0000000006009b34                CDREG_TgetData
                0x0000000006009b90                CDREG_CmdRsp
                0x0000000006009c90                CDREG_WaitHirq
                0x0000000006009d00                CDREG_ReadRsp
 *fill*         0x0000000006009d3c        0x4 
 .text          0x0000000006009d40      0x152 ../../Compiler/COMMON/SGL_302j/LIB_ELF/LIBCD.A(CDC_SUB.O)
                0x0000000006009d40                CDSUB_UpdStatus
                0x0000000006009d58                CDSUB_UpdCdstat
                0x0000000006009d78                CDSUB_CdCmd
                0x0000000006009de8                CDSUB_GetCdstat
                0x0000000006009e28                CDSUB_RspToCdstat
                0x0000000006009e70                CDSUB_SoftTimer
 *fill*         0x0000000006009e92        0xe 
 .text          0x0000000006009ea0     0x1adc ../../Compiler/COMMON/SGL_302j/LIB_ELF/LIBCD.A(GFS.O)
                0x0000000006009ea0                gfs_version
                0x0000000006009ec0                GFS_Init
                0x0000000006009fa8                GFS_LoadDir
                0x000000000600a050                GFS_SetDir
                0x000000000600a0b8                GFS_NameToId
                0x000000000600a11c                GFS_IdToName
                0x000000000600a188                GFS_GetDirInfo
                0x000000000600a1f8                GFS_Reset
                0x000000000600a27c                GFS_Open
                0x000000000600a330                GFS_Close
                0x000000000600a368                GFS_Seek
                0x000000000600a41c                GFS_Tell
                0x000000000600a46c                GFS_IsEof
                0x000000000600a4c0                GFS_ByteToSct
                0x000000000600a51c                GFS_GetFileSize
                0x000000000600a578                GFS_GetFileInfo
                0x000000000600a5ec                GFS_GetNumCdbuf
                0x000000000600a614                GFS_Load
                0x000000000600a6d8                GFS_Fread
                0x000000000600a774                gfs_waitRead
                0x000000000600a81c                GFS_NwFread
                0x000000000600a928                GFS_NwCdRead
                0x000000000600a9a0                GFS_NwIsComplete
                0x000000000600a9d8                GFS_NwStop
                0x000000000600aa44                GFS_NwGetStat
                0x000000000600aac0                gfs_recovRdErr
                0x000000000600aaf0                GFS_NwExecOne
                0x000000000600abb0                GFS_NwExecServer
                0x000000000600ac2c                GFS_SetGmode
                0x000000000600ac90                GFS_SetTmode
                0x000000000600acfc                GFS_SetReadPara
                0x000000000600ad60                GFS_SetTransPara
                0x000000000600adcc                GFS_SetTrFunc
                0x000000000600ae30                GFS_StartTrans
                0x000000000600ae7c                GFS_CdMovePickup
                0x000000000600aee8                GFS_SetErrFunc
                0x000000000600af14                GFS_GetErrStat
                0x000000000600af38                GFS_ConvTno
                0x000000000600af60                gfs_chgRoot
                0x000000000600b02c                gfs_aborttrans
                0x000000000600b038                gfs_mngSetupFuncTbl
                0x000000000600b06c                gfs_mngInitWork
                0x000000000600b110                gfs_mngGetNumFile
                0x000000000600b178                GFS_mngAllocGrp
                0x000000000600b1c0                gfs_mngFreeGrp
                0x000000000600b1cc                gfs_mngTermAccess
                0x000000000600b250                gfs_mngSetErrCode
                0x000000000600b2d0                gfs_svrSearchHndl
                0x000000000600b310                gfs_svrAddHndl
                0x000000000600b34c                gfs_svrRemoveHndl
                0x000000000600b3a8                GFS_OpenSub
                0x000000000600b400                gfs_loadVol
                0x000000000600b4c4                gfs_getRootDir
                0x000000000600b5c0                gfs_loadRootDir
                0x000000000600b648                gfs_flowIn
                0x000000000600b6f0                gfs_transData
                0x000000000600b794                GFS_GetFad
                0x000000000600b7ec                gfs_SetSct
                0x000000000600b82c                gfs_GetFinfo
                0x000000000600b86c                gfs_closeSub
                0x000000000600b8a8                gfs_getGmode
                0x000000000600b8b4                gfs_isTaskDone
                0x000000000600b908                gfs_convFinStat
 *fill*         0x000000000600b97c        0x4 
 .text          0x000000000600b980      0x106 ../../Compiler/COMMON/SGL_302j/LIB_ELF/LIBCD.A(GFS_BUF.O)
                0x000000000600b9b0                GFBF_GetTranData
                0x000000000600b9d8                GFBF_GetNumData
                0x000000000600ba08                GFBF_GetSrcPk
                0x000000000600ba30                GFBF_GetSctData
                0x000000000600ba54                GFBF_RtnPk
                0x000000000600ba7c                gfbf_getSctDt
 *fill*         0x000000000600ba86        0xa 
 .text          0x000000000600ba90      0x600 ../../Compiler/COMMON/SGL_302j/LIB_ELF/LIBCD.A(GFS_CDB.O)
                0x000000000600ba90                GFCB_Setup
                0x000000000600bbb0                GFCB_Close
                0x000000000600bbd8                GFCB_GetLenData
                0x000000000600bc84                GFCB_GetLenRoom
                0x000000000600bc90                GFCB_SetFilt
                0x000000000600bcf8                GFCB_DeleteAllData
                0x000000000600bd20                GFCB_Tell
                0x000000000600bd30                gfcb_getSctNum
                0x000000000600bd80                GFCB_Seek
                0x000000000600be7c                GFCB_GetSrcPack
                0x000000000600bf5c                GFCB_GetSctData
                0x000000000600bf94                GFCB_GetDstPack
                0x000000000600bfa0                GFCB_RtnPk
                0x000000000600bfe8                GFCB_MovePickup
                0x000000000600c004                GFCB_SetCon
                0x000000000600c038                GFCB_GetPickup
                0x000000000600c060                GFCB_IsPuOwner
                0x000000000600c078                GFCB_UngetPickup
 .text          0x000000000600c090     0x1a10 ../../Compiler/COMMON/SGL_302j/LIB_ELF/LIBCD.A(GFS_CDC.O)
                0x000000000600c090                GFCD_SetCdbfs
                0x000000000600c0bc                GFCD_Init
                0x000000000600c2c0                GFCD_AllocFilt
                0x000000000600c2fc                GFCD_FreeFilt
                0x000000000600c32c                GFCD_AllocBuf
                0x000000000600c360                GFCD_FreeBuf
                0x000000000600c404                GFCD_GetBaseFad
                0x000000000600c438                GFCD_GetPickup
                0x000000000600c46c                GFCD_UngetPickup
                0x000000000600c498                GFCD_IsPuOwner
                0x000000000600c4bc                GFCD_SetFilt
                0x000000000600c580                GFCD_GetFilt
                0x000000000600c5c8                GFCD_SetCon
                0x000000000600c620                GFCD_Play
                0x000000000600c680                GFCD_GetLenData
                0x000000000600c6e8                GFCD_ReqData
                0x000000000600c744                GFCD_EndData
                0x000000000600c78c                GFCD_DelSctData
                0x000000000600c7e4                GFCD_CheckDelSctData
                0x000000000600c814                GFCD_GetStat
                0x000000000600c8c8                GFCD_MovePickup
                0x000000000600c914                GFCD_MoveSctData
                0x000000000600c988                GFCD_CheckMove
                0x000000000600c9ac                GFCD_GetSctInfo
                0x000000000600c9f4                GFCD_ChgDir
                0x000000000600ca68                GFCD_SetFiltCon
                0x000000000600cb50                GFCD_GetFileInfo
                0x000000000600cc2c                GFCD_GetBufSiz
                0x000000000600cc64                GFCD_ExecServer
                0x000000000600cd38                gfcd_isIdleTask
                0x000000000600cdc4                gfcd_doTask
                0x000000000600ce70                GFCD_SetTimer
                0x000000000600ce84                GFCD_WaitServer
                0x000000000600cec0                gfcd_doSetFiltTsk
                0x000000000600d084                gfcd_doSetConTsk
                0x000000000600d114                gfcd_doGetLenDataTsk
                0x000000000600d268                gfcd_doReqDataTsk
                0x000000000600d308                gfcd_doDelSctDataTsk
                0x000000000600d43c                gfcd_doMoveSctTsk
                0x000000000600d5a0                gfcd_doChgDirTsk
                0x000000000600d79c                gfcd_doSetFiltConTsk
                0x000000000600d8e0                gfcd_checkEflag
                0x000000000600d904                gfcd_initCdbMng
                0x000000000600d984                gfcd_setStat
                0x000000000600d9b0                GFCD_SetCsctFunc
                0x000000000600d9cc                GFCD_ChkScdqFlag
                0x000000000600d9f0                GFCD_ClrScdqFlag
                0x000000000600da0c                GFCD_WaitScdqFlag
                0x000000000600da50                GFCD_WaitPause
 .text          0x000000000600daa0      0x8d8 ../../Compiler/COMMON/SGL_302j/LIB_ELF/LIBCD.A(GFS_CDF.O)
                0x000000000600daa0                GFCF_Init
                0x000000000600db40                GFCF_Setup
                0x000000000600dc88                GFCF_SetSct
                0x000000000600dccc                GFCF_GetFileInfo
                0x000000000600dd40                GFCF_FlowInBuf
                0x000000000600de94                GFCF_StopInBuf
                0x000000000600df34                GFCF_Recover
                0x000000000600df7c                GFCF_Tell
                0x000000000600df94                GFCF_Seek
                0x000000000600dfac                GFCF_MovePickup
                0x000000000600e048                GFCF_cnvIntlvOfs
                0x000000000600e09c                GFCF_GetStat
                0x000000000600e134                gfcf_getSctSize
                0x000000000600e170                gfcf_isCdOk
                0x000000000600e230                gfcf_getPlayRange
 *fill*         0x000000000600e378        0x8 
 .text          0x000000000600e380      0x92c ../../Compiler/COMMON/SGL_302j/LIB_ELF/LIBCD.A(GFS_DIR.O)
                0x000000000600e380                GFDR_SetupDirTbl
                0x000000000600e3f4                GFDR_NameToId
                0x000000000600e454                GFDR_GetInfoDirId
                0x000000000600e468                GFDR_GetInfoDirName
                0x000000000600e47c                GFDR_GetAtrDirId
                0x000000000600e494                GFDR_GetAtrDirName
                0x000000000600e4ac                GFDR_ChgRoot
                0x000000000600e4c4                GFDR_ChgDir
                0x000000000600e538                gfdr_setupDirIdTbl
                0x000000000600e5bc                gfdr_setupDirNameTbl
                0x000000000600e668                gfdr_open
                0x000000000600e690                gfdr_read
                0x000000000600e750                gfdr_readByte
                0x000000000600e77c                gfdr_readWord
                0x000000000600e7a8                gfdr_readWordNB
                0x000000000600e7fc                gfdr_readLongNB
                0x000000000600e848                gfdr_readLongNM
                0x000000000600e870                gfdr_setNextRec
                0x000000000600e8f4                gfdr_readDirEnt
                0x000000000600ec70                gfdr_setDirrecCd
 *fill*         0x000000000600ecac        0x4 
 .text          0x000000000600ecb0      0x9c6 ../../Compiler/COMMON/SGL_302j/LIB_ELF/LIBCD.A(GFS_TRN.O)
                0x000000000600ece0                GFTR_Setup
                0x000000000600ed24                GFTR_SetMode
                0x000000000600ed38                GFTR_SetUnit
                0x000000000600ed44                GFTR_SetTransPara
                0x000000000600ed78                GFTR_GetTransPara
                0x000000000600ed84                GFTR_GetNumTrans
                0x000000000600ed90                GFTR_SetTransMax
                0x000000000600ed9c                GFTR_Start
                0x000000000600eda8                GFTR_Pause
                0x000000000600edb4                GFTR_Stop
                0x000000000600ee6c                GFTR_Exec
                0x000000000600eef0                GFTR_Idle
                0x000000000600ef68                GFTR_ExecSvr
                0x000000000600f070                gftr_getSrcPack
                0x000000000600f0f8                gftr_getDstPack
                0x000000000600f154                gftr_reqScu
                0x000000000600f160                gftr_execScu
                0x000000000600f1fc                gftr_remScu
                0x000000000600f230                gfdma_canUse
                0x000000000600f23c                gfdma_exec
                0x000000000600f2ac                gfdma_getBytecnt
                0x000000000600f2e4                gftr_reqDma0
                0x000000000600f2fc                gftr_execSdma0
                0x000000000600f320                gftr_remDma0
                0x000000000600f338                gftr_reqDma1
                0x000000000600f350                gftr_execSdma1
                0x000000000600f374                gftr_remDma1
                0x000000000600f38c                gftr_reqCpu
                0x000000000600f398                gftr_execCpu
                0x000000000600f3d8                gftr_remCpu
                0x000000000600f3e4                gftr_reqTrn
                0x000000000600f454                gftr_execTrn
                0x000000000600f52c                gftr_remTrn
                0x000000000600f5a0                gftr_copyFrac
                0x000000000600f5c8                GFTR_GetLenData
                0x000000000600f5d4                GFTR_GetLenRoom
                0x000000000600f5ec                GFTR_GetDstPack
                0x000000000600f620                GFTR_RtnDstPk
                0x000000000600f63c                GFTR_GetData
                0x000000000600f650                GFTR_SetData
                0x000000000600f664                GFTR_SetTransFunc
 *fill*         0x000000000600f676        0xa 
 .text          0x000000000600f680      0x130 ../../Compiler/COMMON/SGL_302j/LIB_ELF/LIBCD.A(CDC_DRV.O)
                0x000000000600f680                CDC_CdPlay
                0x000000000600f74c                CDC_CdSeek
                0x000000000600f780                CDC_CdScan
 .text          0x000000000600f7b0       0xa8 ../../Compiler/COMMON/SGL_302j/LIB_ELF/LIBCD.A(CDC_DEV.O)
                0x000000000600f7b0                CDC_CdSetCon
                0x000000000600f7e0                CDC_CdGetCon
                0x000000000600f81c                CDC_CdGetLastBuf
 *fill*         0x000000000600f858        0x8 
 .text          0x000000000600f860      0x2b8 ../../Compiler/COMMON/SGL_302j/LIB_ELF/LIBCD.A(CDC_SEL.O)
                0x000000000600f860                CDC_SetFiltRange
                0x000000000600f894                CDC_GetFiltRange
                0x000000000600f8ec                CDC_SetFiltSubh
                0x000000000600f95c                CDC_GetFiltSubh
                0x000000000600f9d8                CDC_SetFiltMode
                0x000000000600fa0c                CDC_GetFiltMode
                0x000000000600fa50                CDC_SetFiltCon
                0x000000000600fa90                CDC_GetFiltCon
                0x000000000600fae4                CDC_ResetSelector
 *fill*         0x000000000600fb18        0x8 
 .text          0x000000000600fb20      0x270 ../../Compiler/COMMON/SGL_302j/LIB_ELF/LIBCD.A(CDC_BIF.O)
                0x000000000600fb20                CDC_GetBufSiz
                0x000000000600fb7c                CDC_GetSctNum
                0x000000000600fbc0                CDC_CalActSiz
                0x000000000600fbfc                CDC_GetActSiz
                0x000000000600fc7c                CDC_GetSctInfo
                0x000000000600fcfc                CDC_ExeFadSearch
                0x000000000600fd34                CDC_GetFadSearch
 .text          0x000000000600fd90      0x1e4 ../../Compiler/COMMON/SGL_302j/LIB_ELF/LIBCD.A(CDC_BIO.O)
                0x000000000600fd90                CDC_SetSctLen
                0x000000000600fdc4                CDC_GetSctData
                0x000000000600fe00                CDC_DelSctData
                0x000000000600fe3c                CDC_GetdelSctData
                0x000000000600fe78                CDC_PutSctData
                0x000000000600feb0                CDC_CopySctData
                0x000000000600fef4                CDC_MoveSctData
                0x000000000600ff38                CDC_GetCopyErr
 *fill*         0x000000000600ff74        0xc 
 .text          0x000000000600ff80        0x0 ../../Compiler/COMMON/SGL_302j/LIB_ELF/LIBSGL.A(sglA01.o)
 .text          0x000000000600ff80        0x0 ../../Compiler/COMMON/SGL_302j/LIB_ELF/LIBSGL.A(sglA02.o)
 .text          0x000000000600ff80        0x0 ../../Compiler/COMMON/SGL_302j/LIB_ELF/LIBSGL.A(sglA04.o)
 .text          0x000000000600ff80        0x0 ../../Compiler/COMMON/SGL_302j/LIB_ELF/LIBSGL.A(sglA05.o)
 .text          0x000000000600ff80        0x0 ../../Compiler/COMMON/SGL_302j/LIB_ELF/LIBSGL.A(sglA06.o)
 .text          0x000000000600ff80        0x0 ../../Compiler/COMMON/SGL_302j/LIB_ELF/LIBSGL.A(sglA07.o)
 .text          0x000000000600ff80        0x0 ../../Compiler/COMMON/SGL_302j/LIB_ELF/LIBSGL.A(sglA08.o)
 .text          0x000000000600ff80        0x0 ../../Compiler/COMMON/SGL_302j/LIB_ELF/LIBSGL.A(sglA10.o)
 .text          0x000000000600ff80        0x0 ../../Compiler/COMMON/SGL_302j/LIB_ELF/LIBSGL.A(sglA15.o)
 .text          0x000000000600ff80        0x0 ../../Compiler/COMMON/SGL_302j/LIB_ELF/LIBSGL.A(sglA16.o)
 .text          0x000000000600ff80        0x0 ../../Compiler/COMMON/SGL_302j/LIB_ELF/LIBSGL.A(sglA17.o)
 .text          0x000000000600ff80        0x0 ../../Compiler/COMMON/SGL_302j/LIB_ELF/LIBSGL.A(sglA18.o)
 .text          0x000000000600ff80        0x0 ../../Compiler/COMMON/SGL_302j/LIB_ELF/LIBSGL.A(sglA19.o)
 .text          0x000000000600ff80        0x0 ../../Compiler/COMMON/SGL_302j/LIB_ELF/LIBSGL.A(sglA20.o)
 .text          0x000000000600ff80        0x0 ../../Compiler/COMMON/SGL_302j/LIB_ELF/LIBSGL.A(sglA21.o)
 .text          0x000000000600ff80        0x0 ../../Compiler/COMMON/SGL_302j/LIB_ELF/LIBSGL.A(sglA27.o)
 .text          0x000000000600ff80        0x0 ../../Compiler/COMMON/SGL_302j/LIB_ELF/LIBSGL.A(sglA28.o)
 .text          0x000000000600ff80        0x0 ../../Compiler/COMMON/SGL_302j/LIB_ELF/LIBSGL.A(sglB001.o)
 .text          0x000000000600ff80        0x0 ../../Compiler/COMMON/SGL_302j/LIB_ELF/LIBSGL.A(sglB011.o)
 .text          0x000000000600ff80        0x0 ../../Compiler/COMMON/SGL_302j/LIB_ELF/LIBSGL.A(sglB014.o)
 .text          0x000000000600ff80        0x0 ../../Compiler/COMMON/SGL_302j/LIB_ELF/LIBSGL.A(sglB015.o)
 .text          0x000000000600ff80        0x0 ../../Compiler/COMMON/SGL_302j/LIB_ELF/LIBSGL.A(sglB016.o)
 .text          0x000000000600ff80        0x0 ../../Compiler/COMMON/SGL_302j/LIB_ELF/LIBSGL.A(sglB020.o)
 .text          0x000000000600ff80        0x0 ../../Compiler/COMMON/SGL_302j/LIB_ELF/LIBSGL.A(sglB021.o)
 .text          0x000000000600ff80        0x0 ../../Compiler/COMMON/SGL_302j/LIB_ELF/LIBSGL.A(sglB023.o)
 .text          0x000000000600ff80        0x0 ../../Compiler/COMMON/SGL_302j/LIB_ELF/LIBSGL.A(sglB032.o)
 .text          0x000000000600ff80        0x0 ../../Compiler/COMMON/SGL_302j/LIB_ELF/LIBSGL.A(sglB035.o)
 .text          0x000000000600ff80        0x0 ../../Compiler/COMMON/SGL_302j/LIB_ELF/LIBSGL.A(sglB036.o)
 .text          0x000000000600ff80        0x0 ../../Compiler/COMMON/SGL_302j/LIB_ELF/LIBSGL.A(sglB038.o)
 .text          0x000000000600ff80        0x0 ../../Compiler/COMMON/SGL_302j/LIB_ELF/LIBSGL.A(sglB039.o)
 .text          0x000000000600ff80        0x0 ../../Compiler/COMMON/SGL_302j/LIB_ELF/LIBSGL.A(sglB040.o)
 .text          0x000000000600ff80        0x0 ../../Compiler/COMMON/SGL_302j/LIB_ELF/LIBSGL.A(sglB041.o)
 .text          0x000000000600ff80        0x0 ../../Compiler/COMMON/SGL_302j/LIB_ELF/LIBSGL.A(sglB042.o)
 .text          0x000000000600ff80        0x0 ../../Compiler/COMMON/SGL_302j/LIB_ELF/LIBSGL.A(sglB043.o)
 .text          0x000000000600ff80        0x0 ../../Compiler/COMMON/SGL_302j/LIB_ELF/LIBSGL.A(sglB044.o)
 .text          0x000000000600ff80        0x0 ../../Compiler/COMMON/SGL_302j/LIB_ELF/LIBSGL.A(sglB045.o)
 .text          0x000000000600ff80        0x0 ../../Compiler/COMMON/SGL_302j/LIB_ELF/LIBSGL.A(sglB047.o)
 .text          0x000000000600ff80        0x0 ../../Compiler/COMMON/SGL_302j/LIB_ELF/LIBSGL.A(sglB048.o)
 .text          0x000000000600ff80        0x0 ../../Compiler/COMMON/SGL_302j/LIB_ELF/LIBSGL.A(sglB056.o)
 .text          0x000000000600ff80        0x0 ../../Compiler/COMMON/SGL_302j/LIB_ELF/LIBSGL.A(sglB059.o)
 .text          0x000000000600ff80        0x0 ../../Compiler/COMMON/SGL_302j/LIB_ELF/LIBSGL.A(sglB060.o)
 .text          0x000000000600ff80        0x0 ../../Compiler/COMMON/SGL_302j/LIB_ELF/LIBSGL.A(sglB063.o)
 .text          0x000000000600ff80        0x0 ../../Compiler/COMMON/SGL_302j/LIB_ELF/LIBSGL.A(sglB087.o)
 .text          0x000000000600ff80        0x0 ../../Compiler/COMMON/SGL_302j/LIB_ELF/LIBSGL.A(sglB088.o)
 .text          0x000000000600ff80        0x0 ../../Compiler/COMMON/SGL_302j/LIB_ELF/LIBSGL.A(sglB090.o)
 .text          0x000000000600ff80        0x0 ../../Compiler/COMMON/SGL_302j/LIB_ELF/LIBSGL.A(sglB200.o)
 .text          0x000000000600ff80        0x0 ../../Compiler/COMMON/SGL_302j/LIB_ELF/LIBSGL.A(sglC04.o)
 .text          0x000000000600ff80        0x0 ../../Compiler/COMMON/SGL_302j/LIB_ELF/LIBSGL.A(sglC05.o)
 .text          0x000000000600ff80        0x0 ../../Compiler/COMMON/SGL_302j/LIB_ELF/LIBSGL.A(sglC06.o)
 .text          0x000000000600ff80        0x0 ../../Compiler/COMMON/SGL_302j/LIB_ELF/LIBSGL.A(sglC07.o)
 .text          0x000000000600ff80        0x0 ../../Compiler/COMMON/SGL_302j/LIB_ELF/LIBSGL.A(sglC08.o)
 .text          0x000000000600ff80        0x0 ../../Compiler/COMMON/SGL_302j/LIB_ELF/LIBSGL.A(sglC17.o)
 .text          0x000000000600ff80        0x0 ../../Compiler/COMMON/SGL_302j/LIB_ELF/LIBSGL.A(sglC19.o)
 .text          0x000000000600ff80        0x0 ../../Compiler/COMMON/SGL_302j/LIB_ELF/LIBSGL.A(sglC20.o)
 .text          0x000000000600ff80        0x0 ../../Compiler/COMMON/SGL_302j/LIB_ELF/LIBSGL.A(sglC21.o)
 .text          0x000000000600ff80        0x0 ../../Compiler/COMMON/SGL_302j/LIB_ELF/LIBSGL.A(sglD00.o)
 .text          0x000000000600ff80        0x0 ../../Compiler/COMMON/SGL_302j/LIB_ELF/LIBSGL.A(sglD01.o)
 .text          0x000000000600ff80        0x0 ../../Compiler/COMMON/SGL_302j/LIB_ELF/LIBSGL.A(sglD03.o)
 .text          0x000000000600ff80        0x0 ../../Compiler/COMMON/SGL_302j/LIB_ELF/LIBSGL.A(sglD15.o)
 .text          0x000000000600ff80        0x0 ../../Compiler/COMMON/SGL_302j/LIB_ELF/LIBSGL.A(sglD16.o)
 .text          0x000000000600ff80        0x0 ../../Compiler/COMMON/SGL_302j/LIB_ELF/LIBSGL.A(sglD17.o)
 .text          0x000000000600ff80        0x0 ../../Compiler/COMMON/SGL_302j/LIB_ELF/LIBSGL.A(sglD18.o)
 .text          0x000000000600ff80        0x0 ../../Compiler/COMMON/SGL_302j/LIB_ELF/LIBSGL.A(sglF00.o)
 .text          0x000000000600ff80        0x0 ../../Compiler/COMMON/SGL_302j/LIB_ELF/LIBSGL.A(sglF03.o)
 .text          0x000000000600ff80        0x0 ../../Compiler/COMMON/SGL_302j/LIB_ELF/LIBSGL.A(sglF05.o)
 .text          0x000000000600ff80        0x0 ../../Compiler/COMMON/SGL_302j/LIB_ELF/LIBSGL.A(sglF08.o)
 .text          0x000000000600ff80        0x0 ../../Compiler/COMMON/SGL_302j/LIB_ELF/LIBSGL.A(sglH00.o)
 .text          0x000000000600ff80        0x0 ../../Compiler/COMMON/SGL_302j/LIB_ELF/LIBSGL.A(sglH01.o)
 .text          0x000000000600ff80        0x0 ../../Compiler/COMMON/SGL_302j/LIB_ELF/LIBSGL.A(sglH02.o)
 .text          0x000000000600ff80        0x0 ../../Compiler/COMMON/SGL_302j/LIB_ELF/LIBSGL.A(sglH04.o)
 .text          0x000000000600ff80        0x0 ../../Compiler/COMMON/SGL_302j/LIB_ELF/LIBSGL.A(sglI01.o)
 .text          0x000000000600ff80        0x0 ../../Compiler/COMMON/SGL_302j/LIB_ELF/LIBSGL.A(sglI04.o)
 .text          0x000000000600ff80      0x128 ../../Compiler/COMMON/SGL_302j/LIB_ELF/LIBSGL.A(sglIc0.o)
                0x000000000600ff80                slInitSystem
 *fill*         0x00000000060100a8        0x8 
 .text          0x00000000060100b0        0x0 ../../Compiler/COMMON/SGL_302j/LIB_ELF/LIBSGL.A(sglJ00.o)
 .text          0x00000000060100b0        0x0 ../../Compiler/COMMON/SGL_302j/LIB_ELF/LIBSGL.A(sglJ01.o)
 .text          0x00000000060100b0        0x0 ../../Compiler/COMMON/SGL_302j/LIB_ELF/LIBSGL.A(sglJ02.o)
 .text          0x00000000060100b0        0x0 ../../Compiler/COMMON/SGL_302j/LIB_ELF/LIBSGL.A(sglJ03.o)
 .text          0x00000000060100b0        0x0 ../../Compiler/COMMON/SGL_302j/LIB_ELF/LIBSGL.A(sglJ04.o)
 .text          0x00000000060100b0        0x0 ../../Compiler/COMMON/SGL_302j/LIB_ELF/LIBSGL.A(sglJ05.o)
 .text          0x00000000060100b0        0x0 ../../Compiler/COMMON/SGL_302j/LIB_ELF/LIBSGL.A(sglK01.o)
 .text          0x00000000060100b0        0x0 ../../Compiler/COMMON/SGL_302j/LIB_ELF/LIBSGL.A(sglM00.o)
 .text          0x00000000060100b0        0x0 ../../Compiler/COMMON/SGL_302j/LIB_ELF/LIBSGL.A(sglM01.o)
 .text          0x00000000060100b0        0x0 ../../Compiler/COMMON/SGL_302j/LIB_ELF/LIBSGL.A(sglA00.o)
 .text          0x00000000060100b0        0x0 ../../Compiler/COMMON/SGL_302j/LIB_ELF/LIBSGL.A(sglA24.o)
 .text          0x00000000060100b0        0x0 ../../Compiler/COMMON/SGL_302j/LIB_ELF/LIBSGL.A(sglA25.o)
 .text          0x00000000060100b0        0x0 ../../Compiler/COMMON/SGL_302j/LIB_ELF/LIBSGL.A(sglA40.o)
 .text          0x00000000060100b0        0x0 ../../Compiler/COMMON/SGL_302j/LIB_ELF/LIBSGL.A(sglB000.o)
 .text          0x00000000060100b0        0x0 ../../Compiler/COMMON/SGL_302j/LIB_ELF/LIBSGL.A(sglC00.o)
 .text          0x00000000060100b0        0x0 ../../Compiler/COMMON/SGL_302j/LIB_ELF/LIBSGL.A(sglC13.o)
 .text          0x00000000060100b0        0x0 ../../Compiler/COMMON/SGL_302j/LIB_ELF/LIBSGL.A(sglD19.o)
 .text          0x00000000060100b0        0x0 ../../Compiler/COMMON/SGL_302j/LIB_ELF/LIBSGL.A(sglI00.o)
 .text          0x00000000060100b0        0x0 ../../Compiler/COMMON/SGL_302j/LIB_ELF/LIBSGL.A(sglH03.o)
 .text          0x00000000060100b0       0x52 /home/ash/Documents/joengine-master/Compiler/LINUX/bin/../lib/gcc/sh-none-elf/8.2.0/libgcc.a(_ashiftrt.o)
                0x00000000060100b0                __ashiftrt_r4_31
                0x00000000060100b0                __ashiftrt_r4_32
                0x00000000060100b6                __ashiftrt_r4_30
                0x00000000060100b8                __ashiftrt_r4_29
                0x00000000060100ba                __ashiftrt_r4_28
                0x00000000060100bc                __ashiftrt_r4_27
                0x00000000060100be                __ashiftrt_r4_26
                0x00000000060100c0                __ashiftrt_r4_25
                0x00000000060100c2                __ashiftrt_r4_24
                0x00000000060100ca                __ashiftrt_r4_23
                0x00000000060100cc                __ashiftrt_r4_22
                0x00000000060100ce                __ashiftrt_r4_21
                0x00000000060100d0                __ashiftrt_r4_20
                0x00000000060100d2                __ashiftrt_r4_19
                0x00000000060100d4                __ashiftrt_r4_18
                0x00000000060100d6                __ashiftrt_r4_17
                0x00000000060100d8                __ashiftrt_r4_16
                0x00000000060100de                __ashiftrt_r4_15
                0x00000000060100e0                __ashiftrt_r4_14
                0x00000000060100e2                __ashiftrt_r4_13
                0x00000000060100e4                __ashiftrt_r4_12
                0x00000000060100e6                __ashiftrt_r4_11
                0x00000000060100e8                __ashiftrt_r4_10
                0x00000000060100ea                __ashiftrt_r4_9
                0x00000000060100ec                __ashiftrt_r4_8
                0x00000000060100ee                __ashiftrt_r4_7
                0x00000000060100f0                __ashiftrt_r4_6
                0x00000000060100f2                __ashiftrt_r4_5
                0x00000000060100f4                __ashiftrt_r4_4
                0x00000000060100f6                __ashiftrt_r4_3
                0x00000000060100f8                __ashiftrt_r4_2
                0x00000000060100fa                __ashiftrt_r4_1
                0x00000000060100fe                __ashiftrt_r4_0
 *fill*         0x0000000006010102        0x2 
 .text          0x0000000006010104       0xa0 /home/ash/Documents/joengine-master/Compiler/LINUX/bin/../lib/gcc/sh-none-elf/8.2.0/libgcc.a(_sdivsi3.o)
                0x0000000006010104                __sdivsi3
 .text          0x00000000060101a4       0x6c /home/ash/Documents/joengine-master/Compiler/LINUX/bin/../lib/gcc/sh-none-elf/8.2.0/libgcc.a(_udivsi3.o)
                0x00000000060101c6                __udivsi3
 .text          0x0000000006010210      0x134 /home/ash/Documents/joengine-master/Compiler/LINUX/bin/../lib/gcc/sh-none-elf/8.2.0/libgcc.a(_mul_sf.o)
                0x0000000006010210                __mulsf3
 .text          0x0000000006010344       0xdc /home/ash/Documents/joengine-master/Compiler/LINUX/bin/../lib/gcc/sh-none-elf/8.2.0/libgcc.a(_div_sf.o)
                0x0000000006010344                __divsf3
 .text          0x0000000006010420       0x4c /home/ash/Documents/joengine-master/Compiler/LINUX/bin/../lib/gcc/sh-none-elf/8.2.0/libgcc.a(_ge_sf.o)
                0x0000000006010420                __gesf2
 .text          0x000000000601046c       0x84 /home/ash/Documents/joengine-master/Compiler/LINUX/bin/../lib/gcc/sh-none-elf/8.2.0/libgcc.a(_si_to_sf.o)
                0x000000000601046c                __floatsisf
 .text          0x00000000060104f0       0x7c /home/ash/Documents/joengine-master/Compiler/LINUX/bin/../lib/gcc/sh-none-elf/8.2.0/libgcc.a(_sf_to_si.o)
                0x00000000060104f0                __fixsfsi
 .text          0x000000000601056c       0x3c /home/ash/Documents/joengine-master/Compiler/LINUX/bin/../lib/gcc/sh-none-elf/8.2.0/libgcc.a(_sf_to_df.o)
                0x000000000601056c                __extendsfdf2
 .text          0x00000000060105a8        0x0 /home/ash/Documents/joengine-master/Compiler/LINUX/bin/../lib/gcc/sh-none-elf/8.2.0/libgcc.a(_thenan_sf.o)
 .text          0x00000000060105a8       0x94 /home/ash/Documents/joengine-master/Compiler/LINUX/bin/../lib/gcc/sh-none-elf/8.2.0/libgcc.a(_usi_to_sf.o)
                0x00000000060105a8                __floatunsisf
 .text          0x000000000601063c       0x28 /home/ash/Documents/joengine-master/Compiler/LINUX/bin/../lib/gcc/sh-none-elf/8.2.0/libgcc.a(_make_df.o)
                0x000000000601063c                __make_dp
 .text          0x0000000006010664      0x114 /home/ash/Documents/joengine-master/Compiler/LINUX/bin/../lib/gcc/sh-none-elf/8.2.0/libgcc.a(_pack_sf.o)
                0x0000000006010664                __pack_f
 .text          0x0000000006010778       0xa0 /home/ash/Documents/joengine-master/Compiler/LINUX/bin/../lib/gcc/sh-none-elf/8.2.0/libgcc.a(_unpack_sf.o)
                0x0000000006010778                __unpack_f
 .text          0x0000000006010818       0xa8 /home/ash/Documents/joengine-master/Compiler/LINUX/bin/../lib/gcc/sh-none-elf/8.2.0/libgcc.a(_fpcmp_parts_sf.o)
                0x0000000006010818                __fpcmp_parts_f
 .text          0x00000000060108c0       0x1e /home/ash/Documents/joengine-master/Compiler/LINUX/bin/../lib/gcc/sh-none-elf/8.2.0/../../../../sh-none-elf/lib/libc.a(lib_a-memcmp.o)
                0x00000000060108c0                memcmp
 *fill*         0x00000000060108de        0x2 
 .text          0x00000000060108e0       0x94 /home/ash/Documents/joengine-master/Compiler/LINUX/bin/../lib/gcc/sh-none-elf/8.2.0/../../../../sh-none-elf/lib/libc.a(lib_a-memcpy.o)
                0x00000000060108e0                memcpy
 .text          0x0000000006010974       0x40 /home/ash/Documents/joengine-master/Compiler/LINUX/bin/../lib/gcc/sh-none-elf/8.2.0/../../../../sh-none-elf/lib/libc.a(lib_a-memset.o)
                0x0000000006010974                memset
 .text          0x00000000060109b4       0x8c /home/ash/Documents/joengine-master/Compiler/LINUX/bin/../lib/gcc/sh-none-elf/8.2.0/../../../../sh-none-elf/lib/libc.a(lib_a-sprintf.o)
                0x00000000060109b4                _sprintf_r
                0x00000000060109f4                sprintf
 .text          0x0000000006010a40       0x2a /home/ash/Documents/joengine-master/Compiler/LINUX/bin/../lib/gcc/sh-none-elf/8.2.0/../../../../sh-none-elf/lib/libc.a(lib_a-strncmp.o)
                0x0000000006010a40                strncmp
 .text          0x0000000006010a6a       0x32 /home/ash/Documents/joengine-master/Compiler/LINUX/bin/../lib/gcc/sh-none-elf/8.2.0/../../../../sh-none-elf/lib/libc.a(lib_a-strncpy.o)
                0x0000000006010a6a                strncpy
 .text          0x0000000006010a9c     0x1378 /home/ash/Documents/joengine-master/Compiler/LINUX/bin/../lib/gcc/sh-none-elf/8.2.0/../../../../sh-none-elf/lib/libc.a(lib_a-svfprintf.o)
                0x0000000006010a9c                _svfprintf_r
 .text          0x0000000006011e14      0xef4 /home/ash/Documents/joengine-master/Compiler/LINUX/bin/../lib/gcc/sh-none-elf/8.2.0/../../../../sh-none-elf/lib/libc.a(lib_a-dtoa.o)
                0x0000000006011f48                _dtoa_r
 .text          0x0000000006012d08        0x0 /home/ash/Documents/joengine-master/Compiler/LINUX/bin/../lib/gcc/sh-none-elf/8.2.0/../../../../sh-none-elf/lib/libc.a(lib_a-impure.o)
 .text          0x0000000006012d08       0x40 /home/ash/Documents/joengine-master/Compiler/LINUX/bin/../lib/gcc/sh-none-elf/8.2.0/../../../../sh-none-elf/lib/libc.a(lib_a-localeconv.o)
                0x0000000006012d08                __localeconv_l
                0x0000000006012d10                _localeconv_r
                0x0000000006012d2c                localeconv
 .text          0x0000000006012d48       0xa8 /home/ash/Documents/joengine-master/Compiler/LINUX/bin/../lib/gcc/sh-none-elf/8.2.0/../../../../sh-none-elf/lib/libc.a(lib_a-locale.o)
                0x0000000006012d48                _setlocale_r
                0x0000000006012d94                __locale_mb_cur_max
                0x0000000006012db4                __locale_ctype_ptr_l
                0x0000000006012dbe                __locale_ctype_ptr
                0x0000000006012ddc                setlocale
 .text          0x0000000006012df0       0x4c /home/ash/Documents/joengine-master/Compiler/LINUX/bin/../lib/gcc/sh-none-elf/8.2.0/../../../../sh-none-elf/lib/libc.a(lib_a-mbtowc_r.o)
                0x0000000006012df0                _mbtowc_r
                0x0000000006012e14                __ascii_mbtowc
 .text          0x0000000006012e3c       0x1c /home/ash/Documents/joengine-master/Compiler/LINUX/bin/../lib/gcc/sh-none-elf/8.2.0/../../../../sh-none-elf/lib/libc.a(lib_a-memchr.o)
                0x0000000006012e3c                memchr
 .text          0x0000000006012e58      0xa9c /home/ash/Documents/joengine-master/Compiler/LINUX/bin/../lib/gcc/sh-none-elf/8.2.0/../../../../sh-none-elf/lib/libc.a(lib_a-mprec.o)
                0x0000000006012e58                _Balloc
                0x0000000006012ecc                _Bfree
                0x0000000006012ee4                __multadd
                0x0000000006012f8c                __s2b
                0x000000000601304c                __hi0bits
                0x00000000060130a0                __lo0bits
                0x0000000006013104                __i2b
                0x0000000006013120                __multiply
                0x0000000006013264                __pow5mult
                0x0000000006013320                __lshift
                0x0000000006013414                __mcmp
                0x000000000601344c                __mdiff
                0x0000000006013528                __ulp
                0x0000000006013594                __b2d
                0x000000000601367c                __d2b
                0x0000000006013768                __ratio
                0x00000000060137ec                _mprec_log10
                0x0000000006013844                __copybits
                0x0000000006013888                __any_on
 .text          0x00000000060138f4       0x34 /home/ash/Documents/joengine-master/Compiler/LINUX/bin/../lib/gcc/sh-none-elf/8.2.0/../../../../sh-none-elf/lib/libc.a(lib_a-nano-callocr.o)
                0x00000000060138f4                _calloc_r
 .text          0x0000000006013928       0xf4 /home/ash/Documents/joengine-master/Compiler/LINUX/bin/../lib/gcc/sh-none-elf/8.2.0/../../../../sh-none-elf/lib/libc.a(lib_a-nano-mallocr.o)
                0x0000000006013928                _malloc_r
 .text          0x0000000006013a1c       0x30 /home/ash/Documents/joengine-master/Compiler/LINUX/bin/../lib/gcc/sh-none-elf/8.2.0/../../../../sh-none-elf/lib/libc.a(lib_a-sbrkr.o)
                0x0000000006013a1c                _sbrk_r
 .text          0x0000000006013a4c       0x38 /home/ash/Documents/joengine-master/Compiler/LINUX/bin/../lib/gcc/sh-none-elf/8.2.0/../../../../sh-none-elf/lib/libc.a(lib_a-strcmp.o)
                0x0000000006013a4c                strcmp
 .text          0x0000000006013a84       0x20 /home/ash/Documents/joengine-master/Compiler/LINUX/bin/../lib/gcc/sh-none-elf/8.2.0/../../../../sh-none-elf/lib/libc.a(lib_a-strlen.o)
                0x0000000006013a84                strlen
 .text          0x0000000006013aa4      0xa60 /home/ash/Documents/joengine-master/Compiler/LINUX/bin/../lib/gcc/sh-none-elf/8.2.0/../../../../sh-none-elf/lib/libc.a(lib_a-svfiprintf.o)
                0x0000000006013aa4                __ssprint_r
                0x0000000006013bd8                _svfiprintf_r
 .text          0x0000000006014504      0x25c /home/ash/Documents/joengine-master/Compiler/LINUX/bin/../lib/gcc/sh-none-elf/8.2.0/../../../../sh-none-elf/lib/libc.a(lib_a-syscalls.o)
                0x000000000601457c                _read
                0x000000000601458c                _lseek
                0x000000000601459c                _write
                0x00000000060145ac                _close
                0x00000000060145bc                _link
                0x00000000060145c0                _sbrk
                0x0000000006014618                _fstat
                0x0000000006014622                _open
                0x0000000006014634                _creat
                0x0000000006014644                _unlink
                0x0000000006014648                isatty
                0x000000000601464c                _isatty
                0x0000000006014650                _exit
                0x0000000006014660                _kill
                0x0000000006014674                _getpid
                0x0000000006014678                _raise
                0x000000000601467c                _stat
                0x000000000601468c                _chmod
                0x000000000601469c                _chown
                0x00000000060146ac                _utime
                0x00000000060146c0                _fork
                0x00000000060146cc                _wait
                0x00000000060146dc                _execve
                0x00000000060146ec                _execv
                0x00000000060146fc                _pipe
                0x0000000006014708                _times
                0x000000000601470c                _gettimeofday
                0x0000000006014734                __setup_argv_and_call_main
 .text          0x0000000006014760       0x14 /home/ash/Documents/joengine-master/Compiler/LINUX/bin/../lib/gcc/sh-none-elf/8.2.0/../../../../sh-none-elf/lib/libc.a(lib_a-trap.o)
                0x0000000006014760                __trap34
 .text          0x0000000006014774       0x40 /home/ash/Documents/joengine-master/Compiler/LINUX/bin/../lib/gcc/sh-none-elf/8.2.0/../../../../sh-none-elf/lib/libc.a(lib_a-wctomb_r.o)
                0x0000000006014774                _wctomb_r
                0x0000000006014794                __ascii_wctomb
 .text          0x00000000060147b4       0x18 /home/ash/Documents/joengine-master/Compiler/LINUX/bin/../lib/gcc/sh-none-elf/8.2.0/../../../../sh-none-elf/lib/libc.a(lib_a-abort.o)
                0x00000000060147b4                abort
 .text          0x00000000060147cc        0x0 /home/ash/Documents/joengine-master/Compiler/LINUX/bin/../lib/gcc/sh-none-elf/8.2.0/../../../../sh-none-elf/lib/libc.a(lib_a-ctype_.o)
 .text          0x00000000060147cc       0x3c /home/ash/Documents/joengine-master/Compiler/LINUX/bin/../lib/gcc/sh-none-elf/8.2.0/../../../../sh-none-elf/lib/libc.a(lib_a-memmove.o)
                0x00000000060147cc                memmove
 .text          0x0000000006014808        0x8 /home/ash/Documents/joengine-master/Compiler/LINUX/bin/../lib/gcc/sh-none-elf/8.2.0/../../../../sh-none-elf/lib/libc.a(lib_a-mlock.o)
                0x0000000006014808                __malloc_lock
                0x000000000601480c                __malloc_unlock
 .text          0x0000000006014810       0xc8 /home/ash/Documents/joengine-master/Compiler/LINUX/bin/../lib/gcc/sh-none-elf/8.2.0/../../../../sh-none-elf/lib/libc.a(lib_a-nano-freer.o)
                0x0000000006014810                _free_r
 .text          0x00000000060148d8       0x7c /home/ash/Documents/joengine-master/Compiler/LINUX/bin/../lib/gcc/sh-none-elf/8.2.0/../../../../sh-none-elf/lib/libc.a(lib_a-nano-reallocr.o)
                0x00000000060148d8                _realloc_r
 .text          0x0000000006014954      0x1b0 /home/ash/Documents/joengine-master/Compiler/LINUX/bin/../lib/gcc/sh-none-elf/8.2.0/../../../../sh-none-elf/lib/libc.a(lib_a-signal.o)
                0x0000000006014954                _init_signal_r
                0x0000000006014990                _signal_r
                0x00000000060149dc                _raise_r
                0x0000000006014a54                __sigtramp_r
                0x0000000006014ab8                raise
                0x0000000006014acc                signal
                0x0000000006014ae0                _init_signal
                0x0000000006014af0                __sigtramp
 .text          0x0000000006014b04       0x40 /home/ash/Documents/joengine-master/Compiler/LINUX/bin/../lib/gcc/sh-none-elf/8.2.0/../../../../sh-none-elf/lib/libc.a(lib_a-signalr.o)
                0x0000000006014b04                _kill_r
                0x0000000006014b38                _getpid_r
 .text          0x0000000006014b44       0x16 /home/ash/Documents/joengine-master/Compiler/LINUX/bin/../lib/gcc/sh-none-elf/8.2.0/../../../../sh-none-elf/lib/libc.a(lib_a-nano-msizer.o)
                0x0000000006014b44                _malloc_usable_size_r
 *fill*         0x0000000006014b5a        0x2 
 .text          0x0000000006014b5c       0x80 /home/ash/Documents/joengine-master/Compiler/LINUX/bin/../lib/gcc/sh-none-elf/8.2.0/libgcc.a(_ashiftrt_n.o)
                0x0000000006014b5c                __ashrsi3
 .text          0x0000000006014bdc       0xbc /home/ash/Documents/joengine-master/Compiler/LINUX/bin/../lib/gcc/sh-none-elf/8.2.0/libgcc.a(_ashiftlt.o)
                0x0000000006014bdc                __ashlsi3
                0x0000000006014be0                __ashlsi3_r0
 .text          0x0000000006014c98       0xbc /home/ash/Documents/joengine-master/Compiler/LINUX/bin/../lib/gcc/sh-none-elf/8.2.0/libgcc.a(_lshiftrt.o)
                0x0000000006014c98                __lshrsi3
                0x0000000006014c9c                __lshrsi3_r0
 .text          0x0000000006014d54      0x258 /home/ash/Documents/joengine-master/Compiler/LINUX/bin/../lib/gcc/sh-none-elf/8.2.0/libgcc.a(_udivdi3.o)
                0x0000000006014d54                __udivdi3
 .text          0x0000000006014fac      0x2bc /home/ash/Documents/joengine-master/Compiler/LINUX/bin/../lib/gcc/sh-none-elf/8.2.0/libgcc.a(_umoddi3.o)
                0x0000000006014fac                __umoddi3
 .text          0x0000000006015268      0x3b4 /home/ash/Documents/joengine-master/Compiler/LINUX/bin/../lib/gcc/sh-none-elf/8.2.0/libgcc.a(_addsub_df.o)
                0x0000000006015578                __adddf3
                0x00000000060155c8                __subdf3
 .text          0x000000000601561c      0x208 /home/ash/Documents/joengine-master/Compiler/LINUX/bin/../lib/gcc/sh-none-elf/8.2.0/libgcc.a(_mul_df.o)
                0x000000000601561c                __muldf3
 .text          0x0000000006015824      0x130 /home/ash/Documents/joengine-master/Compiler/LINUX/bin/../lib/gcc/sh-none-elf/8.2.0/libgcc.a(_div_df.o)
                0x0000000006015824                __divdf3
 .text          0x0000000006015954       0x58 /home/ash/Documents/joengine-master/Compiler/LINUX/bin/../lib/gcc/sh-none-elf/8.2.0/libgcc.a(_eq_df.o)
                0x0000000006015954                __eqdf2
 .text          0x00000000060159ac       0x58 /home/ash/Documents/joengine-master/Compiler/LINUX/bin/../lib/gcc/sh-none-elf/8.2.0/libgcc.a(_ne_df.o)
                0x00000000060159ac                __nedf2
 .text          0x0000000006015a04       0x50 /home/ash/Documents/joengine-master/Compiler/LINUX/bin/../lib/gcc/sh-none-elf/8.2.0/libgcc.a(_gt_df.o)
                0x0000000006015a04                __gtdf2
 .text          0x0000000006015a54       0x50 /home/ash/Documents/joengine-master/Compiler/LINUX/bin/../lib/gcc/sh-none-elf/8.2.0/libgcc.a(_ge_df.o)
                0x0000000006015a54                __gedf2
 .text          0x0000000006015aa4       0x58 /home/ash/Documents/joengine-master/Compiler/LINUX/bin/../lib/gcc/sh-none-elf/8.2.0/libgcc.a(_lt_df.o)
                0x0000000006015aa4                __ltdf2
 .text          0x0000000006015afc       0x58 /home/ash/Documents/joengine-master/Compiler/LINUX/bin/../lib/gcc/sh-none-elf/8.2.0/libgcc.a(_le_df.o)
                0x0000000006015afc                __ledf2
 .text          0x0000000006015b54       0x40 /home/ash/Documents/joengine-master/Compiler/LINUX/bin/../lib/gcc/sh-none-elf/8.2.0/libgcc.a(_unord_df.o)
                0x0000000006015b54                __unorddf2
 .text          0x0000000006015b94       0xa8 /home/ash/Documents/joengine-master/Compiler/LINUX/bin/../lib/gcc/sh-none-elf/8.2.0/libgcc.a(_si_to_df.o)
                0x0000000006015b94                __floatsidf
 .text          0x0000000006015c3c       0xa4 /home/ash/Documents/joengine-master/Compiler/LINUX/bin/../lib/gcc/sh-none-elf/8.2.0/libgcc.a(_df_to_si.o)
                0x0000000006015c3c                __fixdfsi
 .text          0x0000000006015ce0        0x0 /home/ash/Documents/joengine-master/Compiler/LINUX/bin/../lib/gcc/sh-none-elf/8.2.0/libgcc.a(_thenan_df.o)
 .text          0x0000000006015ce0       0x88 /home/ash/Documents/joengine-master/Compiler/LINUX/bin/../lib/gcc/sh-none-elf/8.2.0/libgcc.a(_usi_to_df.o)
                0x0000000006015ce0                __floatunsidf
 .text          0x0000000006015d68       0x60 /home/ash/Documents/joengine-master/Compiler/LINUX/bin/../lib/gcc/sh-none-elf/8.2.0/libgcc.a(_udiv_qrnnd_16.o)
                0x0000000006015d68                __udiv_qrnnd_16
 .text          0x0000000006015dc8        0x0 /home/ash/Documents/joengine-master/Compiler/LINUX/bin/../lib/gcc/sh-none-elf/8.2.0/libgcc.a(_clz.o)
 .text          0x0000000006015dc8       0x58 /home/ash/Documents/joengine-master/Compiler/LINUX/bin/../lib/gcc/sh-none-elf/8.2.0/libgcc.a(_clzsi2.o)
                0x0000000006015dc8                __clzsi2
 .text          0x0000000006015e20      0x25c /home/ash/Documents/joengine-master/Compiler/LINUX/bin/../lib/gcc/sh-none-elf/8.2.0/libgcc.a(_pack_df.o)
                0x0000000006015e20                __pack_d
 .text          0x000000000601607c       0xcc /home/ash/Documents/joengine-master/Compiler/LINUX/bin/../lib/gcc/sh-none-elf/8.2.0/libgcc.a(_unpack_df.o)
                0x000000000601607c                __unpack_d
 .text          0x0000000006016148       0xc8 /home/ash/Documents/joengine-master/Compiler/LINUX/bin/../lib/gcc/sh-none-elf/8.2.0/libgcc.a(_fpcmp_parts_df.o)
                0x0000000006016148                __fpcmp_parts_d
 *(.strings)
 *(SEGA_P)
 *(.eh_frame_hdr)
 *(.eh_frame)
 .eh_frame      0x0000000006016210       0xa8 /home/ash/Documents/joengine-master/Compiler/LINUX/bin/../lib/gcc/sh-none-elf/8.2.0/libgcc.a(_udivdi3.o)
 .eh_frame      0x00000000060162b8       0xdc /home/ash/Documents/joengine-master/Compiler/LINUX/bin/../lib/gcc/sh-none-elf/8.2.0/libgcc.a(_umoddi3.o)
                0x0000000006016394                __etext = .

.text.startup   0x00000000060163a0      0xe60
 .text.startup  0x00000000060163a0      0xe54 /tmp/ccuBjBx8.ltrans0.ltrans.o
                0x00000000060163a0                main

SLPROG          0x0000000006017200    0x156a0
                0x0000000006017200                __slprog_start = .
 *(SLPROG)
 SLPROG         0x0000000006017200     0x6540 ../../Compiler/COMMON/SGL_302j/LIB_ELF/SGLAREA.O
                0x0000000006017200                MasterStack
                0x0000000006017204                SlaveStack
                0x0000000006017208                MaxVertices
                0x000000000601720a                MaxPolygons
                0x000000000601720c                SortList
                0x0000000006017210                SortListSize
                0x0000000006017214                TransList
                0x0000000006017218                Zbuffer
                0x000000000601721c                SpriteBuf
                0x0000000006017220                SpriteBufSize
                0x0000000006017224                Pbuffer
                0x0000000006017228                CommandBuf
                0x000000000601722c                CLOfstBuf
                0x0000000006017230                PCM_Work
                0x0000000006017234                PCM_WkSize
                0x0000000006017238                MaxEvents
                0x000000000601723a                EventSize
                0x000000000601723c                MaxWorks
                0x000000000601723e                WorkSize
                0x0000000006017240                RemainEvent
                0x0000000006017340                RemainWork
                0x0000000006017740                EventBuf
                0x0000000006019740                WorkBuf
 SLPROG         0x000000000601d740     0x411e ../../Compiler/COMMON/SGL_302j/LIB_ELF/LIBSGL.A(sglA01.o)
                0x000000000601d740                slSin
                0x000000000601d764                slCos
                0x000000000601d788                GetSinCos
                0x000000000601d81c                sin_cos_index_tbl
                0x000000000601d85c                sin_tbl
 *fill*         0x000000000602185e        0x2 
 SLPROG         0x0000000006021860      0x108 ../../Compiler/COMMON/SGL_302j/LIB_ELF/LIBSGL.A(sglA02.o)
                0x0000000006021860                slNormalVector
 *fill*         0x0000000006021968        0x8 
 SLPROG         0x0000000006021970     0x20b6 ../../Compiler/COMMON/SGL_302j/LIB_ELF/LIBSGL.A(sglA04.o)
                0x0000000006021970                slAtan
                0x0000000006021a24                atan_tbl
 *fill*         0x0000000006023a26        0xa 
 SLPROG         0x0000000006023a30       0x38 ../../Compiler/COMMON/SGL_302j/LIB_ELF/LIBSGL.A(sglA05.o)
                0x0000000006023a30                slSquart
                0x0000000006023a5c                slSquartFX
 *fill*         0x0000000006023a68        0x8 
 SLPROG         0x0000000006023a70        0xa ../../Compiler/COMMON/SGL_302j/LIB_ELF/LIBSGL.A(sglA06.o)
                0x0000000006023a70                slMulFX
 *fill*         0x0000000006023a7a        0x6 
 SLPROG         0x0000000006023a80       0x14 ../../Compiler/COMMON/SGL_302j/LIB_ELF/LIBSGL.A(sglA07.o)
                0x0000000006023a80                slDivFX
 *fill*         0x0000000006023a94        0xc 
 SLPROG         0x0000000006023aa0       0x10 ../../Compiler/COMMON/SGL_302j/LIB_ELF/LIBSGL.A(sglA08.o)
                0x0000000006023aa0                slInnerProduct
 SLPROG         0x0000000006023ab0       0x34 ../../Compiler/COMMON/SGL_302j/LIB_ELF/LIBSGL.A(sglA10.o)
                0x0000000006023ab0                slSquartDbl
 *fill*         0x0000000006023ae4        0xc 
 SLPROG         0x0000000006023af0       0x18 ../../Compiler/COMMON/SGL_302j/LIB_ELF/LIBSGL.A(sglA15.o)
                0x0000000006023af0                slSlaveFunc
 *fill*         0x0000000006023b08        0x8 
 SLPROG         0x0000000006023b10       0xd0 ../../Compiler/COMMON/SGL_302j/LIB_ELF/LIBSGL.A(sglA16.o)
                0x0000000006023b10                slLookAt
 SLPROG         0x0000000006023be0       0x78 ../../Compiler/COMMON/SGL_302j/LIB_ELF/LIBSGL.A(sglA17.o)
                0x0000000006023be0                slRotZ
                0x0000000006023bea                slRotZSC
 *fill*         0x0000000006023c58        0x8 
 SLPROG         0x0000000006023c60       0x78 ../../Compiler/COMMON/SGL_302j/LIB_ELF/LIBSGL.A(sglA18.o)
                0x0000000006023c60                slRotY
                0x0000000006023c6a                slRotYSC
 *fill*         0x0000000006023cd8        0x8 
 SLPROG         0x0000000006023ce0       0x78 ../../Compiler/COMMON/SGL_302j/LIB_ELF/LIBSGL.A(sglA19.o)
                0x0000000006023ce0                slRotX
                0x0000000006023cea                slRotXSC
 *fill*         0x0000000006023d58        0x8 
 SLPROG         0x0000000006023d60      0x42c ../../Compiler/COMMON/SGL_302j/LIB_ELF/LIBSGL.A(sglA20.o)
                0x0000000006023d60                slInitMatrix
                0x0000000006023d6a                slPushUnitMatrix
                0x0000000006023d7e                slUnitMatrix
 *fill*         0x000000000602418c        0x4 
 SLPROG         0x0000000006024190       0x48 ../../Compiler/COMMON/SGL_302j/LIB_ELF/LIBSGL.A(sglA21.o)
                0x0000000006024190                slPushMatrix
                0x00000000060241c4                slPopMatrix
                0x00000000060241c4                slDecMatrixPtr
 *fill*         0x00000000060241d8        0x8 
 SLPROG         0x00000000060241e0       0x50 ../../Compiler/COMMON/SGL_302j/LIB_ELF/LIBSGL.A(sglA27.o)
                0x00000000060241e0                slTranslate
 SLPROG         0x0000000006024230       0x70 ../../Compiler/COMMON/SGL_302j/LIB_ELF/LIBSGL.A(sglA28.o)
                0x0000000006024230                slScale
 SLPROG         0x00000000060242a0       0x20 ../../Compiler/COMMON/SGL_302j/LIB_ELF/LIBSGL.A(sglB001.o)
                0x00000000060242a0                slTVOn
                0x00000000060242aa                slTVOff
 SLPROG         0x00000000060242c0       0x24 ../../Compiler/COMMON/SGL_302j/LIB_ELF/LIBSGL.A(sglB011.o)
                0x00000000060242c0                slBitMapNbg1
 *fill*         0x00000000060242e4        0xc 
 SLPROG         0x00000000060242f0        0x8 ../../Compiler/COMMON/SGL_302j/LIB_ELF/LIBSGL.A(sglB014.o)
                0x00000000060242f0                slScrTransparent
 *fill*         0x00000000060242f8        0x8 
 SLPROG         0x0000000006024300      0x40c ../../Compiler/COMMON/SGL_302j/LIB_ELF/LIBSGL.A(sglB015.o)
                0x0000000006024300                slScrAutoDisp
 *fill*         0x000000000602470c        0x4 
 SLPROG         0x0000000006024710        0xc ../../Compiler/COMMON/SGL_302j/LIB_ELF/LIBSGL.A(sglB016.o)
                0x0000000006024710                slBack1ColSet
 *fill*         0x000000000602471c        0x4 
 SLPROG         0x0000000006024720       0x10 ../../Compiler/COMMON/SGL_302j/LIB_ELF/LIBSGL.A(sglB020.o)
                0x0000000006024720                slColorCalc
 SLPROG         0x0000000006024730        0xc ../../Compiler/COMMON/SGL_302j/LIB_ELF/LIBSGL.A(sglB021.o)
                0x0000000006024730                slColorCalcOn
 *fill*         0x000000000602473c        0x4 
 SLPROG         0x0000000006024740        0xc ../../Compiler/COMMON/SGL_302j/LIB_ELF/LIBSGL.A(sglB023.o)
                0x0000000006024740                slColRate
 *fill*         0x000000000602474c        0x4 
 SLPROG         0x0000000006024750       0xb4 ../../Compiler/COMMON/SGL_302j/LIB_ELF/LIBSGL.A(sglB032.o)
                0x0000000006024750                slMapNbg1
 *fill*         0x0000000006024804        0xc 
 SLPROG         0x0000000006024810       0xd4 ../../Compiler/COMMON/SGL_302j/LIB_ELF/LIBSGL.A(sglB035.o)
                0x0000000006024810                sl1MapRA
                0x00000000060248a2                rbank_set
 *fill*         0x00000000060248e4        0xc 
 SLPROG         0x00000000060248f0       0xa0 ../../Compiler/COMMON/SGL_302j/LIB_ELF/LIBSGL.A(sglB036.o)
                0x00000000060248f0                sl1MapRB
 SLPROG         0x0000000006024990       0x70 ../../Compiler/COMMON/SGL_302j/LIB_ELF/LIBSGL.A(sglB038.o)
                0x0000000006024990                slRparaInitSet
 SLPROG         0x0000000006024a00       0x7e ../../Compiler/COMMON/SGL_302j/LIB_ELF/LIBSGL.A(sglB039.o)
                0x0000000006024a00                slMakeKtable
 *fill*         0x0000000006024a7e        0x2 
 SLPROG         0x0000000006024a80       0x58 ../../Compiler/COMMON/SGL_302j/LIB_ELF/LIBSGL.A(sglB040.o)
                0x0000000006024a80                slKtableRA
 *fill*         0x0000000006024ad8        0x8 
 SLPROG         0x0000000006024ae0       0x5c ../../Compiler/COMMON/SGL_302j/LIB_ELF/LIBSGL.A(sglB041.o)
                0x0000000006024ae0                slKtableRB
 *fill*         0x0000000006024b3c        0x4 
 SLPROG         0x0000000006024b40       0x10 ../../Compiler/COMMON/SGL_302j/LIB_ELF/LIBSGL.A(sglB042.o)
                0x0000000006024b40                slCurRpara
 SLPROG         0x0000000006024b50        0x8 ../../Compiler/COMMON/SGL_302j/LIB_ELF/LIBSGL.A(sglB043.o)
                0x0000000006024b50                slRparaMode
 *fill*         0x0000000006024b58        0x8 
 SLPROG         0x0000000006024b60      0x4e4 ../../Compiler/COMMON/SGL_302j/LIB_ELF/LIBSGL.A(sglB044.o)
                0x0000000006024b60                slScrMatSet
 *fill*         0x0000000006025044        0xc 
 SLPROG         0x0000000006025050       0x28 ../../Compiler/COMMON/SGL_302j/LIB_ELF/LIBSGL.A(sglB045.o)
                0x0000000006025050                slScrMatConv
 *fill*         0x0000000006025078        0x8 
 SLPROG         0x0000000006025080        0xc ../../Compiler/COMMON/SGL_302j/LIB_ELF/LIBSGL.A(sglB047.o)
                0x0000000006025080                slOverRA
 *fill*         0x000000000602508c        0x4 
 SLPROG         0x0000000006025090       0x10 ../../Compiler/COMMON/SGL_302j/LIB_ELF/LIBSGL.A(sglB048.o)
                0x0000000006025090                slOverRB
 SLPROG         0x00000000060250a0        0xc ../../Compiler/COMMON/SGL_302j/LIB_ELF/LIBSGL.A(sglB056.o)
                0x00000000060250a0                slPlaneNbg1
 *fill*         0x00000000060250ac        0x4 
 SLPROG         0x00000000060250b0        0xc ../../Compiler/COMMON/SGL_302j/LIB_ELF/LIBSGL.A(sglB059.o)
                0x00000000060250b0                slPlaneRA
 *fill*         0x00000000060250bc        0x4 
 SLPROG         0x00000000060250c0       0x10 ../../Compiler/COMMON/SGL_302j/LIB_ELF/LIBSGL.A(sglB060.o)
                0x00000000060250c0                slPlaneRB
 SLPROG         0x00000000060250d0        0xc ../../Compiler/COMMON/SGL_302j/LIB_ELF/LIBSGL.A(sglB063.o)
                0x00000000060250d0                slPriority
 *fill*         0x00000000060250dc        0x4 
 SLPROG         0x00000000060250e0       0x18 ../../Compiler/COMMON/SGL_302j/LIB_ELF/LIBSGL.A(sglB087.o)
                0x00000000060250e0                slLineScrollTable0
 *fill*         0x00000000060250f8        0x8 
 SLPROG         0x0000000006025100        0x8 ../../Compiler/COMMON/SGL_302j/LIB_ELF/LIBSGL.A(sglB088.o)
                0x0000000006025100                slLineScrollTable1
 *fill*         0x0000000006025108        0x8 
 SLPROG         0x0000000006025110        0xc ../../Compiler/COMMON/SGL_302j/LIB_ELF/LIBSGL.A(sglB090.o)
                0x0000000006025110                slLineScrollMode
 *fill*         0x000000000602511c        0x4 
 SLPROG         0x0000000006025120      0x114 ../../Compiler/COMMON/SGL_302j/LIB_ELF/LIBSGL.A(sglB200.o)
                0x0000000006025120                slCharRbg0
                0x000000000602512c                slCharNbg0
                0x0000000006025138                slCharNbg1
                0x0000000006025144                slCharNbg2
                0x000000000602515a                slCharNbg3
                0x0000000006025172                slPageRbg0
                0x0000000006025188                slPageNbg1
                0x0000000006025190                slPageNbg2
                0x0000000006025198                slPageNbg3
                0x00000000060251a4                slPageNbg0
 *fill*         0x0000000006025234        0xc 
 SLPROG         0x0000000006025240       0x2c ../../Compiler/COMMON/SGL_302j/LIB_ELF/LIBSGL.A(sglC04.o)
                0x0000000006025240                slZdspLevel
 *fill*         0x000000000602526c        0x4 
 SLPROG         0x0000000006025270       0x78 ../../Compiler/COMMON/SGL_302j/LIB_ELF/LIBSGL.A(sglC05.o)
                0x0000000006025270                slSetSprite
 *fill*         0x00000000060252e8        0x8 
 SLPROG         0x00000000060252f0       0xfa ../../Compiler/COMMON/SGL_302j/LIB_ELF/LIBSGL.A(sglC06.o)
                0x00000000060252f0                slDispSprite
 *fill*         0x00000000060253ea        0x6 
 SLPROG         0x00000000060253f0      0x162 ../../Compiler/COMMON/SGL_302j/LIB_ELF/LIBSGL.A(sglC07.o)
                0x00000000060253f6                slPutSprite
 *fill*         0x0000000006025552        0xe 
 SLPROG         0x0000000006025560     0x1218 ../../Compiler/COMMON/SGL_302j/LIB_ELF/LIBSGL.A(sglC08.o)
                0x0000000006025560                slPutPolygon
                0x00000000060261dc                MsCalcDepthFlat
 *fill*         0x0000000006026778        0x8 
 SLPROG         0x0000000006026780       0x4c ../../Compiler/COMMON/SGL_302j/LIB_ELF/LIBSGL.A(sglC17.o)
                0x0000000006026780                slDispSpriteHV
 *fill*         0x00000000060267cc        0x4 
 SLPROG         0x00000000060267d0       0xd4 ../../Compiler/COMMON/SGL_302j/LIB_ELF/LIBSGL.A(sglC19.o)
                0x00000000060267d0                slDispSprite4P
 *fill*         0x00000000060268a4        0xc 
 SLPROG         0x00000000060268b0       0x40 ../../Compiler/COMMON/SGL_302j/LIB_ELF/LIBSGL.A(sglC20.o)
                0x00000000060268b0                SpriteEntry
 SLPROG         0x00000000060268f0      0x4ae ../../Compiler/COMMON/SGL_302j/LIB_ELF/LIBSGL.A(sglC21.o)
                0x0000000006026978                RotSprite
                0x0000000006026a06                SetSprPosition
 *fill*         0x0000000006026d9e        0x2 
 SLPROG         0x0000000006026da0       0x84 ../../Compiler/COMMON/SGL_302j/LIB_ELF/LIBSGL.A(sglD00.o)
                0x0000000006026da0                slDMACopy
                0x0000000006026da0                slCpuDMACopy
                0x0000000006026dfa                slCashPurge
                0x0000000006026dfa                CSH_AllClr
 *fill*         0x0000000006026e24        0xc 
 SLPROG         0x0000000006026e30       0xa0 ../../Compiler/COMMON/SGL_302j/LIB_ELF/LIBSGL.A(sglD01.o)
                0x0000000006026e30                slDMAXCopy
 SLPROG         0x0000000006026ed0        0xc ../../Compiler/COMMON/SGL_302j/LIB_ELF/LIBSGL.A(sglD03.o)
                0x0000000006026ed0                slDMAStatus
 *fill*         0x0000000006026edc        0x4 
 SLPROG         0x0000000006026ee0       0x20 ../../Compiler/COMMON/SGL_302j/LIB_ELF/LIBSGL.A(sglD15.o)
                0x0000000006026ee0                CSH_Purge
 SLPROG         0x0000000006026f00       0x84 ../../Compiler/COMMON/SGL_302j/LIB_ELF/LIBSGL.A(sglD16.o)
                0x0000000006026f00                DMA_ScuSetPrm
                0x0000000006026f48                DMA_SCU_PRM0
 *fill*         0x0000000006026f84        0xc 
 SLPROG         0x0000000006026f90       0x88 ../../Compiler/COMMON/SGL_302j/LIB_ELF/LIBSGL.A(sglD17.o)
                0x0000000006026f90                DMA_ScuStart
 *fill*         0x0000000006027018        0x8 
 SLPROG         0x0000000006027020       0x34 ../../Compiler/COMMON/SGL_302j/LIB_ELF/LIBSGL.A(sglD18.o)
                0x0000000006027020                DMA_ScuGetStatus
 *fill*         0x0000000006027054        0xc 
 SLPROG         0x0000000006027060       0x4e ../../Compiler/COMMON/SGL_302j/LIB_ELF/LIBSGL.A(sglF00.o)
                0x0000000006027060                slCurScrn
                0x0000000006027070                slCurColor
                0x000000000602707a                slLocate
                0x00000000060270ac                CurrentScreen
 *fill*         0x00000000060270ae        0x2 
 SLPROG         0x00000000060270b0      0x12a ../../Compiler/COMMON/SGL_302j/LIB_ELF/LIBSGL.A(sglF03.o)
                0x00000000060270b0                slPrintFX
 *fill*         0x00000000060271da        0x6 
 SLPROG         0x00000000060271e0       0x1c ../../Compiler/COMMON/SGL_302j/LIB_ELF/LIBSGL.A(sglF05.o)
                0x00000000060271e0                slPrint
 *fill*         0x00000000060271fc        0x4 
 SLPROG         0x0000000006027200       0x34 ../../Compiler/COMMON/SGL_302j/LIB_ELF/LIBSGL.A(sglF08.o)
                0x0000000006027200                slDec2Hex
 *fill*         0x0000000006027234        0xc 
 SLPROG         0x0000000006027240      0xfc8 ../../Compiler/COMMON/SGL_302j/LIB_ELF/LIBSGL.A(sglH00.o)
                0x0000000006027258                slGetPortDir1
                0x0000000006027260                slGetPortDir2
                0x0000000006027268                slSetPortDir1
                0x0000000006027292                slSetPortDir2
                0x00000000060272cc                slGetPortData1
                0x00000000060272d4                slGetPortData2
                0x00000000060272dc                slSetPortData1
                0x00000000060272e6                slSetPortData2
                0x00000000060272f8                slGetPortSelect1
                0x0000000006027302                slGetPortSelect2
                0x000000000602730c                slSetPortSelect1
                0x0000000006027340                slSetPortSelect2
                0x000000000602737c                slGetPortExt1
                0x0000000006027386                slGetPortExt2
                0x0000000006027390                slSetPortExt1
                0x00000000060273c0                slSetPortExt2
                0x0000000006027534                slSmpcDirectAccess
                0x00000000060275b4                slInitPeripheral
                0x0000000006027646                slSetResultBuffer
                0x00000000060276d2                slCheckIntBackSet
                0x00000000060276de                slIntBackCancel
                0x0000000006027708                slCheckReset
                0x0000000006027712                slClearReset
                0x00000000060278d8                slSmpcCashSend
                0x0000000006027994                slSmpcCashBlow
                0x0000000006027a70                slGetOptimize
                0x0000000006027a7a                slSetOptimize
                0x0000000006027aa0                slGetPortMode1
                0x0000000006027aac                slGetPortMode2
                0x0000000006027aba                slSetPortMode1
                0x0000000006027af8                slSetPortMode2
                0x0000000006027c84                slRequestCommand
                0x0000000006027cf4                Smpc_Status
                0x0000000006027cf8                Smpc_Result
                0x0000000006027cfc                Smpc_Peripheral
                0x0000000006027d02                Per_Connect1
                0x0000000006027d03                Per_Connect2
                0x0000000006027d24                SmpcStatusBuf
 *fill*         0x0000000006028208        0x8 
 SLPROG         0x0000000006028210       0xa8 ../../Compiler/COMMON/SGL_302j/LIB_ELF/LIBSGL.A(sglH01.o)
                0x0000000006028210                slGetLanguage
                0x000000000602821a                slSetLanguage
                0x000000000602823c                slGetSoundEffect
                0x0000000006028248                slSetSoundEffect
                0x0000000006028264                slGetSoundOutput
                0x0000000006028270                slSetSoundOutput
                0x000000000602828c                slGetHelpWindow
                0x0000000006028298                slSetHelpWindow
 *fill*         0x00000000060282b8        0x8 
 SLPROG         0x00000000060282c0      0x470 ../../Compiler/COMMON/SGL_302j/LIB_ELF/LIBSGL.A(sglH02.o)
                0x00000000060286b0                smpc_pfr_tbl
                0x00000000060286f0                smpc_ptf_tbl
 SLPROG         0x0000000006028730       0x60 ../../Compiler/COMMON/SGL_302j/LIB_ELF/LIBSGL.A(sglH04.o)
                0x0000000006028730                slComPrmIntBack
                0x0000000006028744                slComPrmSetMemory
                0x000000000602875a                slComPrmSetTime
 SLPROG         0x0000000006028790      0x3a4 ../../Compiler/COMMON/SGL_302j/LIB_ELF/LIBSGL.A(sglI01.o)
                0x0000000006028790                slInitSynch
                0x00000000060287aa                slSynch
                0x00000000060288a0                slRandom
                0x00000000060288be                PCM_EndCheck
                0x000000000602897a                RetPCMBuf
                0x0000000006028a14                PCM_Buf
                0x0000000006028ab4                Sound_Buf
 *fill*         0x0000000006028b34        0xc 
 SLPROG         0x0000000006028b40       0x10 ../../Compiler/COMMON/SGL_302j/LIB_ELF/LIBSGL.A(sglI04.o)
                0x0000000006028b40                slIntFunction
 SLPROG         0x0000000006028b50       0x74 ../../Compiler/COMMON/SGL_302j/LIB_ELF/LIBSGL.A(sglJ00.o)
                0x0000000006028b50                InitSlaveSH
                0x0000000006028bb8                SlaveCommand
 *fill*         0x0000000006028bc4        0xc 
 SLPROG         0x0000000006028bd0      0x3d0 ../../Compiler/COMMON/SGL_302j/LIB_ELF/LIBSGL.A(sglJ01.o)
                0x0000000006028bd0                SlaveControl
                0x0000000006028f8c                ErasePolygonData
 SLPROG         0x0000000006028fa0     0x12b8 ../../Compiler/COMMON/SGL_302j/LIB_ELF/LIBSGL.A(sglJ02.o)
                0x0000000006028fa0                sbMakePolygon
                0x0000000006029188                sbCalcPolygon
                0x0000000006029ec0                SetTexture
                0x0000000006029ecc                SetPolygon
                0x0000000006029ed4                SetPosition
                0x0000000006029f0c                stvtc_4
                0x0000000006029fc4                stvtc_3
                0x000000000602a1d4                stvtc_1
                0x000000000602a1e8                stvtc_2
                0x000000000602a1fc                stvtc_0
 *fill*         0x000000000602a258        0x8 
 SLPROG         0x000000000602a260      0x140 ../../Compiler/COMMON/SGL_302j/LIB_ELF/LIBSGL.A(sglJ03.o)
                0x000000000602a260                sbMakeDMATable
 SLPROG         0x000000000602a3a0      0x470 ../../Compiler/COMMON/SGL_302j/LIB_ELF/LIBSGL.A(sglJ04.o)
                0x000000000602a3fe                sbMakeSprite
                0x000000000602a464                sbMakeRotSprite
 SLPROG         0x000000000602a810       0x3c ../../Compiler/COMMON/SGL_302j/LIB_ELF/LIBSGL.A(sglJ05.o)
                0x000000000602a810                sbSortEntry
 *fill*         0x000000000602a84c        0x4 
 SLPROG         0x000000000602a850      0x4b8 ../../Compiler/COMMON/SGL_302j/LIB_ELF/LIBSGL.A(sglM00.o)
                0x000000000602a850                slInitGouraud
                0x000000000602a944                slPutPolygonX
                0x000000000602a98a                slGouraudTblCopy
                0x000000000602a9e2                slSetGouraudTbl
                0x000000000602a9e8                slSetGouraudColor
                0x000000000602aa60                slSetAmbient
                0x000000000602aa84                slSetFlatColor
 *fill*         0x000000000602ad08        0x8 
 SLPROG         0x000000000602ad10       0x6a ../../Compiler/COMMON/SGL_302j/LIB_ELF/LIBSGL.A(sglM01.o)
                0x000000000602ad10                slSetDepthLimit
                0x000000000602ad3c                slSetDepthTbl
                0x000000000602ad6c                DepthWorkArea
 *fill*         0x000000000602ad7a        0x6 
 SLPROG         0x000000000602ad80       0x20 ../../Compiler/COMMON/SGL_302j/LIB_ELF/LIBSGL.A(sglA00.o)
                0x000000000602ad80                set_imask
                0x000000000602ad80                _builtin_set_imask
                0x000000000602ad94                get_imask
                0x000000000602ad94                _builtin_get_imask
 SLPROG         0x000000000602ada0      0x3c2 ../../Compiler/COMMON/SGL_302j/LIB_ELF/LIBSGL.A(sglA24.o)
                0x000000000602ada0                slInversMatrix
 *fill*         0x000000000602b162        0xe 
 SLPROG         0x000000000602b170       0x24 ../../Compiler/COMMON/SGL_302j/LIB_ELF/LIBSGL.A(sglA25.o)
                0x000000000602b170                slTransposeMatrix
 *fill*         0x000000000602b194        0xc 
 SLPROG         0x000000000602b1a0       0x22 ../../Compiler/COMMON/SGL_302j/LIB_ELF/LIBSGL.A(sglA40.o)
                0x000000000602b1a0                slCalcVector
 *fill*         0x000000000602b1c2        0xe 
 SLPROG         0x000000000602b1d0      0xbd0 ../../Compiler/COMMON/SGL_302j/LIB_ELF/LIBSGL.A(sglB000.o)
                0x000000000602b1d0                slInitScroll
                0x000000000602b2f0                setASC_1to8
                0x000000000602b320                setASC_4to8
                0x000000000602b430                TVSizeTbl
                0x000000000602b4b0                TVModeTbl
                0x000000000602b688                SGL_ASCII_CG
 SLPROG         0x000000000602bda0      0x134 ../../Compiler/COMMON/SGL_302j/LIB_ELF/LIBSGL.A(sglC00.o)
                0x000000000602bda0                slInitSprite
 *fill*         0x000000000602bed4        0xc 
 SLPROG         0x000000000602bee0       0xac ../../Compiler/COMMON/SGL_302j/LIB_ELF/LIBSGL.A(sglC13.o)
                0x000000000602bee0                slPutPolygonS
 *fill*         0x000000000602bf8c        0x4 
 SLPROG         0x000000000602bf90       0xc0 ../../Compiler/COMMON/SGL_302j/LIB_ELF/LIBSGL.A(sglD19.o)
                0x000000000602bf90                DMA_ScuMemCopy
 SLPROG         0x000000000602c050      0x75c ../../Compiler/COMMON/SGL_302j/LIB_ELF/LIBSGL.A(sglI00.o)
                0x000000000602c340                slInitInterrupt
 *fill*         0x000000000602c7ac        0x4 
 SLPROG         0x000000000602c7b0       0xf0 ../../Compiler/COMMON/SGL_302j/LIB_ELF/LIBSGL.A(sglH03.o)
                0x000000000602c814                slSmpcIntBack
                0x000000000602c8a0                __slprog_end = .

.tors           0x000000000602c8a0        0x0
                0x000000000602c8a0                ___ctors = .
 *(.ctors)
                0x000000000602c8a0                ___ctors_end = .
                0x000000000602c8a0                ___dtors = .
 *(.dtors)
                0x000000000602c8a0                ___dtors_end = .

.data           0x000000000602c8a0      0x680
 *(.data)
 .data          0x000000000602c8a0        0x0 ../../Compiler/COMMON/SGL_302j/LIB_ELF/SGLAREA.O
 .data          0x000000000602c8a0       0x58 /tmp/ccuBjBx8.ltrans0.ltrans.o
 *fill*         0x000000000602c8f8        0x8 
 .data          0x000000000602c900        0x0 ../../Compiler/COMMON/SGL_302j/LIB_ELF/SEGA_SYS.A(sys_exit.o)
 .data          0x000000000602c900        0x0 ../../Compiler/COMMON/SGL_302j/LIB_ELF/SEGA_SYS.A(sys_sub.o)
 .data          0x000000000602c900        0x0 ../../Compiler/COMMON/SGL_302j/LIB_ELF/LIBCD.A(CDC_CMN.O)
 .data          0x000000000602c900        0x0 ../../Compiler/COMMON/SGL_302j/LIB_ELF/LIBCD.A(CDC_CFS.O)
 .data          0x000000000602c900        0x0 ../../Compiler/COMMON/SGL_302j/LIB_ELF/LIBCD.A(CDC_REG.O)
 .data          0x000000000602c900        0x0 ../../Compiler/COMMON/SGL_302j/LIB_ELF/LIBCD.A(CDC_SUB.O)
 .data          0x000000000602c900        0x0 ../../Compiler/COMMON/SGL_302j/LIB_ELF/LIBCD.A(GFS.O)
 .data          0x000000000602c900        0x0 ../../Compiler/COMMON/SGL_302j/LIB_ELF/LIBCD.A(GFS_BUF.O)
 .data          0x000000000602c900        0x0 ../../Compiler/COMMON/SGL_302j/LIB_ELF/LIBCD.A(GFS_CDB.O)
 .data          0x000000000602c900        0x0 ../../Compiler/COMMON/SGL_302j/LIB_ELF/LIBCD.A(GFS_CDC.O)
 .data          0x000000000602c900        0x0 ../../Compiler/COMMON/SGL_302j/LIB_ELF/LIBCD.A(GFS_CDF.O)
 .data          0x000000000602c900        0x0 ../../Compiler/COMMON/SGL_302j/LIB_ELF/LIBCD.A(GFS_DIR.O)
 .data          0x000000000602c900        0x0 ../../Compiler/COMMON/SGL_302j/LIB_ELF/LIBCD.A(GFS_TRN.O)
 .data          0x000000000602c900        0x0 ../../Compiler/COMMON/SGL_302j/LIB_ELF/LIBCD.A(CDC_DRV.O)
 .data          0x000000000602c900        0x0 ../../Compiler/COMMON/SGL_302j/LIB_ELF/LIBCD.A(CDC_DEV.O)
 .data          0x000000000602c900        0x0 ../../Compiler/COMMON/SGL_302j/LIB_ELF/LIBCD.A(CDC_SEL.O)
 .data          0x000000000602c900        0x0 ../../Compiler/COMMON/SGL_302j/LIB_ELF/LIBCD.A(CDC_BIF.O)
 .data          0x000000000602c900        0x0 ../../Compiler/COMMON/SGL_302j/LIB_ELF/LIBCD.A(CDC_BIO.O)
 .data          0x000000000602c900        0x0 ../../Compiler/COMMON/SGL_302j/LIB_ELF/LIBSGL.A(sglA01.o)
 .data          0x000000000602c900        0x0 ../../Compiler/COMMON/SGL_302j/LIB_ELF/LIBSGL.A(sglA02.o)
 .data          0x000000000602c900        0x0 ../../Compiler/COMMON/SGL_302j/LIB_ELF/LIBSGL.A(sglA04.o)
 .data          0x000000000602c900        0x0 ../../Compiler/COMMON/SGL_302j/LIB_ELF/LIBSGL.A(sglA05.o)
 .data          0x000000000602c900        0x0 ../../Compiler/COMMON/SGL_302j/LIB_ELF/LIBSGL.A(sglA06.o)
 .data          0x000000000602c900        0x0 ../../Compiler/COMMON/SGL_302j/LIB_ELF/LIBSGL.A(sglA07.o)
 .data          0x000000000602c900        0x0 ../../Compiler/COMMON/SGL_302j/LIB_ELF/LIBSGL.A(sglA08.o)
 .data          0x000000000602c900        0x0 ../../Compiler/COMMON/SGL_302j/LIB_ELF/LIBSGL.A(sglA10.o)
 .data          0x000000000602c900        0x0 ../../Compiler/COMMON/SGL_302j/LIB_ELF/LIBSGL.A(sglA15.o)
 .data          0x000000000602c900        0x0 ../../Compiler/COMMON/SGL_302j/LIB_ELF/LIBSGL.A(sglA16.o)
 .data          0x000000000602c900        0x0 ../../Compiler/COMMON/SGL_302j/LIB_ELF/LIBSGL.A(sglA17.o)
 .data          0x000000000602c900        0x0 ../../Compiler/COMMON/SGL_302j/LIB_ELF/LIBSGL.A(sglA18.o)
 .data          0x000000000602c900        0x0 ../../Compiler/COMMON/SGL_302j/LIB_ELF/LIBSGL.A(sglA19.o)
 .data          0x000000000602c900        0x0 ../../Compiler/COMMON/SGL_302j/LIB_ELF/LIBSGL.A(sglA20.o)
 .data          0x000000000602c900        0x0 ../../Compiler/COMMON/SGL_302j/LIB_ELF/LIBSGL.A(sglA21.o)
 .data          0x000000000602c900        0x0 ../../Compiler/COMMON/SGL_302j/LIB_ELF/LIBSGL.A(sglA27.o)
 .data          0x000000000602c900        0x0 ../../Compiler/COMMON/SGL_302j/LIB_ELF/LIBSGL.A(sglA28.o)
 .data          0x000000000602c900        0x0 ../../Compiler/COMMON/SGL_302j/LIB_ELF/LIBSGL.A(sglB001.o)
 .data          0x000000000602c900        0x0 ../../Compiler/COMMON/SGL_302j/LIB_ELF/LIBSGL.A(sglB011.o)
 .data          0x000000000602c900        0x0 ../../Compiler/COMMON/SGL_302j/LIB_ELF/LIBSGL.A(sglB014.o)
 .data          0x000000000602c900        0x0 ../../Compiler/COMMON/SGL_302j/LIB_ELF/LIBSGL.A(sglB015.o)
 .data          0x000000000602c900        0x0 ../../Compiler/COMMON/SGL_302j/LIB_ELF/LIBSGL.A(sglB016.o)
 .data          0x000000000602c900        0x0 ../../Compiler/COMMON/SGL_302j/LIB_ELF/LIBSGL.A(sglB020.o)
 .data          0x000000000602c900        0x0 ../../Compiler/COMMON/SGL_302j/LIB_ELF/LIBSGL.A(sglB021.o)
 .data          0x000000000602c900        0x0 ../../Compiler/COMMON/SGL_302j/LIB_ELF/LIBSGL.A(sglB023.o)
 .data          0x000000000602c900        0x0 ../../Compiler/COMMON/SGL_302j/LIB_ELF/LIBSGL.A(sglB032.o)
 .data          0x000000000602c900        0x0 ../../Compiler/COMMON/SGL_302j/LIB_ELF/LIBSGL.A(sglB035.o)
 .data          0x000000000602c900        0x0 ../../Compiler/COMMON/SGL_302j/LIB_ELF/LIBSGL.A(sglB036.o)
 .data          0x000000000602c900        0x0 ../../Compiler/COMMON/SGL_302j/LIB_ELF/LIBSGL.A(sglB038.o)
 .data          0x000000000602c900        0x0 ../../Compiler/COMMON/SGL_302j/LIB_ELF/LIBSGL.A(sglB039.o)
 .data          0x000000000602c900        0x0 ../../Compiler/COMMON/SGL_302j/LIB_ELF/LIBSGL.A(sglB040.o)
 .data          0x000000000602c900        0x0 ../../Compiler/COMMON/SGL_302j/LIB_ELF/LIBSGL.A(sglB041.o)
 .data          0x000000000602c900        0x0 ../../Compiler/COMMON/SGL_302j/LIB_ELF/LIBSGL.A(sglB042.o)
 .data          0x000000000602c900        0x0 ../../Compiler/COMMON/SGL_302j/LIB_ELF/LIBSGL.A(sglB043.o)
 .data          0x000000000602c900        0x0 ../../Compiler/COMMON/SGL_302j/LIB_ELF/LIBSGL.A(sglB044.o)
 .data          0x000000000602c900        0x0 ../../Compiler/COMMON/SGL_302j/LIB_ELF/LIBSGL.A(sglB045.o)
 .data          0x000000000602c900        0x0 ../../Compiler/COMMON/SGL_302j/LIB_ELF/LIBSGL.A(sglB047.o)
 .data          0x000000000602c900        0x0 ../../Compiler/COMMON/SGL_302j/LIB_ELF/LIBSGL.A(sglB048.o)
 .data          0x000000000602c900        0x0 ../../Compiler/COMMON/SGL_302j/LIB_ELF/LIBSGL.A(sglB056.o)
 .data          0x000000000602c900        0x0 ../../Compiler/COMMON/SGL_302j/LIB_ELF/LIBSGL.A(sglB059.o)
 .data          0x000000000602c900        0x0 ../../Compiler/COMMON/SGL_302j/LIB_ELF/LIBSGL.A(sglB060.o)
 .data          0x000000000602c900        0x0 ../../Compiler/COMMON/SGL_302j/LIB_ELF/LIBSGL.A(sglB063.o)
 .data          0x000000000602c900        0x0 ../../Compiler/COMMON/SGL_302j/LIB_ELF/LIBSGL.A(sglB087.o)
 .data          0x000000000602c900        0x0 ../../Compiler/COMMON/SGL_302j/LIB_ELF/LIBSGL.A(sglB088.o)
 .data          0x000000000602c900        0x0 ../../Compiler/COMMON/SGL_302j/LIB_ELF/LIBSGL.A(sglB090.o)
 .data          0x000000000602c900        0x0 ../../Compiler/COMMON/SGL_302j/LIB_ELF/LIBSGL.A(sglB200.o)
 .data          0x000000000602c900        0x0 ../../Compiler/COMMON/SGL_302j/LIB_ELF/LIBSGL.A(sglC04.o)
 .data          0x000000000602c900        0x0 ../../Compiler/COMMON/SGL_302j/LIB_ELF/LIBSGL.A(sglC05.o)
 .data          0x000000000602c900        0x0 ../../Compiler/COMMON/SGL_302j/LIB_ELF/LIBSGL.A(sglC06.o)
 .data          0x000000000602c900        0x0 ../../Compiler/COMMON/SGL_302j/LIB_ELF/LIBSGL.A(sglC07.o)
 .data          0x000000000602c900        0x0 ../../Compiler/COMMON/SGL_302j/LIB_ELF/LIBSGL.A(sglC08.o)
 .data          0x000000000602c900        0x0 ../../Compiler/COMMON/SGL_302j/LIB_ELF/LIBSGL.A(sglC17.o)
 .data          0x000000000602c900        0x0 ../../Compiler/COMMON/SGL_302j/LIB_ELF/LIBSGL.A(sglC19.o)
 .data          0x000000000602c900        0x0 ../../Compiler/COMMON/SGL_302j/LIB_ELF/LIBSGL.A(sglC20.o)
 .data          0x000000000602c900        0x0 ../../Compiler/COMMON/SGL_302j/LIB_ELF/LIBSGL.A(sglC21.o)
 .data          0x000000000602c900        0x0 ../../Compiler/COMMON/SGL_302j/LIB_ELF/LIBSGL.A(sglD00.o)
 .data          0x000000000602c900        0x0 ../../Compiler/COMMON/SGL_302j/LIB_ELF/LIBSGL.A(sglD01.o)
 .data          0x000000000602c900        0x0 ../../Compiler/COMMON/SGL_302j/LIB_ELF/LIBSGL.A(sglD03.o)
 .data          0x000000000602c900        0x0 ../../Compiler/COMMON/SGL_302j/LIB_ELF/LIBSGL.A(sglD15.o)
 .data          0x000000000602c900        0x0 ../../Compiler/COMMON/SGL_302j/LIB_ELF/LIBSGL.A(sglD16.o)
 .data          0x000000000602c900        0x0 ../../Compiler/COMMON/SGL_302j/LIB_ELF/LIBSGL.A(sglD17.o)
 .data          0x000000000602c900        0x0 ../../Compiler/COMMON/SGL_302j/LIB_ELF/LIBSGL.A(sglD18.o)
 .data          0x000000000602c900        0x0 ../../Compiler/COMMON/SGL_302j/LIB_ELF/LIBSGL.A(sglF00.o)
 .data          0x000000000602c900        0x0 ../../Compiler/COMMON/SGL_302j/LIB_ELF/LIBSGL.A(sglF03.o)
 .data          0x000000000602c900        0x0 ../../Compiler/COMMON/SGL_302j/LIB_ELF/LIBSGL.A(sglF05.o)
 .data          0x000000000602c900        0x0 ../../Compiler/COMMON/SGL_302j/LIB_ELF/LIBSGL.A(sglF08.o)
 .data          0x000000000602c900        0x0 ../../Compiler/COMMON/SGL_302j/LIB_ELF/LIBSGL.A(sglH00.o)
 .data          0x000000000602c900        0x0 ../../Compiler/COMMON/SGL_302j/LIB_ELF/LIBSGL.A(sglH01.o)
 .data          0x000000000602c900        0x0 ../../Compiler/COMMON/SGL_302j/LIB_ELF/LIBSGL.A(sglH02.o)
 .data          0x000000000602c900        0x0 ../../Compiler/COMMON/SGL_302j/LIB_ELF/LIBSGL.A(sglH04.o)
 .data          0x000000000602c900        0x0 ../../Compiler/COMMON/SGL_302j/LIB_ELF/LIBSGL.A(sglI01.o)
 .data          0x000000000602c900        0x0 ../../Compiler/COMMON/SGL_302j/LIB_ELF/LIBSGL.A(sglI04.o)
 .data          0x000000000602c900       0x80 ../../Compiler/COMMON/SGL_302j/LIB_ELF/LIBSGL.A(sglIc0.o)
                0x000000000602c900                IntPrioMask
 .data          0x000000000602c980        0x0 ../../Compiler/COMMON/SGL_302j/LIB_ELF/LIBSGL.A(sglJ00.o)
 .data          0x000000000602c980        0x0 ../../Compiler/COMMON/SGL_302j/LIB_ELF/LIBSGL.A(sglJ01.o)
 .data          0x000000000602c980        0x0 ../../Compiler/COMMON/SGL_302j/LIB_ELF/LIBSGL.A(sglJ02.o)
 .data          0x000000000602c980        0x0 ../../Compiler/COMMON/SGL_302j/LIB_ELF/LIBSGL.A(sglJ03.o)
 .data          0x000000000602c980        0x0 ../../Compiler/COMMON/SGL_302j/LIB_ELF/LIBSGL.A(sglJ04.o)
 .data          0x000000000602c980        0x0 ../../Compiler/COMMON/SGL_302j/LIB_ELF/LIBSGL.A(sglJ05.o)
 .data          0x000000000602c980        0x0 ../../Compiler/COMMON/SGL_302j/LIB_ELF/LIBSGL.A(sglK01.o)
 .data          0x000000000602c980        0x0 ../../Compiler/COMMON/SGL_302j/LIB_ELF/LIBSGL.A(sglM00.o)
 .data          0x000000000602c980        0x0 ../../Compiler/COMMON/SGL_302j/LIB_ELF/LIBSGL.A(sglM01.o)
 .data          0x000000000602c980        0x0 ../../Compiler/COMMON/SGL_302j/LIB_ELF/LIBSGL.A(sglA00.o)
 .data          0x000000000602c980        0x0 ../../Compiler/COMMON/SGL_302j/LIB_ELF/LIBSGL.A(sglA24.o)
 .data          0x000000000602c980        0x0 ../../Compiler/COMMON/SGL_302j/LIB_ELF/LIBSGL.A(sglA25.o)
 .data          0x000000000602c980        0x0 ../../Compiler/COMMON/SGL_302j/LIB_ELF/LIBSGL.A(sglA40.o)
 .data          0x000000000602c980        0x0 ../../Compiler/COMMON/SGL_302j/LIB_ELF/LIBSGL.A(sglB000.o)
 .data          0x000000000602c980        0x0 ../../Compiler/COMMON/SGL_302j/LIB_ELF/LIBSGL.A(sglC00.o)
 .data          0x000000000602c980        0x0 ../../Compiler/COMMON/SGL_302j/LIB_ELF/LIBSGL.A(sglC13.o)
 .data          0x000000000602c980        0x0 ../../Compiler/COMMON/SGL_302j/LIB_ELF/LIBSGL.A(sglD19.o)
 .data          0x000000000602c980        0x0 ../../Compiler/COMMON/SGL_302j/LIB_ELF/LIBSGL.A(sglI00.o)
 .data          0x000000000602c980        0x0 ../../Compiler/COMMON/SGL_302j/LIB_ELF/LIBSGL.A(sglH03.o)
 .data          0x000000000602c980        0x0 /home/ash/Documents/joengine-master/Compiler/LINUX/bin/../lib/gcc/sh-none-elf/8.2.0/libgcc.a(_ashiftrt.o)
 .data          0x000000000602c980        0x0 /home/ash/Documents/joengine-master/Compiler/LINUX/bin/../lib/gcc/sh-none-elf/8.2.0/libgcc.a(_sdivsi3.o)
 .data          0x000000000602c980        0x0 /home/ash/Documents/joengine-master/Compiler/LINUX/bin/../lib/gcc/sh-none-elf/8.2.0/libgcc.a(_udivsi3.o)
 .data          0x000000000602c980        0x0 /home/ash/Documents/joengine-master/Compiler/LINUX/bin/../lib/gcc/sh-none-elf/8.2.0/libgcc.a(_mul_sf.o)
 .data          0x000000000602c980        0x0 /home/ash/Documents/joengine-master/Compiler/LINUX/bin/../lib/gcc/sh-none-elf/8.2.0/libgcc.a(_div_sf.o)
 .data          0x000000000602c980        0x0 /home/ash/Documents/joengine-master/Compiler/LINUX/bin/../lib/gcc/sh-none-elf/8.2.0/libgcc.a(_ge_sf.o)
 .data          0x000000000602c980        0x0 /home/ash/Documents/joengine-master/Compiler/LINUX/bin/../lib/gcc/sh-none-elf/8.2.0/libgcc.a(_si_to_sf.o)
 .data          0x000000000602c980        0x0 /home/ash/Documents/joengine-master/Compiler/LINUX/bin/../lib/gcc/sh-none-elf/8.2.0/libgcc.a(_sf_to_si.o)
 .data          0x000000000602c980        0x0 /home/ash/Documents/joengine-master/Compiler/LINUX/bin/../lib/gcc/sh-none-elf/8.2.0/libgcc.a(_sf_to_df.o)
 .data          0x000000000602c980        0x0 /home/ash/Documents/joengine-master/Compiler/LINUX/bin/../lib/gcc/sh-none-elf/8.2.0/libgcc.a(_thenan_sf.o)
 .data          0x000000000602c980        0x0 /home/ash/Documents/joengine-master/Compiler/LINUX/bin/../lib/gcc/sh-none-elf/8.2.0/libgcc.a(_usi_to_sf.o)
 .data          0x000000000602c980        0x0 /home/ash/Documents/joengine-master/Compiler/LINUX/bin/../lib/gcc/sh-none-elf/8.2.0/libgcc.a(_make_df.o)
 .data          0x000000000602c980        0x0 /home/ash/Documents/joengine-master/Compiler/LINUX/bin/../lib/gcc/sh-none-elf/8.2.0/libgcc.a(_pack_sf.o)