Archive member included to satisfy reference by file (symbol)

../../Compiler/COMMON/SGL_302j/LIB_ELF/SEGA_SYS.A(sys_exit.o)
                              ../../jo_engine/core.o (symbol from plugin) (SYS_Exit)
../../Compiler/COMMON/SGL_302j/LIB_ELF/SEGA_SYS.A(sys_sub.o)
                              ../../Compiler/COMMON/SGL_302j/LIB_ELF/SEGA_SYS.A(sys_exit.o) (SYSUB_SetStackptr)
../../Compiler/COMMON/SGL_302j/LIB_ELF/LIBCD.A(CDC_CMN.O)
                              ../../Compiler/COMMON/SGL_302j/LIB_ELF/SEGA_SYS.A(sys_exit.o) (CDC_GetCurStat)
../../Compiler/COMMON/SGL_302j/LIB_ELF/LIBCD.A(CDC_CFS.O)
                              ../../Compiler/COMMON/SGL_302j/LIB_ELF/SEGA_SYS.A(sys_exit.o) (CDC_ChgDir)
../../Compiler/COMMON/SGL_302j/LIB_ELF/LIBCD.A(CDC_REG.O)
                              ../../Compiler/COMMON/SGL_302j/LIB_ELF/SEGA_SYS.A(sys_exit.o) (CDC_GetHirqReq)
../../Compiler/COMMON/SGL_302j/LIB_ELF/LIBCD.A(CDC_SUB.O)
                              ../../Compiler/COMMON/SGL_302j/LIB_ELF/LIBCD.A(CDC_CMN.O) (CDSUB_UpdStatus)
../../Compiler/COMMON/SGL_302j/LIB_ELF/LIBCD.A(GFS.O)
                              ../../jo_engine/fs.o (symbol from plugin) (GFS_Init)
../../Compiler/COMMON/SGL_302j/LIB_ELF/LIBCD.A(GFS_BUF.O)
                              ../../Compiler/COMMON/SGL_302j/LIB_ELF/LIBCD.A(GFS.O) (GFBF_GetNumData)
../../Compiler/COMMON/SGL_302j/LIB_ELF/LIBCD.A(GFS_CDB.O)
                              ../../Compiler/COMMON/SGL_302j/LIB_ELF/LIBCD.A(GFS.O) (GFCB_Close)
../../Compiler/COMMON/SGL_302j/LIB_ELF/LIBCD.A(GFS_CDC.O)
                              ../../Compiler/COMMON/SGL_302j/LIB_ELF/LIBCD.A(GFS.O) (GFCD_SetCdbfs)
../../Compiler/COMMON/SGL_302j/LIB_ELF/LIBCD.A(GFS_CDF.O)
                              ../../Compiler/COMMON/SGL_302j/LIB_ELF/LIBCD.A(GFS.O) (GFCF_Init)
../../Compiler/COMMON/SGL_302j/LIB_ELF/LIBCD.A(GFS_DIR.O)
                              ../../Compiler/COMMON/SGL_302j/LIB_ELF/LIBCD.A(GFS.O) (GFDR_SetupDirTbl)
../../Compiler/COMMON/SGL_302j/LIB_ELF/LIBCD.A(GFS_TRN.O)
                              ../../Compiler/COMMON/SGL_302j/LIB_ELF/LIBCD.A(GFS.O) (GFTR_Setup)
../../Compiler/COMMON/SGL_302j/LIB_ELF/LIBCD.A(CDC_DRV.O)
                              ../../Compiler/COMMON/SGL_302j/LIB_ELF/LIBCD.A(GFS_CDC.O) (CDC_CdPlay)
../../Compiler/COMMON/SGL_302j/LIB_ELF/LIBCD.A(CDC_DEV.O)
                              ../../Compiler/COMMON/SGL_302j/LIB_ELF/LIBCD.A(GFS_CDC.O) (CDC_CdSetCon)
../../Compiler/COMMON/SGL_302j/LIB_ELF/LIBCD.A(CDC_SEL.O)
                              ../../Compiler/COMMON/SGL_302j/LIB_ELF/LIBCD.A(GFS_CDC.O) (CDC_SetFiltRange)
../../Compiler/COMMON/SGL_302j/LIB_ELF/LIBCD.A(CDC_BIF.O)
                              ../../Compiler/COMMON/SGL_302j/LIB_ELF/LIBCD.A(GFS_CDC.O) (CDC_GetBufSiz)
../../Compiler/COMMON/SGL_302j/LIB_ELF/LIBCD.A(CDC_BIO.O)
                              ../../Compiler/COMMON/SGL_302j/LIB_ELF/LIBCD.A(GFS_CDC.O) (CDC_SetSctLen)
../../Compiler/COMMON/SGL_302j/LIB_ELF/LIBSGL.A(sglA01.o)
                              main.o (symbol from plugin) (slSin)
../../Compiler/COMMON/SGL_302j/LIB_ELF/LIBSGL.A(sglA02.o)
                              newcol.o (symbol from plugin) (slNormalVector)
../../Compiler/COMMON/SGL_302j/LIB_ELF/LIBSGL.A(sglA04.o)
                              main.o (symbol from plugin) (slAtan)
../../Compiler/COMMON/SGL_302j/LIB_ELF/LIBSGL.A(sglA05.o)
                              main.o (symbol from plugin) (slSquartFX)
../../Compiler/COMMON/SGL_302j/LIB_ELF/LIBSGL.A(sglA06.o)
                              main.o (symbol from plugin) (slMulFX)
../../Compiler/COMMON/SGL_302j/LIB_ELF/LIBSGL.A(sglA07.o)
                              main.o (symbol from plugin) (slDivFX)
../../Compiler/COMMON/SGL_302j/LIB_ELF/LIBSGL.A(sglA08.o)
                              main.o (symbol from plugin) (slInnerProduct)
../../Compiler/COMMON/SGL_302j/LIB_ELF/LIBSGL.A(sglA10.o)
                              ../../Compiler/COMMON/SGL_302j/LIB_ELF/LIBSGL.A(sglA02.o) (slSquartDbl)
../../Compiler/COMMON/SGL_302j/LIB_ELF/LIBSGL.A(sglA15.o)
                              ../../jo_engine/slave.o (symbol from plugin) (slSlaveFunc)
../../Compiler/COMMON/SGL_302j/LIB_ELF/LIBSGL.A(sglA16.o)
                              main.o (symbol from plugin) (slLookAt)
../../Compiler/COMMON/SGL_302j/LIB_ELF/LIBSGL.A(sglA17.o)
                              ../../Compiler/COMMON/SGL_302j/LIB_ELF/LIBSGL.A(sglA16.o) (slRotZ)
../../Compiler/COMMON/SGL_302j/LIB_ELF/LIBSGL.A(sglA18.o)
                              main.o (symbol from plugin) (slRotY)
../../Compiler/COMMON/SGL_302j/LIB_ELF/LIBSGL.A(sglA19.o)
                              main.o (symbol from plugin) (slRotX)
../../Compiler/COMMON/SGL_302j/LIB_ELF/LIBSGL.A(sglA20.o)
                              ../../jo_engine/core.o (symbol from plugin) (slUnitMatrix)
../../Compiler/COMMON/SGL_302j/LIB_ELF/LIBSGL.A(sglA21.o)
                              main.o (symbol from plugin) (slPushMatrix)
[...]
Memory Configuration

Name             Origin             Length             Attributes
*default*        0x0000000000000000 0xffffffffffffffff

Linker script and memory map


SLSTART         0x0000000006004000       0x30
                0x0000000006004000                ___Start = .
 *(SLSTART)
 SLSTART        0x0000000006004000       0x28 ../../Compiler/COMMON/SGL_302j/LIB_ELF/LIBSGL.A(sglI00.o)
                0x0000000006004000                SGL_Start
                0x0000000006004002                slStartSGL

.text           0x0000000006004040    0x12380
 *(.text)
 .text          0x0000000006004040        0x0 ../../Compiler/COMMON/SGL_302j/LIB_ELF/SGLAREA.O
 .text          0x0000000006004040     0x52b0 /tmp/ccHt7CB2.ltrans0.ltrans.o
 .text          0x00000000060092f0      0x238 ../../Compiler/COMMON/SGL_302j/LIB_ELF/SEGA_SYS.A(sys_exit.o)
                0x00000000060092f0                sys_version
                0x0000000006009310                SYS_Exit
 *fill*         0x0000000006009528        0x8 
 .text          0x0000000006009530        0x6 ../../Compiler/COMMON/SGL_302j/LIB_ELF/SEGA_SYS.A(sys_sub.o)
                0x0000000006009530                SYSUB_SetStackptr
 *fill*         0x0000000006009536        0xa 
 .text          0x0000000006009540      0x3a0 ../../Compiler/COMMON/SGL_302j/LIB_ELF/LIBCD.A(CDC_CMN.O)
                0x0000000006009540                CDC_GetCurStat
                0x0000000006009590                CDC_GetLastStat
                0x00000000060095a8                CDC_GetPeriStat
                0x000000000600967c                CDC_GetHwInfo
                0x00000000060096e4                CDC_TgetToc
                0x0000000006009734                CDC_GetSes
                0x0000000006009770                CDC_CdInit
                0x00000000060097f4                CDC_CdOpen
                0x000000000600981c                CDC_DataReady
                0x0000000006009888                CDC_DataEnd
 .text          0x00000000060098e0      0x194 ../../Compiler/COMMON/SGL_302j/LIB_ELF/LIBCD.A(CDC_CFS.O)
                0x00000000060098e0                CDC_ChgDir
                0x0000000006009914                CDC_ReadDir
                0x0000000006009948                CDC_GetFileScope
                0x00000000060099a8                CDC_TgetFileInfo
                0x0000000006009a04                CDC_ReadFile
                0x0000000006009a38                CDC_AbortFile
 *fill*         0x0000000006009a74        0xc 
 .text          0x0000000006009a80      0x2dc ../../Compiler/COMMON/SGL_302j/LIB_ELF/LIBCD.A(CDC_REG.O)
                0x0000000006009a80                CDC_GetDataPtr
                0x0000000006009a90                CDC_GetHirqReq
                0x0000000006009aa4                CDC_ClrHirqReq
                0x0000000006009ad4                CDREG_ClrHirqReq
                0x0000000006009ae4                CDREG_InitHirqReq
                0x0000000006009b0c                CDREG_SetHirqFlag
                0x0000000006009b20                CDC_GetHirqMsk
                0x0000000006009b34                CDC_SetHirqMsk
                0x0000000006009b44                CDC_GetMpegPtr
                0x0000000006009b54                CDREG_TgetData
                0x0000000006009bb0                CDREG_CmdRsp
                0x0000000006009cb0                CDREG_WaitHirq
                0x0000000006009d20                CDREG_ReadRsp
 *fill*         0x0000000006009d5c        0x4 
 .text          0x0000000006009d60      0x152 ../../Compiler/COMMON/SGL_302j/LIB_ELF/LIBCD.A(CDC_SUB.O)
                0x0000000006009d60                CDSUB_UpdStatus
                0x0000000006009d78                CDSUB_UpdCdstat
                0x0000000006009d98                CDSUB_CdCmd
                0x0000000006009e08                CDSUB_GetCdstat
                0x0000000006009e48                CDSUB_RspToCdstat
                0x0000000006009e90                CDSUB_SoftTimer
 *fill*         0x0000000006009eb2        0xe 
 .text          0x0000000006009ec0     0x1adc ../../Compiler/COMMON/SGL_302j/LIB_ELF/LIBCD.A(GFS.O)
                0x0000000006009ec0                gfs_version
                0x0000000006009ee0                GFS_Init
                0x0000000006009fc8                GFS_LoadDir
                0x000000000600a070                GFS_SetDir
                0x000000000600a0d8                GFS_NameToId
                0x000000000600a13c                GFS_IdToName
                0x000000000600a1a8                GFS_GetDirInfo
                0x000000000600a218                GFS_Reset
                0x000000000600a29c                GFS_Open
                0x000000000600a350                GFS_Close
                0x000000000600a388                GFS_Seek
                0x000000000600a43c                GFS_Tell
                0x000000000600a48c                GFS_IsEof
                0x000000000600a4e0                GFS_ByteToSct
                0x000000000600a53c                GFS_GetFileSize
                0x000000000600a598                GFS_GetFileInfo
                0x000000000600a60c                GFS_GetNumCdbuf
                0x000000000600a634                GFS_Load
                0x000000000600a6f8                GFS_Fread
                0x000000000600a794                gfs_waitRead
                0x000000000600a83c                GFS_NwFread
                0x000000000600a948                GFS_NwCdRead
                0x000000000600a9c0                GFS_NwIsComplete
                0x000000000600a9f8                GFS_NwStop
                0x000000000600aa64                GFS_NwGetStat
                0x000000000600aae0                gfs_recovRdErr
                0x000000000600ab10                GFS_NwExecOne
                0x000000000600abd0                GFS_NwExecServer
                0x000000000600ac4c                GFS_SetGmode
                0x000000000600acb0                GFS_SetTmode
                0x000000000600ad1c                GFS_SetReadPara
                0x000000000600ad80                GFS_SetTransPara
                0x000000000600adec                GFS_SetTrFunc
                0x000000000600ae50                GFS_StartTrans
                0x000000000600ae9c                GFS_CdMovePickup
                0x000000000600af08                GFS_SetErrFunc
                0x000000000600af34                GFS_GetErrStat
                0x000000000600af58                GFS_ConvTno
                0x000000000600af80                gfs_chgRoot
                0x000000000600b04c                gfs_aborttrans
                0x000000000600b058                gfs_mngSetupFuncTbl
                0x000000000600b08c                gfs_mngInitWork
                0x000000000600b130                gfs_mngGetNumFile
                0x000000000600b198                GFS_mngAllocGrp
                0x000000000600b1e0                gfs_mngFreeGrp
                0x000000000600b1ec                gfs_mngTermAccess
                0x000000000600b270                gfs_mngSetErrCode
                0x000000000600b2f0                gfs_svrSearchHndl
                0x000000000600b330                gfs_svrAddHndl
                0x000000000600b36c                gfs_svrRemoveHndl
                0x000000000600b3c8                GFS_OpenSub
                0x000000000600b420                gfs_loadVol
                0x000000000600b4e4                gfs_getRootDir
                0x000000000600b5e0                gfs_loadRootDir
                0x000000000600b668                gfs_flowIn
                0x000000000600b710                gfs_transData
                0x000000000600b7b4                GFS_GetFad
                0x000000000600b80c                gfs_SetSct
                0x000000000600b84c                gfs_GetFinfo
                0x000000000600b88c                gfs_closeSub
                0x000000000600b8c8                gfs_getGmode
                0x000000000600b8d4                gfs_isTaskDone
                0x000000000600b928                gfs_convFinStat
 *fill*         0x000000000600b99c        0x4 
 .text          0x000000000600b9a0      0x106 ../../Compiler/COMMON/SGL_302j/LIB_ELF/LIBCD.A(GFS_BUF.O)
                0x000000000600b9d0                GFBF_GetTranData
                0x000000000600b9f8                GFBF_GetNumData
                0x000000000600ba28                GFBF_GetSrcPk
                0x000000000600ba50                GFBF_GetSctData
                0x000000000600ba74                GFBF_RtnPk
                0x000000000600ba9c                gfbf_getSctDt
 *fill*         0x000000000600baa6        0xa 
 .text          0x000000000600bab0      0x600 ../../Compiler/COMMON/SGL_302j/LIB_ELF/LIBCD.A(GFS_CDB.O)
                0x000000000600bab0                GFCB_Setup
                0x000000000600bbd0                GFCB_Close
                0x000000000600bbf8                GFCB_GetLenData
                0x000000000600bca4                GFCB_GetLenRoom
                0x000000000600bcb0                GFCB_SetFilt
                0x000000000600bd18                GFCB_DeleteAllData
                0x000000000600bd40                GFCB_Tell
                0x000000000600bd50                gfcb_getSctNum
                0x000000000600bda0                GFCB_Seek
                0x000000000600be9c                GFCB_GetSrcPack
                0x000000000600bf7c                GFCB_GetSctData
                0x000000000600bfb4                GFCB_GetDstPack
                0x000000000600bfc0                GFCB_RtnPk
                0x000000000600c008                GFCB_MovePickup
                0x000000000600c024                GFCB_SetCon
                0x000000000600c058                GFCB_GetPickup
                0x000000000600c080                GFCB_IsPuOwner
                0x000000000600c098                GFCB_UngetPickup
 .text          0x000000000600c0b0     0x1a10 ../../Compiler/COMMON/SGL_302j/LIB_ELF/LIBCD.A(GFS_CDC.O)
                0x000000000600c0b0                GFCD_SetCdbfs
                0x000000000600c0dc                GFCD_Init
                0x000000000600c2e0                GFCD_AllocFilt
                0x000000000600c31c                GFCD_FreeFilt
                0x000000000600c34c                GFCD_AllocBuf
                0x000000000600c380                GFCD_FreeBuf
                0x000000000600c424                GFCD_GetBaseFad
                0x000000000600c458                GFCD_GetPickup
                0x000000000600c48c                GFCD_UngetPickup
                0x000000000600c4b8                GFCD_IsPuOwner
                0x000000000600c4dc                GFCD_SetFilt
                0x000000000600c5a0                GFCD_GetFilt
                0x000000000600c5e8                GFCD_SetCon
                0x000000000600c640                GFCD_Play
                0x000000000600c6a0                GFCD_GetLenData
                0x000000000600c708                GFCD_ReqData
                0x000000000600c764                GFCD_EndData
                0x000000000600c7ac                GFCD_DelSctData
                0x000000000600c804                GFCD_CheckDelSctData
                0x000000000600c834                GFCD_GetStat
                0x000000000600c8e8                GFCD_MovePickup
                0x000000000600c934                GFCD_MoveSctData
                0x000000000600c9a8                GFCD_CheckMove
                0x000000000600c9cc                GFCD_GetSctInfo
                0x000000000600ca14                GFCD_ChgDir
                0x000000000600ca88                GFCD_SetFiltCon
                0x000000000600cb70                GFCD_GetFileInfo
                0x000000000600cc4c                GFCD_GetBufSiz
                0x000000000600cc84                GFCD_ExecServer
                0x000000000600cd58                gfcd_isIdleTask
                0x000000000600cde4                gfcd_doTask
                0x000000000600ce90                GFCD_SetTimer
                0x000000000600cea4                GFCD_WaitServer
                0x000000000600cee0                gfcd_doSetFiltTsk
                0x000000000600d0a4                gfcd_doSetConTsk
                0x000000000600d134                gfcd_doGetLenDataTsk
                0x000000000600d288                gfcd_doReqDataTsk
                0x000000000600d328                gfcd_doDelSctDataTsk
                0x000000000600d45c                gfcd_doMoveSctTsk
                0x000000000600d5c0                gfcd_doChgDirTsk
                0x000000000600d7bc                gfcd_doSetFiltConTsk
                0x000000000600d900                gfcd_checkEflag
                0x000000000600d924                gfcd_initCdbMng
                0x000000000600d9a4                gfcd_setStat
                0x000000000600d9d0                GFCD_SetCsctFunc
                0x000000000600d9ec                GFCD_ChkScdqFlag
                0x000000000600da10                GFCD_ClrScdqFlag
                0x000000000600da2c                GFCD_WaitScdqFlag
                0x000000000600da70                GFCD_WaitPause
 .text          0x000000000600dac0      0x8d8 ../../Compiler/COMMON/SGL_302j/LIB_ELF/LIBCD.A(GFS_CDF.O)
                0x000000000600dac0                GFCF_Init
                0x000000000600db60                GFCF_Setup
                0x000000000600dca8                GFCF_SetSct
                0x000000000600dcec                GFCF_GetFileInfo
                0x000000000600dd60                GFCF_FlowInBuf
                0x000000000600deb4                GFCF_StopInBuf
                0x000000000600df54                GFCF_Recover
                0x000000000600df9c                GFCF_Tell
                0x000000000600dfb4                GFCF_Seek
                0x000000000600dfcc                GFCF_MovePickup
                0x000000000600e068                GFCF_cnvIntlvOfs
                0x000000000600e0bc                GFCF_GetStat
                0x000000000600e154                gfcf_getSctSize
                0x000000000600e190                gfcf_isCdOk
                0x000000000600e250                gfcf_getPlayRange
 *fill*         0x000000000600e398        0x8 
 .text          0x000000000600e3a0      0x92c ../../Compiler/COMMON/SGL_302j/LIB_ELF/LIBCD.A(GFS_DIR.O)
                0x000000000600e3a0                GFDR_SetupDirTbl
                0x000000000600e414                GFDR_NameToId
                0x000000000600e474                GFDR_GetInfoDirId
                0x000000000600e488                GFDR_GetInfoDirName
                0x000000000600e49c                GFDR_GetAtrDirId
                0x000000000600e4b4                GFDR_GetAtrDirName
                0x000000000600e4cc                GFDR_ChgRoot
                0x000000000600e4e4                GFDR_ChgDir
                0x000000000600e558                gfdr_setupDirIdTbl
                0x000000000600e5dc                gfdr_setupDirNameTbl
                0x000000000600e688                gfdr_open
                0x000000000600e6b0                gfdr_read
                0x000000000600e770                gfdr_readByte
                0x000000000600e79c                gfdr_readWord
                0x000000000600e7c8                gfdr_readWordNB
                0x000000000600e81c                gfdr_readLongNB
                0x000000000600e868                gfdr_readLongNM
                0x000000000600e890                gfdr_setNextRec
                0x000000000600e914                gfdr_readDirEnt
                0x000000000600ec90                gfdr_setDirrecCd
 *fill*         0x000000000600eccc        0x4 
 .text          0x000000000600ecd0      0x9c6 ../../Compiler/COMMON/SGL_302j/LIB_ELF/LIBCD.A(GFS_TRN.O)
                0x000000000600ed00                GFTR_Setup
                0x000000000600ed44                GFTR_SetMode
                0x000000000600ed58                GFTR_SetUnit
                0x000000000600ed64                GFTR_SetTransPara
                0x000000000600ed98                GFTR_GetTransPara
                0x000000000600eda4                GFTR_GetNumTrans
                0x000000000600edb0                GFTR_SetTransMax
                0x000000000600edbc                GFTR_Start
                0x000000000600edc8                GFTR_Pause
                0x000000000600edd4                GFTR_Stop
                0x000000000600ee8c                GFTR_Exec
                0x000000000600ef10                GFTR_Idle
                0x000000000600ef88                GFTR_ExecSvr
                0x000000000600f090                gftr_getSrcPack
                0x000000000600f118                gftr_getDstPack
                0x000000000600f174                gftr_reqScu
                0x000000000600f180                gftr_execScu
                0x000000000600f21c                gftr_remScu
                0x000000000600f250                gfdma_canUse
                0x000000000600f25c                gfdma_exec
                0x000000000600f2cc                gfdma_getBytecnt
                0x000000000600f304                gftr_reqDma0
                0x000000000600f31c                gftr_execSdma0
                0x000000000600f340                gftr_remDma0
                0x000000000600f358                gftr_reqDma1
                0x000000000600f370                gftr_execSdma1
                0x000000000600f394                gftr_remDma1
                0x000000000600f3ac                gftr_reqCpu
                0x000000000600f3b8                gftr_execCpu
                0x000000000600f3f8                gftr_remCpu
                0x000000000600f404                gftr_reqTrn
                0x000000000600f474                gftr_execTrn
                0x000000000600f54c                gftr_remTrn
                0x000000000600f5c0                gftr_copyFrac
                0x000000000600f5e8                GFTR_GetLenData
                0x000000000600f5f4                GFTR_GetLenRoom
                0x000000000600f60c                GFTR_GetDstPack
                0x000000000600f640                GFTR_RtnDstPk
                0x000000000600f65c                GFTR_GetData
                0x000000000600f670                GFTR_SetData
                0x000000000600f684                GFTR_SetTransFunc
 *fill*         0x000000000600f696        0xa 
 .text          0x000000000600f6a0      0x130 ../../Compiler/COMMON/SGL_302j/LIB_ELF/LIBCD.A(CDC_DRV.O)
                0x000000000600f6a0                CDC_CdPlay
                0x000000000600f76c                CDC_CdSeek
                0x000000000600f7a0                CDC_CdScan
 .text          0x000000000600f7d0       0xa8 ../../Compiler/COMMON/SGL_302j/LIB_ELF/LIBCD.A(CDC_DEV.O)
                0x000000000600f7d0                CDC_CdSetCon
                0x000000000600f800                CDC_CdGetCon
                0x000000000600f83c                CDC_CdGetLastBuf
 *fill*         0x000000000600f878        0x8 
 .text          0x000000000600f880      0x2b8 ../../Compiler/COMMON/SGL_302j/LIB_ELF/LIBCD.A(CDC_SEL.O)
                0x000000000600f880                CDC_SetFiltRange
                0x000000000600f8b4                CDC_GetFiltRange
                0x000000000600f90c                CDC_SetFiltSubh
                0x000000000600f97c                CDC_GetFiltSubh
                0x000000000600f9f8                CDC_SetFiltMode
                0x000000000600fa2c                CDC_GetFiltMode
                0x000000000600fa70                CDC_SetFiltCon
                0x000000000600fab0                CDC_GetFiltCon
                0x000000000600fb04                CDC_ResetSelector
 *fill*         0x000000000600fb38        0x8 
 .text          0x000000000600fb40      0x270 ../../Compiler/COMMON/SGL_302j/LIB_ELF/LIBCD.A(CDC_BIF.O)
                0x000000000600fb40                CDC_GetBufSiz
                0x000000000600fb9c                CDC_GetSctNum
                0x000000000600fbe0                CDC_CalActSiz
                0x000000000600fc1c                CDC_GetActSiz
                0x000000000600fc9c                CDC_GetSctInfo
                0x000000000600fd1c                CDC_ExeFadSearch
                0x000000000600fd54                CDC_GetFadSearch
 .text          0x000000000600fdb0      0x1e4 ../../Compiler/COMMON/SGL_302j/LIB_ELF/LIBCD.A(CDC_BIO.O)
                0x000000000600fdb0                CDC_SetSctLen
                0x000000000600fde4                CDC_GetSctData
                0x000000000600fe20                CDC_DelSctData
                0x000000000600fe5c                CDC_GetdelSctData
                0x000000000600fe98                CDC_PutSctData
                0x000000000600fed0                CDC_CopySctData
                0x000000000600ff14                CDC_MoveSctData
                0x000000000600ff58                CDC_GetCopyErr
 *fill*         0x000000000600ff94        0xc 
 .text          0x000000000600ffa0        0x0 ../../Compiler/COMMON/SGL_302j/LIB_ELF/LIBSGL.A(sglA01.o)
 .text          0x000000000600ffa0        0x0 ../../Compiler/COMMON/SGL_302j/LIB_ELF/LIBSGL.A(sglA02.o)
 .text          0x000000000600ffa0        0x0 ../../Compiler/COMMON/SGL_302j/LIB_ELF/LIBSGL.A(sglA04.o)
 .text          0x000000000600ffa0        0x0 ../../Compiler/COMMON/SGL_302j/LIB_ELF/LIBSGL.A(sglA05.o)
 .text          0x000000000600ffa0        0x0 ../../Compiler/COMMON/SGL_302j/LIB_ELF/LIBSGL.A(sglA06.o)
 .text          0x000000000600ffa0        0x0 ../../Compiler/COMMON/SGL_302j/LIB_ELF/LIBSGL.A(sglA07.o)
 .text          0x000000000600ffa0        0x0 ../../Compiler/COMMON/SGL_302j/LIB_ELF/LIBSGL.A(sglA08.o)
 .text          0x000000000600ffa0        0x0 ../../Compiler/COMMON/SGL_302j/LIB_ELF/LIBSGL.A(sglA10.o)
 .text          0x000000000600ffa0        0x0 ../../Compiler/COMMON/SGL_302j/LIB_ELF/LIBSGL.A(sglA15.o)
 .text          0x000000000600ffa0        0x0 ../../Compiler/COMMON/SGL_302j/LIB_ELF/LIBSGL.A(sglA16.o)
 .text          0x000000000600ffa0        0x0 ../../Compiler/COMMON/SGL_302j/LIB_ELF/LIBSGL.A(sglA17.o)
 .text          0x000000000600ffa0        0x0 ../../Compiler/COMMON/SGL_302j/LIB_ELF/LIBSGL.A(sglA18.o)
 .text          0x000000000600ffa0        0x0 ../../Compiler/COMMON/SGL_302j/LIB_ELF/LIBSGL.A(sglA19.o)
 .text          0x000000000600ffa0        0x0 ../../Compiler/COMMON/SGL_302j/LIB_ELF/LIBSGL.A(sglA20.o)
 .text          0x000000000600ffa0        0x0 ../../Compiler/COMMON/SGL_302j/LIB_ELF/LIBSGL.A(sglA21.o)
 .text          0x000000000600ffa0        0x0 ../../Compiler/COMMON/SGL_302j/LIB_ELF/LIBSGL.A(sglA27.o)
 .text          0x000000000600ffa0        0x0 ../../Compiler/COMMON/SGL_302j/LIB_ELF/LIBSGL.A(sglA28.o)
 .text          0x000000000600ffa0        0x0 ../../Compiler/COMMON/SGL_302j/LIB_ELF/LIBSGL.A(sglB001.o)
 .text          0x000000000600ffa0        0x0 ../../Compiler/COMMON/SGL_302j/LIB_ELF/LIBSGL.A(sglB011.o)
 .text          0x000000000600ffa0        0x0 ../../Compiler/COMMON/SGL_302j/LIB_ELF/LIBSGL.A(sglB014.o)
 .text          0x000000000600ffa0        0x0 ../../Compiler/COMMON/SGL_302j/LIB_ELF/LIBSGL.A(sglB015.o)
 .text          0x000000000600ffa0        0x0 ../../Compiler/COMMON/SGL_302j/LIB_ELF/LIBSGL.A(sglB016.o)
 .text          0x000000000600ffa0        0x0 ../../Compiler/COMMON/SGL_302j/LIB_ELF/LIBSGL.A(sglB020.o)
 .text          0x000000000600ffa0        0x0 ../../Compiler/COMMON/SGL_302j/LIB_ELF/LIBSGL.A(sglB021.o)
 .text          0x000000000600ffa0        0x0 ../../Compiler/COMMON/SGL_302j/LIB_ELF/LIBSGL.A(sglB023.o)
 .text          0x000000000600ffa0        0x0 ../../Compiler/COMMON/SGL_302j/LIB_ELF/LIBSGL.A(sglB032.o)
 .text          0x000000000600ffa0        0x0 ../../Compiler/COMMON/SGL_302j/LIB_ELF/LIBSGL.A(sglB035.o)
 .text          0x000000000600ffa0        0x0 ../../Compiler/COMMON/SGL_302j/LIB_ELF/LIBSGL.A(sglB036.o)
 .text          0x000000000600ffa0        0x0 ../../Compiler/COMMON/SGL_302j/LIB_ELF/LIBSGL.A(sglB038.o)
 .text          0x000000000600ffa0        0x0 ../../Compiler/COMMON/SGL_302j/LIB_ELF/LIBSGL.A(sglB039.o)
 .text          0x000000000600ffa0        0x0 ../../Compiler/COMMON/SGL_302j/LIB_ELF/LIBSGL.A(sglB040.o)
 .text          0x000000000600ffa0        0x0 ../../Compiler/COMMON/SGL_302j/LIB_ELF/LIBSGL.A(sglB041.o)
 .text          0x000000000600ffa0        0x0 ../../Compiler/COMMON/SGL_302j/LIB_ELF/LIBSGL.A(sglB042.o)
 .text          0x000000000600ffa0        0x0 ../../Compiler/COMMON/SGL_302j/LIB_ELF/LIBSGL.A(sglB043.o)
 .text          0x000000000600ffa0        0x0 ../../Compiler/COMMON/SGL_302j/LIB_ELF/LIBSGL.A(sglB044.o)
 .text          0x000000000600ffa0        0x0 ../../Compiler/COMMON/SGL_302j/LIB_ELF/LIBSGL.A(sglB045.o)
 .text          0x000000000600ffa0        0x0 ../../Compiler/COMMON/SGL_302j/LIB_ELF/LIBSGL.A(sglB047.o)
 .text          0x000000000600ffa0        0x0 ../../Compiler/COMMON/SGL_302j/LIB_ELF/LIBSGL.A(sglB048.o)
 .text          0x000000000600ffa0        0x0 ../../Compiler/COMMON/SGL_302j/LIB_ELF/LIBSGL.A(sglB056.o)
 .text          0x000000000600ffa0        0x0 ../../Compiler/COMMON/SGL_302j/LIB_ELF/LIBSGL.A(sglB059.o)
 .text          0x000000000600ffa0        0x0 ../../Compiler/COMMON/SGL_302j/LIB_ELF/LIBSGL.A(sglB060.o)
 .text          0x000000000600ffa0        0x0 ../../Compiler/COMMON/SGL_302j/LIB_ELF/LIBSGL.A(sglB063.o)
 .text          0x000000000600ffa0        0x0 ../../Compiler/COMMON/SGL_302j/LIB_ELF/LIBSGL.A(sglB087.o)
 .text          0x000000000600ffa0        0x0 ../../Compiler/COMMON/SGL_302j/LIB_ELF/LIBSGL.A(sglB088.o)
 .text          0x000000000600ffa0        0x0 ../../Compiler/COMMON/SGL_302j/LIB_ELF/LIBSGL.A(sglB090.o)
 .text          0x000000000600ffa0        0x0 ../../Compiler/COMMON/SGL_302j/LIB_ELF/LIBSGL.A(sglB200.o)
 .text          0x000000000600ffa0        0x0 ../../Compiler/COMMON/SGL_302j/LIB_ELF/LIBSGL.A(sglC04.o)
 .text          0x000000000600ffa0        0x0 ../../Compiler/COMMON/SGL_302j/LIB_ELF/LIBSGL.A(sglC05.o)
 .text          0x000000000600ffa0        0x0 ../../Compiler/COMMON/SGL_302j/LIB_ELF/LIBSGL.A(sglC06.o)
 .text          0x000000000600ffa0        0x0 ../../Compiler/COMMON/SGL_302j/LIB_ELF/LIBSGL.A(sglC07.o)
 .text          0x000000000600ffa0        0x0 ../../Compiler/COMMON/SGL_302j/LIB_ELF/LIBSGL.A(sglC08.o)
 .text          0x000000000600ffa0        0x0 ../../Compiler/COMMON/SGL_302j/LIB_ELF/LIBSGL.A(sglC17.o)
 .text          0x000000000600ffa0        0x0 ../../Compiler/COMMON/SGL_302j/LIB_ELF/LIBSGL.A(sglC19.o)
 .text          0x000000000600ffa0        0x0 ../../Compiler/COMMON/SGL_302j/LIB_ELF/LIBSGL.A(sglC20.o)
 .text          0x000000000600ffa0        0x0 ../../Compiler/COMMON/SGL_302j/LIB_ELF/LIBSGL.A(sglC21.o)
 .text          0x000000000600ffa0        0x0 ../../Compiler/COMMON/SGL_302j/LIB_ELF/LIBSGL.A(sglD00.o)
 .text          0x000000000600ffa0        0x0 ../../Compiler/COMMON/SGL_302j/LIB_ELF/LIBSGL.A(sglD01.o)
 .text          0x000000000600ffa0        0x0 ../../Compiler/COMMON/SGL_302j/LIB_ELF/LIBSGL.A(sglD03.o)
 .text          0x000000000600ffa0        0x0 ../../Compiler/COMMON/SGL_302j/LIB_ELF/LIBSGL.A(sglD15.o)
 .text          0x000000000600ffa0        0x0 ../../Compiler/COMMON/SGL_302j/LIB_ELF/LIBSGL.A(sglD16.o)
 .text          0x000000000600ffa0        0x0 ../../Compiler/COMMON/SGL_302j/LIB_ELF/LIBSGL.A(sglD17.o)
 .text          0x000000000600ffa0        0x0 ../../Compiler/COMMON/SGL_302j/LIB_ELF/LIBSGL.A(sglD18.o)
 .text          0x000000000600ffa0        0x0 ../../Compiler/COMMON/SGL_302j/LIB_ELF/LIBSGL.A(sglF00.o)
 .text          0x000000000600ffa0        0x0 ../../Compiler/COMMON/SGL_302j/LIB_ELF/LIBSGL.A(sglF03.o)
 .text          0x000000000600ffa0        0x0 ../../Compiler/COMMON/SGL_302j/LIB_ELF/LIBSGL.A(sglF05.o)
 .text          0x000000000600ffa0        0x0 ../../Compiler/COMMON/SGL_302j/LIB_ELF/LIBSGL.A(sglF08.o)
 .text          0x000000000600ffa0        0x0 ../../Compiler/COMMON/SGL_302j/LIB_ELF/LIBSGL.A(sglH00.o)
 .text          0x000000000600ffa0        0x0 ../../Compiler/COMMON/SGL_302j/LIB_ELF/LIBSGL.A(sglH01.o)
 .text          0x000000000600ffa0        0x0 ../../Compiler/COMMON/SGL_302j/LIB_ELF/LIBSGL.A(sglH02.o)
 .text          0x000000000600ffa0        0x0 ../../Compiler/COMMON/SGL_302j/LIB_ELF/LIBSGL.A(sglH04.o)
 .text          0x000000000600ffa0        0x0 ../../Compiler/COMMON/SGL_302j/LIB_ELF/LIBSGL.A(sglI01.o)
 .text          0x000000000600ffa0        0x0 ../../Compiler/COMMON/SGL_302j/LIB_ELF/LIBSGL.A(sglI04.o)
 .text          0x000000000600ffa0      0x128 ../../Compiler/COMMON/SGL_302j/LIB_ELF/LIBSGL.A(sglIc0.o)
                0x000000000600ffa0                slInitSystem
 *fill*         0x00000000060100c8        0x8 
 .text          0x00000000060100d0        0x0 ../../Compiler/COMMON/SGL_302j/LIB_ELF/LIBSGL.A(sglJ00.o)
 .text          0x00000000060100d0        0x0 ../../Compiler/COMMON/SGL_302j/LIB_ELF/LIBSGL.A(sglJ01.o)
 .text          0x00000000060100d0        0x0 ../../Compiler/COMMON/SGL_302j/LIB_ELF/LIBSGL.A(sglJ02.o)
 .text          0x00000000060100d0        0x0 ../../Compiler/COMMON/SGL_302j/LIB_ELF/LIBSGL.A(sglJ03.o)
 .text          0x00000000060100d0        0x0 ../../Compiler/COMMON/SGL_302j/LIB_ELF/LIBSGL.A(sglJ04.o)
 .text          0x00000000060100d0        0x0 ../../Compiler/COMMON/SGL_302j/LIB_ELF/LIBSGL.A(sglJ05.o)
 .text          0x00000000060100d0        0x0 ../../Compiler/COMMON/SGL_302j/LIB_ELF/LIBSGL.A(sglK01.o)
 .text          0x00000000060100d0        0x0 ../../Compiler/COMMON/SGL_302j/LIB_ELF/LIBSGL.A(sglM00.o)
 .text          0x00000000060100d0        0x0 ../../Compiler/COMMON/SGL_302j/LIB_ELF/LIBSGL.A(sglM01.o)
 .text          0x00000000060100d0        0x0 ../../Compiler/COMMON/SGL_302j/LIB_ELF/LIBSGL.A(sglA00.o)
 .text          0x00000000060100d0        0x0 ../../Compiler/COMMON/SGL_302j/LIB_ELF/LIBSGL.A(sglA24.o)
 .text          0x00000000060100d0        0x0 ../../Compiler/COMMON/SGL_302j/LIB_ELF/LIBSGL.A(sglA25.o)
 .text          0x00000000060100d0        0x0 ../../Compiler/COMMON/SGL_302j/LIB_ELF/LIBSGL.A(sglA40.o)
 .text          0x00000000060100d0        0x0 ../../Compiler/COMMON/SGL_302j/LIB_ELF/LIBSGL.A(sglB000.o)
 .text          0x00000000060100d0        0x0 ../../Compiler/COMMON/SGL_302j/LIB_ELF/LIBSGL.A(sglC00.o)
 .text          0x00000000060100d0        0x0 ../../Compiler/COMMON/SGL_302j/LIB_ELF/LIBSGL.A(sglC13.o)
 .text          0x00000000060100d0        0x0 ../../Compiler/COMMON/SGL_302j/LIB_ELF/LIBSGL.A(sglD19.o)
 .text          0x00000000060100d0        0x0 ../../Compiler/COMMON/SGL_302j/LIB_ELF/LIBSGL.A(sglI00.o)
 .text          0x00000000060100d0        0x0 ../../Compiler/COMMON/SGL_302j/LIB_ELF/LIBSGL.A(sglH03.o)
 .text          0x00000000060100d0       0x52 /home/ash/Documents/joengine-master/Compiler/LINUX/bin/../lib/gcc/sh-none-elf/8.2.0/libgcc.a(_ashiftrt.o)
                0x00000000060100d0                __ashiftrt_r4_31
                0x00000000060100d0                __ashiftrt_r4_32
                0x00000000060100d6                __ashiftrt_r4_30
                0x00000000060100d8                __ashiftrt_r4_29
                0x00000000060100da                __ashiftrt_r4_28
                0x00000000060100dc                __ashiftrt_r4_27
                0x00000000060100de                __ashiftrt_r4_26
                0x00000000060100e0                __ashiftrt_r4_25
                0x00000000060100e2                __ashiftrt_r4_24
                0x00000000060100ea                __ashiftrt_r4_23
                0x00000000060100ec                __ashiftrt_r4_22
                0x00000000060100ee                __ashiftrt_r4_21
                0x00000000060100f0                __ashiftrt_r4_20
                0x00000000060100f2                __ashiftrt_r4_19
                0x00000000060100f4                __ashiftrt_r4_18
                0x00000000060100f6                __ashiftrt_r4_17
                0x00000000060100f8                __ashiftrt_r4_16
                0x00000000060100fe                __ashiftrt_r4_15
                0x0000000006010100                __ashiftrt_r4_14
                0x0000000006010102                __ashiftrt_r4_13
                0x0000000006010104                __ashiftrt_r4_12
                0x0000000006010106                __ashiftrt_r4_11
                0x0000000006010108                __ashiftrt_r4_10
                0x000000000601010a                __ashiftrt_r4_9
                0x000000000601010c                __ashiftrt_r4_8
                0x000000000601010e                __ashiftrt_r4_7
                0x0000000006010110                __ashiftrt_r4_6
                0x0000000006010112                __ashiftrt_r4_5
                0x0000000006010114                __ashiftrt_r4_4
                0x0000000006010116                __ashiftrt_r4_3
                0x0000000006010118                __ashiftrt_r4_2
                0x000000000601011a                __ashiftrt_r4_1
                0x000000000601011e                __ashiftrt_r4_0
 *fill*         0x0000000006010122        0x2 
 .text          0x0000000006010124       0xa0 /home/ash/Documents/joengine-master/Compiler/LINUX/bin/../lib/gcc/sh-none-elf/8.2.0/libgcc.a(_sdivsi3.o)
                0x0000000006010124                __sdivsi3
 .text          0x00000000060101c4       0x6c /home/ash/Documents/joengine-master/Compiler/LINUX/bin/../lib/gcc/sh-none-elf/8.2.0/libgcc.a(_udivsi3.o)
                0x00000000060101e6                __udivsi3
 .text          0x0000000006010230      0x134 /home/ash/Documents/joengine-master/Compiler/LINUX/bin/../lib/gcc/sh-none-elf/8.2.0/libgcc.a(_mul_sf.o)
                0x0000000006010230                __mulsf3
 .text          0x0000000006010364       0xdc /home/ash/Documents/joengine-master/Compiler/LINUX/bin/../lib/gcc/sh-none-elf/8.2.0/libgcc.a(_div_sf.o)
                0x0000000006010364                __divsf3
 .text          0x0000000006010440       0x4c /home/ash/Documents/joengine-master/Compiler/LINUX/bin/../lib/gcc/sh-none-elf/8.2.0/libgcc.a(_ge_sf.o)
                0x0000000006010440                __gesf2
 .text          0x000000000601048c       0x84 /home/ash/Documents/joengine-master/Compiler/LINUX/bin/../lib/gcc/sh-none-elf/8.2.0/libgcc.a(_si_to_sf.o)
                0x000000000601048c                __floatsisf
 .text          0x0000000006010510       0x7c /home/ash/Documents/joengine-master/Compiler/LINUX/bin/../lib/gcc/sh-none-elf/8.2.0/libgcc.a(_sf_to_si.o)
                0x0000000006010510                __fixsfsi
 .text          0x000000000601058c       0x3c /home/ash/Documents/joengine-master/Compiler/LINUX/bin/../lib/gcc/sh-none-elf/8.2.0/libgcc.a(_sf_to_df.o)
                0x000000000601058c                __extendsfdf2
 .text          0x00000000060105c8        0x0 /home/ash/Documents/joengine-master/Compiler/LINUX/bin/../lib/gcc/sh-none-elf/8.2.0/libgcc.a(_thenan_sf.o)
 .text          0x00000000060105c8       0x94 /home/ash/Documents/joengine-master/Compiler/LINUX/bin/../lib/gcc/sh-none-elf/8.2.0/libgcc.a(_usi_to_sf.o)
                0x00000000060105c8                __floatunsisf
 .text          0x000000000601065c       0x28 /home/ash/Documents/joengine-master/Compiler/LINUX/bin/../lib/gcc/sh-none-elf/8.2.0/libgcc.a(_make_df.o)
                0x000000000601065c                __make_dp
 .text          0x0000000006010684      0x114 /home/ash/Documents/joengine-master/Compiler/LINUX/bin/../lib/gcc/sh-none-elf/8.2.0/libgcc.a(_pack_sf.o)
                0x0000000006010684                __pack_f
 .text          0x0000000006010798       0xa0 /home/ash/Documents/joengine-master/Compiler/LINUX/bin/../lib/gcc/sh-none-elf/8.2.0/libgcc.a(_unpack_sf.o)
                0x0000000006010798                __unpack_f
 .text          0x0000000006010838       0xa8 /home/ash/Documents/joengine-master/Compiler/LINUX/bin/../lib/gcc/sh-none-elf/8.2.0/libgcc.a(_fpcmp_parts_sf.o)
                0x0000000006010838                __fpcmp_parts_f
 .text          0x00000000060108e0       0x1e /home/ash/Documents/joengine-master/Compiler/LINUX/bin/../lib/gcc/sh-none-elf/8.2.0/../../../../sh-none-elf/lib/libc.a(lib_a-memcmp.o)
                0x00000000060108e0                memcmp
 *fill*         0x00000000060108fe        0x2 
 .text          0x0000000006010900       0x94 /home/ash/Documents/joengine-master/Compiler/LINUX/bin/../lib/gcc/sh-none-elf/8.2.0/../../../../sh-none-elf/lib/libc.a(lib_a-memcpy.o)
                0x0000000006010900                memcpy
 .text          0x0000000006010994       0x40 /home/ash/Documents/joengine-master/Compiler/LINUX/bin/../lib/gcc/sh-none-elf/8.2.0/../../../../sh-none-elf/lib/libc.a(lib_a-memset.o)
                0x0000000006010994                memset
 .text          0x00000000060109d4       0x8c /home/ash/Documents/joengine-master/Compiler/LINUX/bin/../lib/gcc/sh-none-elf/8.2.0/../../../../sh-none-elf/lib/libc.a(lib_a-sprintf.o)
                0x00000000060109d4                _sprintf_r
                0x0000000006010a14                sprintf
 .text          0x0000000006010a60       0x2a /home/ash/Documents/joengine-master/Compiler/LINUX/bin/../lib/gcc/sh-none-elf/8.2.0/../../../../sh-none-elf/lib/libc.a(lib_a-strncmp.o)
                0x0000000006010a60                strncmp
 .text          0x0000000006010a8a       0x32 /home/ash/Documents/joengine-master/Compiler/LINUX/bin/../lib/gcc/sh-none-elf/8.2.0/../../../../sh-none-elf/lib/libc.a(lib_a-strncpy.o)
                0x0000000006010a8a                strncpy
 .text          0x0000000006010abc     0x1378 /home/ash/Documents/joengine-master/Compiler/LINUX/bin/../lib/gcc/sh-none-elf/8.2.0/../../../../sh-none-elf/lib/libc.a(lib_a-svfprintf.o)
                0x0000000006010abc                _svfprintf_r
 .text          0x0000000006011e34      0xef4 /home/ash/Documents/joengine-master/Compiler/LINUX/bin/../lib/gcc/sh-none-elf/8.2.0/../../../../sh-none-elf/lib/libc.a(lib_a-dtoa.o)
                0x0000000006011f68                _dtoa_r
 .text          0x0000000006012d28        0x0 /home/ash/Documents/joengine-master/Compiler/LINUX/bin/../lib/gcc/sh-none-elf/8.2.0/../../../../sh-none-elf/lib/libc.a(lib_a-impure.o)
 .text          0x0000000006012d28       0x40 /home/ash/Documents/joengine-master/Compiler/LINUX/bin/../lib/gcc/sh-none-elf/8.2.0/../../../../sh-none-elf/lib/libc.a(lib_a-localeconv.o)
                0x0000000006012d28                __localeconv_l
                0x0000000006012d30                _localeconv_r
                0x0000000006012d4c                localeconv
 .text          0x0000000006012d68       0xa8 /home/ash/Documents/joengine-master/Compiler/LINUX/bin/../lib/gcc/sh-none-elf/8.2.0/../../../../sh-none-elf/lib/libc.a(lib_a-locale.o)
                0x0000000006012d68                _setlocale_r
                0x0000000006012db4                __locale_mb_cur_max
                0x0000000006012dd4                __locale_ctype_ptr_l
                0x0000000006012dde                __locale_ctype_ptr
                0x0000000006012dfc                setlocale
 .text          0x0000000006012e10       0x4c /home/ash/Documents/joengine-master/Compiler/LINUX/bin/../lib/gcc/sh-none-elf/8.2.0/../../../../sh-none-elf/lib/libc.a(lib_a-mbtowc_r.o)
                0x0000000006012e10                _mbtowc_r
                0x0000000006012e34                __ascii_mbtowc
 .text          0x0000000006012e5c       0x1c /home/ash/Documents/joengine-master/Compiler/LINUX/bin/../lib/gcc/sh-none-elf/8.2.0/../../../../sh-none-elf/lib/libc.a(lib_a-memchr.o)
                0x0000000006012e5c                memchr
 .text          0x0000000006012e78      0xa9c /home/ash/Documents/joengine-master/Compiler/LINUX/bin/../lib/gcc/sh-none-elf/8.2.0/../../../../sh-none-elf/lib/libc.a(lib_a-mprec.o)
                0x0000000006012e78                _Balloc
                0x0000000006012eec                _Bfree
                0x0000000006012f04                __multadd
                0x0000000006012fac                __s2b
                0x000000000601306c                __hi0bits
                0x00000000060130c0                __lo0bits
                0x0000000006013124                __i2b
                0x0000000006013140                __multiply
                0x0000000006013284                __pow5mult
                0x0000000006013340                __lshift
                0x0000000006013434                __mcmp
                0x000000000601346c                __mdiff
                0x0000000006013548                __ulp
                0x00000000060135b4                __b2d
                0x000000000601369c                __d2b
                0x0000000006013788                __ratio
                0x000000000601380c                _mprec_log10
                0x0000000006013864                __copybits
                0x00000000060138a8                __any_on
 .text          0x0000000006013914       0x34 /home/ash/Documents/joengine-master/Compiler/LINUX/bin/../lib/gcc/sh-none-elf/8.2.0/../../../../sh-none-elf/lib/libc.a(lib_a-nano-callocr.o)
                0x0000000006013914                _calloc_r
 .text          0x0000000006013948       0xf4 /home/ash/Documents/joengine-master/Compiler/LINUX/bin/../lib/gcc/sh-none-elf/8.2.0/../../../../sh-none-elf/lib/libc.a(lib_a-nano-mallocr.o)
                0x0000000006013948                _malloc_r
 .text          0x0000000006013a3c       0x30 /home/ash/Documents/joengine-master/Compiler/LINUX/bin/../lib/gcc/sh-none-elf/8.2.0/../../../../sh-none-elf/lib/libc.a(lib_a-sbrkr.o)
                0x0000000006013a3c                _sbrk_r
 .text          0x0000000006013a6c       0x38 /home/ash/Documents/joengine-master/Compiler/LINUX/bin/../lib/gcc/sh-none-elf/8.2.0/../../../../sh-none-elf/lib/libc.a(lib_a-strcmp.o)
                0x0000000006013a6c                strcmp
 .text          0x0000000006013aa4       0x20 /home/ash/Documents/joengine-master/Compiler/LINUX/bin/../lib/gcc/sh-none-elf/8.2.0/../../../../sh-none-elf/lib/libc.a(lib_a-strlen.o)
                0x0000000006013aa4                strlen
 .text          0x0000000006013ac4      0xa60 /home/ash/Documents/joengine-master/Compiler/LINUX/bin/../lib/gcc/sh-none-elf/8.2.0/../../../../sh-none-elf/lib/libc.a(lib_a-svfiprintf.o)
                0x0000000006013ac4                __ssprint_r
                0x0000000006013bf8                _svfiprintf_r
 .text          0x0000000006014524      0x25c /home/ash/Documents/joengine-master/Compiler/LINUX/bin/../lib/gcc/sh-none-elf/8.2.0/../../../../sh-none-elf/lib/libc.a(lib_a-syscalls.o)
                0x000000000601459c                _read
                0x00000000060145ac                _lseek
                0x00000000060145bc                _write
                0x00000000060145cc                _close
                0x00000000060145dc                _link
                0x00000000060145e0                _sbrk
                0x0000000006014638                _fstat
                0x0000000006014642                _open
                0x0000000006014654                _creat
                0x0000000006014664                _unlink
                0x0000000006014668                isatty
                0x000000000601466c                _isatty
                0x0000000006014670                _exit
                0x0000000006014680                _kill
                0x0000000006014694                _getpid
                0x0000000006014698                _raise
                0x000000000601469c                _stat
                0x00000000060146ac                _chmod
                0x00000000060146bc                _chown
                0x00000000060146cc                _utime
                0x00000000060146e0                _fork
                0x00000000060146ec                _wait
                0x00000000060146fc                _execve
                0x000000000601470c                _execv
                0x000000000601471c                _pipe
                0x0000000006014728                _times
                0x000000000601472c                _gettimeofday
                0x0000000006014754                __setup_argv_and_call_main
 .text          0x0000000006014780       0x14 /home/ash/Documents/joengine-master/Compiler/LINUX/bin/../lib/gcc/sh-none-elf/8.2.0/../../../../sh-none-elf/lib/libc.a(lib_a-trap.o)
                0x0000000006014780                __trap34
 .text          0x0000000006014794       0x40 /home/ash/Documents/joengine-master/Compiler/LINUX/bin/../lib/gcc/sh-none-elf/8.2.0/../../../../sh-none-elf/lib/libc.a(lib_a-wctomb_r.o)
                0x0000000006014794                _wctomb_r
                0x00000000060147b4                __ascii_wctomb
 .text          0x00000000060147d4       0x18 /home/ash/Documents/joengine-master/Compiler/LINUX/bin/../lib/gcc/sh-none-elf/8.2.0/../../../../sh-none-elf/lib/libc.a(lib_a-abort.o)
                0x00000000060147d4                abort
 .text          0x00000000060147ec        0x0 /home/ash/Documents/joengine-master/Compiler/LINUX/bin/../lib/gcc/sh-none-elf/8.2.0/../../../../sh-none-elf/lib/libc.a(lib_a-ctype_.o)
 .text          0x00000000060147ec       0x3c /home/ash/Documents/joengine-master/Compiler/LINUX/bin/../lib/gcc/sh-none-elf/8.2.0/../../../../sh-none-elf/lib/libc.a(lib_a-memmove.o)
                0x00000000060147ec                memmove
 .text          0x0000000006014828        0x8 /home/ash/Documents/joengine-master/Compiler/LINUX/bin/../lib/gcc/sh-none-elf/8.2.0/../../../../sh-none-elf/lib/libc.a(lib_a-mlock.o)
                0x0000000006014828                __malloc_lock
                0x000000000601482c                __malloc_unlock
 .text          0x0000000006014830       0xc8 /home/ash/Documents/joengine-master/Compiler/LINUX/bin/../lib/gcc/sh-none-elf/8.2.0/../../../../sh-none-elf/lib/libc.a(lib_a-nano-freer.o)
                0x0000000006014830                _free_r
 .text          0x00000000060148f8       0x7c /home/ash/Documents/joengine-master/Compiler/LINUX/bin/../lib/gcc/sh-none-elf/8.2.0/../../../../sh-none-elf/lib/libc.a(lib_a-nano-reallocr.o)
                0x00000000060148f8                _realloc_r
 .text          0x0000000006014974      0x1b0 /home/ash/Documents/joengine-master/Compiler/LINUX/bin/../lib/gcc/sh-none-elf/8.2.0/../../../../sh-none-elf/lib/libc.a(lib_a-signal.o)
                0x0000000006014974                _init_signal_r
                0x00000000060149b0                _signal_r
                0x00000000060149fc                _raise_r
                0x0000000006014a74                __sigtramp_r
                0x0000000006014ad8                raise
                0x0000000006014aec                signal
                0x0000000006014b00                _init_signal
                0x0000000006014b10                __sigtramp
 .text          0x0000000006014b24       0x40 /home/ash/Documents/joengine-master/Compiler/LINUX/bin/../lib/gcc/sh-none-elf/8.2.0/../../../../sh-none-elf/lib/libc.a(lib_a-signalr.o)
                0x0000000006014b24                _kill_r
                0x0000000006014b58                _getpid_r
 .text          0x0000000006014b64       0x16 /home/ash/Documents/joengine-master/Compiler/LINUX/bin/../lib/gcc/sh-none-elf/8.2.0/../../../../sh-none-elf/lib/libc.a(lib_a-nano-msizer.o)
                0x0000000006014b64                _malloc_usable_size_r
 *fill*         0x0000000006014b7a        0x2 
 .text          0x0000000006014b7c       0x80 /home/ash/Documents/joengine-master/Compiler/LINUX/bin/../lib/gcc/sh-none-elf/8.2.0/libgcc.a(_ashiftrt_n.o)
                0x0000000006014b7c                __ashrsi3
 .text          0x0000000006014bfc       0xbc /home/ash/Documents/joengine-master/Compiler/LINUX/bin/../lib/gcc/sh-none-elf/8.2.0/libgcc.a(_ashiftlt.o)
                0x0000000006014bfc                __ashlsi3
                0x0000000006014c00                __ashlsi3_r0
 .text          0x0000000006014cb8       0xbc /home/ash/Documents/joengine-master/Compiler/LINUX/bin/../lib/gcc/sh-none-elf/8.2.0/libgcc.a(_lshiftrt.o)
                0x0000000006014cb8                __lshrsi3
                0x0000000006014cbc                __lshrsi3_r0
 .text          0x0000000006014d74      0x258 /home/ash/Documents/joengine-master/Compiler/LINUX/bin/../lib/gcc/sh-none-elf/8.2.0/libgcc.a(_udivdi3.o)
                0x0000000006014d74                __udivdi3
 .text          0x0000000006014fcc      0x2bc /home/ash/Documents/joengine-master/Compiler/LINUX/bin/../lib/gcc/sh-none-elf/8.2.0/libgcc.a(_umoddi3.o)
                0x0000000006014fcc                __umoddi3
 .text          0x0000000006015288      0x3b4 /home/ash/Documents/joengine-master/Compiler/LINUX/bin/../lib/gcc/sh-none-elf/8.2.0/libgcc.a(_addsub_df.o)
                0x0000000006015598                __adddf3
                0x00000000060155e8                __subdf3
 .text          0x000000000601563c      0x208 /home/ash/Documents/joengine-master/Compiler/LINUX/bin/../lib/gcc/sh-none-elf/8.2.0/libgcc.a(_mul_df.o)
                0x000000000601563c                __muldf3
 .text          0x0000000006015844      0x130 /home/ash/Documents/joengine-master/Compiler/LINUX/bin/../lib/gcc/sh-none-elf/8.2.0/libgcc.a(_div_df.o)
                0x0000000006015844                __divdf3
 .text          0x0000000006015974       0x58 /home/ash/Documents/joengine-master/Compiler/LINUX/bin/../lib/gcc/sh-none-elf/8.2.0/libgcc.a(_eq_df.o)
                0x0000000006015974                __eqdf2
 .text          0x00000000060159cc       0x58 /home/ash/Documents/joengine-master/Compiler/LINUX/bin/../lib/gcc/sh-none-elf/8.2.0/libgcc.a(_ne_df.o)
                0x00000000060159cc                __nedf2
 .text          0x0000000006015a24       0x50 /home/ash/Documents/joengine-master/Compiler/LINUX/bin/../lib/gcc/sh-none-elf/8.2.0/libgcc.a(_gt_df.o)
                0x0000000006015a24                __gtdf2
 .text          0x0000000006015a74       0x50 /home/ash/Documents/joengine-master/Compiler/LINUX/bin/../lib/gcc/sh-none-elf/8.2.0/libgcc.a(_ge_df.o)
                0x0000000006015a74                __gedf2
 .text          0x0000000006015ac4       0x58 /home/ash/Documents/joengine-master/Compiler/LINUX/bin/../lib/gcc/sh-none-elf/8.2.0/libgcc.a(_lt_df.o)
                0x0000000006015ac4                __ltdf2
 .text          0x0000000006015b1c       0x58 /home/ash/Documents/joengine-master/Compiler/LINUX/bin/../lib/gcc/sh-none-elf/8.2.0/libgcc.a(_le_df.o)
                0x0000000006015b1c                __ledf2
 .text          0x0000000006015b74       0x40 /home/ash/Documents/joengine-master/Compiler/LINUX/bin/../lib/gcc/sh-none-elf/8.2.0/libgcc.a(_unord_df.o)
                0x0000000006015b74                __unorddf2
 .text          0x0000000006015bb4       0xa8 /home/ash/Documents/joengine-master/Compiler/LINUX/bin/../lib/gcc/sh-none-elf/8.2.0/libgcc.a(_si_to_df.o)
                0x0000000006015bb4                __floatsidf
 .text          0x0000000006015c5c       0xa4 /home/ash/Documents/joengine-master/Compiler/LINUX/bin/../lib/gcc/sh-none-elf/8.2.0/libgcc.a(_df_to_si.o)
                0x0000000006015c5c                __fixdfsi
 .text          0x0000000006015d00        0x0 /home/ash/Documents/joengine-master/Compiler/LINUX/bin/../lib/gcc/sh-none-elf/8.2.0/libgcc.a(_thenan_df.o)
 .text          0x0000000006015d00       0x88 /home/ash/Documents/joengine-master/Compiler/LINUX/bin/../lib/gcc/sh-none-elf/8.2.0/libgcc.a(_usi_to_df.o)
                0x0000000006015d00                __floatunsidf
 .text          0x0000000006015d88       0x60 /home/ash/Documents/joengine-master/Compiler/LINUX/bin/../lib/gcc/sh-none-elf/8.2.0/libgcc.a(_udiv_qrnnd_16.o)
                0x0000000006015d88                __udiv_qrnnd_16
 .text          0x0000000006015de8        0x0 /home/ash/Documents/joengine-master/Compiler/LINUX/bin/../lib/gcc/sh-none-elf/8.2.0/libgcc.a(_clz.o)
 .text          0x0000000006015de8       0x58 /home/ash/Documents/joengine-master/Compiler/LINUX/bin/../lib/gcc/sh-none-elf/8.2.0/libgcc.a(_clzsi2.o)
                0x0000000006015de8                __clzsi2
 .text          0x0000000006015e40      0x25c /home/ash/Documents/joengine-master/Compiler/LINUX/bin/../lib/gcc/sh-none-elf/8.2.0/libgcc.a(_pack_df.o)
                0x0000000006015e40                __pack_d
 .text          0x000000000601609c       0xcc /home/ash/Documents/joengine-master/Compiler/LINUX/bin/../lib/gcc/sh-none-elf/8.2.0/libgcc.a(_unpack_df.o)
                0x000000000601609c                __unpack_d
 .text          0x0000000006016168       0xc8 /home/ash/Documents/joengine-master/Compiler/LINUX/bin/../lib/gcc/sh-none-elf/8.2.0/libgcc.a(_fpcmp_parts_df.o)
                0x0000000006016168                __fpcmp_parts_d
 *(.strings)
 *(SEGA_P)
 *(.eh_frame_hdr)
 *(.eh_frame)
 .eh_frame      0x0000000006016230       0xa8 /home/ash/Documents/joengine-master/Compiler/LINUX/bin/../lib/gcc/sh-none-elf/8.2.0/libgcc.a(_udivdi3.o)
 .eh_frame      0x00000000060162d8       0xdc /home/ash/Documents/joengine-master/Compiler/LINUX/bin/../lib/gcc/sh-none-elf/8.2.0/libgcc.a(_umoddi3.o)
                0x00000000060163b4                __etext = .

.text.startup   0x00000000060163c0      0xe60
 .text.startup  0x00000000060163c0      0xe5c /tmp/ccHt7CB2.ltrans0.ltrans.o
                0x00000000060163c0                main

SLPROG          0x0000000006017220    0x156a0
                0x0000000006017220                __slprog_start = .
 *(SLPROG)
 SLPROG         0x0000000006017220     0x6540 ../../Compiler/COMMON/SGL_302j/LIB_ELF/SGLAREA.O
                0x0000000006017220                MasterStack
                0x0000000006017224                SlaveStack
                0x0000000006017228                MaxVertices
                0x000000000601722a                MaxPolygons
                0x000000000601722c                SortList
                0x0000000006017230                SortListSize
                0x0000000006017234                TransList
                0x0000000006017238                Zbuffer
                0x000000000601723c                SpriteBuf
                0x0000000006017240                SpriteBufSize
                0x0000000006017244                Pbuffer
                0x0000000006017248                CommandBuf
                0x000000000601724c                CLOfstBuf
                0x0000000006017250                PCM_Work
                0x0000000006017254                PCM_WkSize
                0x0000000006017258                MaxEvents
                0x000000000601725a                EventSize
                0x000000000601725c                MaxWorks
                0x000000000601725e                WorkSize
                0x0000000006017260                RemainEvent
                0x0000000006017360                RemainWork
                0x0000000006017760                EventBuf
                0x0000000006019760                WorkBuf
 SLPROG         0x000000000601d760     0x411e ../../Compiler/COMMON/SGL_302j/LIB_ELF/LIBSGL.A(sglA01.o)
                0x000000000601d760                slSin
                0x000000000601d784                slCos
                0x000000000601d7a8                GetSinCos
                0x000000000601d83c                sin_cos_index_tbl
                0x000000000601d87c                sin_tbl
 *fill*         0x000000000602187e        0x2 
 SLPROG         0x0000000006021880      0x108 ../../Compiler/COMMON/SGL_302j/LIB_ELF/LIBSGL.A(sglA02.o)
                0x0000000006021880                slNormalVector
 *fill*         0x0000000006021988        0x8 
 SLPROG         0x0000000006021990     0x20b6 ../../Compiler/COMMON/SGL_302j/LIB_ELF/LIBSGL.A(sglA04.o)
                0x0000000006021990                slAtan
                0x0000000006021a44                atan_tbl
 *fill*         0x0000000006023a46        0xa 
 SLPROG         0x0000000006023a50       0x38 ../../Compiler/COMMON/SGL_302j/LIB_ELF/LIBSGL.A(sglA05.o)
                0x0000000006023a50                slSquart
                0x0000000006023a7c                slSquartFX
 *fill*         0x0000000006023a88        0x8 
 SLPROG         0x0000000006023a90        0xa ../../Compiler/COMMON/SGL_302j/LIB_ELF/LIBSGL.A(sglA06.o)
                0x0000000006023a90                slMulFX
 *fill*         0x0000000006023a9a        0x6 
 SLPROG         0x0000000006023aa0       0x14 ../../Compiler/COMMON/SGL_302j/LIB_ELF/LIBSGL.A(sglA07.o)
                0x0000000006023aa0                slDivFX
 *fill*         0x0000000006023ab4        0xc 
 SLPROG         0x0000000006023ac0       0x10 ../../Compiler/COMMON/SGL_302j/LIB_ELF/LIBSGL.A(sglA08.o)
                0x0000000006023ac0                slInnerProduct
 SLPROG         0x0000000006023ad0       0x34 ../../Compiler/COMMON/SGL_302j/LIB_ELF/LIBSGL.A(sglA10.o)
                0x0000000006023ad0                slSquartDbl
 *fill*         0x0000000006023b04        0xc 
 SLPROG         0x0000000006023b10       0x18 ../../Compiler/COMMON/SGL_302j/LIB_ELF/LIBSGL.A(sglA15.o)
                0x0000000006023b10                slSlaveFunc
 *fill*         0x0000000006023b28        0x8 
 SLPROG         0x0000000006023b30       0xd0 ../../Compiler/COMMON/SGL_302j/LIB_ELF/LIBSGL.A(sglA16.o)
                0x0000000006023b30                slLookAt
 SLPROG         0x0000000006023c00       0x78 ../../Compiler/COMMON/SGL_302j/LIB_ELF/LIBSGL.A(sglA17.o)
                0x0000000006023c00                slRotZ
                0x0000000006023c0a                slRotZSC
 *fill*         0x0000000006023c78        0x8 
 SLPROG         0x0000000006023c80       0x78 ../../Compiler/COMMON/SGL_302j/LIB_ELF/LIBSGL.A(sglA18.o)
                0x0000000006023c80                slRotY
                0x0000000006023c8a                slRotYSC
 *fill*         0x0000000006023cf8        0x8 
 SLPROG         0x0000000006023d00       0x78 ../../Compiler/COMMON/SGL_302j/LIB_ELF/LIBSGL.A(sglA19.o)
                0x0000000006023d00                slRotX
                0x0000000006023d0a                slRotXSC
 *fill*         0x0000000006023d78        0x8 
 SLPROG         0x0000000006023d80      0x42c ../../Compiler/COMMON/SGL_302j/LIB_ELF/LIBSGL.A(sglA20.o)
                0x0000000006023d80                slInitMatrix
                0x0000000006023d8a                slPushUnitMatrix
                0x0000000006023d9e                slUnitMatrix
 *fill*         0x00000000060241ac        0x4 
 SLPROG         0x00000000060241b0       0x48 ../../Compiler/COMMON/SGL_302j/LIB_ELF/LIBSGL.A(sglA21.o)
                0x00000000060241b0                slPushMatrix
                0x00000000060241e4                slPopMatrix
                0x00000000060241e4                slDecMatrixPtr
 *fill*         0x00000000060241f8        0x8 
 SLPROG         0x0000000006024200       0x50 ../../Compiler/COMMON/SGL_302j/LIB_ELF/LIBSGL.A(sglA27.o)
                0x0000000006024200                slTranslate
 SLPROG         0x0000000006024250       0x70 ../../Compiler/COMMON/SGL_302j/LIB_ELF/LIBSGL.A(sglA28.o)
                0x0000000006024250                slScale
 SLPROG         0x00000000060242c0       0x20 ../../Compiler/COMMON/SGL_302j/LIB_ELF/LIBSGL.A(sglB001.o)
                0x00000000060242c0                slTVOn
                0x00000000060242ca                slTVOff
 SLPROG         0x00000000060242e0       0x24 ../../Compiler/COMMON/SGL_302j/LIB_ELF/LIBSGL.A(sglB011.o)
                0x00000000060242e0                slBitMapNbg1
 *fill*         0x0000000006024304        0xc 
 SLPROG         0x0000000006024310        0x8 ../../Compiler/COMMON/SGL_302j/LIB_ELF/LIBSGL.A(sglB014.o)
                0x0000000006024310                slScrTransparent
 *fill*         0x0000000006024318        0x8 
 SLPROG         0x0000000006024320      0x40c ../../Compiler/COMMON/SGL_302j/LIB_ELF/LIBSGL.A(sglB015.o)
                0x0000000006024320                slScrAutoDisp
 *fill*         0x000000000602472c        0x4 
 SLPROG         0x0000000006024730        0xc ../../Compiler/COMMON/SGL_302j/LIB_ELF/LIBSGL.A(sglB016.o)
                0x0000000006024730                slBack1ColSet
 *fill*         0x000000000602473c        0x4 
 SLPROG         0x0000000006024740       0x10 ../../Compiler/COMMON/SGL_302j/LIB_ELF/LIBSGL.A(sglB020.o)
                0x0000000006024740                slColorCalc
 SLPROG         0x0000000006024750        0xc ../../Compiler/COMMON/SGL_302j/LIB_ELF/LIBSGL.A(sglB021.o)
                0x0000000006024750                slColorCalcOn
 *fill*         0x000000000602475c        0x4 
 SLPROG         0x0000000006024760        0xc ../../Compiler/COMMON/SGL_302j/LIB_ELF/LIBSGL.A(sglB023.o)
                0x0000000006024760                slColRate
 *fill*         0x000000000602476c        0x4 
 SLPROG         0x0000000006024770       0xb4 ../../Compiler/COMMON/SGL_302j/LIB_ELF/LIBSGL.A(sglB032.o)
                0x0000000006024770                slMapNbg1
 *fill*         0x0000000006024824        0xc 
 SLPROG         0x0000000006024830       0xd4 ../../Compiler/COMMON/SGL_302j/LIB_ELF/LIBSGL.A(sglB035.o)
                0x0000000006024830                sl1MapRA
                0x00000000060248c2                rbank_set
 *fill*         0x0000000006024904        0xc 
 SLPROG         0x0000000006024910       0xa0 ../../Compiler/COMMON/SGL_302j/LIB_ELF/LIBSGL.A(sglB036.o)
                0x0000000006024910                sl1MapRB
 SLPROG         0x00000000060249b0       0x70 ../../Compiler/COMMON/SGL_302j/LIB_ELF/LIBSGL.A(sglB038.o)
                0x00000000060249b0                slRparaInitSet
 SLPROG         0x0000000006024a20       0x7e ../../Compiler/COMMON/SGL_302j/LIB_ELF/LIBSGL.A(sglB039.o)
                0x0000000006024a20                slMakeKtable
 *fill*         0x0000000006024a9e        0x2 
 SLPROG         0x0000000006024aa0       0x58 ../../Compiler/COMMON/SGL_302j/LIB_ELF/LIBSGL.A(sglB040.o)
                0x0000000006024aa0                slKtableRA
 *fill*         0x0000000006024af8        0x8 
 SLPROG         0x0000000006024b00       0x5c ../../Compiler/COMMON/SGL_302j/LIB_ELF/LIBSGL.A(sglB041.o)
                0x0000000006024b00                slKtableRB
 *fill*         0x0000000006024b5c        0x4 
 SLPROG         0x0000000006024b60       0x10 ../../Compiler/COMMON/SGL_302j/LIB_ELF/LIBSGL.A(sglB042.o)
                0x0000000006024b60                slCurRpara
 SLPROG         0x0000000006024b70        0x8 ../../Compiler/COMMON/SGL_302j/LIB_ELF/LIBSGL.A(sglB043.o)
                0x0000000006024b70                slRparaMode
 *fill*         0x0000000006024b78        0x8 
 SLPROG         0x0000000006024b80      0x4e4 ../../Compiler/COMMON/SGL_302j/LIB_ELF/LIBSGL.A(sglB044.o)
                0x0000000006024b80                slScrMatSet
 *fill*         0x0000000006025064        0xc 
 SLPROG         0x0000000006025070       0x28 ../../Compiler/COMMON/SGL_302j/LIB_ELF/LIBSGL.A(sglB045.o)
                0x0000000006025070                slScrMatConv
 *fill*         0x0000000006025098        0x8 
 SLPROG         0x00000000060250a0        0xc ../../Compiler/COMMON/SGL_302j/LIB_ELF/LIBSGL.A(sglB047.o)
                0x00000000060250a0                slOverRA
 *fill*         0x00000000060250ac        0x4 
 SLPROG         0x00000000060250b0       0x10 ../../Compiler/COMMON/SGL_302j/LIB_ELF/LIBSGL.A(sglB048.o)
                0x00000000060250b0                slOverRB
 SLPROG         0x00000000060250c0        0xc ../../Compiler/COMMON/SGL_302j/LIB_ELF/LIBSGL.A(sglB056.o)
                0x00000000060250c0                slPlaneNbg1
 *fill*         0x00000000060250cc        0x4 
 SLPROG         0x00000000060250d0        0xc ../../Compiler/COMMON/SGL_302j/LIB_ELF/LIBSGL.A(sglB059.o)
                0x00000000060250d0                slPlaneRA
 *fill*         0x00000000060250dc        0x4 
 SLPROG         0x00000000060250e0       0x10 ../../Compiler/COMMON/SGL_302j/LIB_ELF/LIBSGL.A(sglB060.o)
                0x00000000060250e0                slPlaneRB
 SLPROG         0x00000000060250f0        0xc ../../Compiler/COMMON/SGL_302j/LIB_ELF/LIBSGL.A(sglB063.o)
                0x00000000060250f0                slPriority
 *fill*         0x00000000060250fc        0x4 
 SLPROG         0x0000000006025100       0x18 ../../Compiler/COMMON/SGL_302j/LIB_ELF/LIBSGL.A(sglB087.o)
                0x0000000006025100                slLineScrollTable0
 *fill*         0x0000000006025118        0x8 
 SLPROG         0x0000000006025120        0x8 ../../Compiler/COMMON/SGL_302j/LIB_ELF/LIBSGL.A(sglB088.o)
                0x0000000006025120                slLineScrollTable1
 *fill*         0x0000000006025128        0x8 
 SLPROG         0x0000000006025130        0xc ../../Compiler/COMMON/SGL_302j/LIB_ELF/LIBSGL.A(sglB090.o)
                0x0000000006025130                slLineScrollMode
 *fill*         0x000000000602513c        0x4 
 SLPROG         0x0000000006025140      0x114 ../../Compiler/COMMON/SGL_302j/LIB_ELF/LIBSGL.A(sglB200.o)
                0x0000000006025140                slCharRbg0
                0x000000000602514c                slCharNbg0
                0x0000000006025158                slCharNbg1
                0x0000000006025164                slCharNbg2
                0x000000000602517a                slCharNbg3
                0x0000000006025192                slPageRbg0
                0x00000000060251a8                slPageNbg1
                0x00000000060251b0                slPageNbg2
                0x00000000060251b8                slPageNbg3
                0x00000000060251c4                slPageNbg0
 *fill*         0x0000000006025254        0xc 
 SLPROG         0x0000000006025260       0x2c ../../Compiler/COMMON/SGL_302j/LIB_ELF/LIBSGL.A(sglC04.o)
                0x0000000006025260                slZdspLevel
 *fill*         0x000000000602528c        0x4 
 SLPROG         0x0000000006025290       0x78 ../../Compiler/COMMON/SGL_302j/LIB_ELF/LIBSGL.A(sglC05.o)
                0x0000000006025290                slSetSprite
 *fill*         0x0000000006025308        0x8 
 SLPROG         0x0000000006025310       0xfa ../../Compiler/COMMON/SGL_302j/LIB_ELF/LIBSGL.A(sglC06.o)
                0x0000000006025310                slDispSprite
 *fill*         0x000000000602540a        0x6 
 SLPROG         0x0000000006025410      0x162 ../../Compiler/COMMON/SGL_302j/LIB_ELF/LIBSGL.A(sglC07.o)
                0x0000000006025416                slPutSprite
 *fill*         0x0000000006025572        0xe 
 SLPROG         0x0000000006025580     0x1218 ../../Compiler/COMMON/SGL_302j/LIB_ELF/LIBSGL.A(sglC08.o)
                0x0000000006025580                slPutPolygon
                0x00000000060261fc                MsCalcDepthFlat
 *fill*         0x0000000006026798        0x8 
 SLPROG         0x00000000060267a0       0x4c ../../Compiler/COMMON/SGL_302j/LIB_ELF/LIBSGL.A(sglC17.o)
                0x00000000060267a0                slDispSpriteHV
 *fill*         0x00000000060267ec        0x4 
 SLPROG         0x00000000060267f0       0xd4 ../../Compiler/COMMON/SGL_302j/LIB_ELF/LIBSGL.A(sglC19.o)
                0x00000000060267f0                slDispSprite4P
 *fill*         0x00000000060268c4        0xc 
 SLPROG         0x00000000060268d0       0x40 ../../Compiler/COMMON/SGL_302j/LIB_ELF/LIBSGL.A(sglC20.o)
                0x00000000060268d0                SpriteEntry
 SLPROG         0x0000000006026910      0x4ae ../../Compiler/COMMON/SGL_302j/LIB_ELF/LIBSGL.A(sglC21.o)
                0x0000000006026998                RotSprite
                0x0000000006026a26                SetSprPosition
 *fill*         0x0000000006026dbe        0x2 
 SLPROG         0x0000000006026dc0       0x84 ../../Compiler/COMMON/SGL_302j/LIB_ELF/LIBSGL.A(sglD00.o)
                0x0000000006026dc0                slDMACopy
                0x0000000006026dc0                slCpuDMACopy
                0x0000000006026e1a                slCashPurge
                0x0000000006026e1a                CSH_AllClr
 *fill*         0x0000000006026e44        0xc 
 SLPROG         0x0000000006026e50       0xa0 ../../Compiler/COMMON/SGL_302j/LIB_ELF/LIBSGL.A(sglD01.o)
                0x0000000006026e50                slDMAXCopy
 SLPROG         0x0000000006026ef0        0xc ../../Compiler/COMMON/SGL_302j/LIB_ELF/LIBSGL.A(sglD03.o)
                0x0000000006026ef0                slDMAStatus
 *fill*         0x0000000006026efc        0x4 
 SLPROG         0x0000000006026f00       0x20 ../../Compiler/COMMON/SGL_302j/LIB_ELF/LIBSGL.A(sglD15.o)
                0x0000000006026f00                CSH_Purge
 SLPROG         0x0000000006026f20       0x84 ../../Compiler/COMMON/SGL_302j/LIB_ELF/LIBSGL.A(sglD16.o)
                0x0000000006026f20                DMA_ScuSetPrm
                0x0000000006026f68                DMA_SCU_PRM0
 *fill*         0x0000000006026fa4        0xc 
 SLPROG         0x0000000006026fb0       0x88 ../../Compiler/COMMON/SGL_302j/LIB_ELF/LIBSGL.A(sglD17.o)
                0x0000000006026fb0                DMA_ScuStart
 *fill*         0x0000000006027038        0x8 
 SLPROG         0x0000000006027040       0x34 ../../Compiler/COMMON/SGL_302j/LIB_ELF/LIBSGL.A(sglD18.o)
                0x0000000006027040                DMA_ScuGetStatus
 *fill*         0x0000000006027074        0xc 
 SLPROG         0x0000000006027080       0x4e ../../Compiler/COMMON/SGL_302j/LIB_ELF/LIBSGL.A(sglF00.o)
                0x0000000006027080                slCurScrn
                0x0000000006027090                slCurColor
                0x000000000602709a                slLocate
                0x00000000060270cc                CurrentScreen
 *fill*         0x00000000060270ce        0x2 
 SLPROG         0x00000000060270d0      0x12a ../../Compiler/COMMON/SGL_302j/LIB_ELF/LIBSGL.A(sglF03.o)
                0x00000000060270d0                slPrintFX
 *fill*         0x00000000060271fa        0x6 
 SLPROG         0x0000000006027200       0x1c ../../Compiler/COMMON/SGL_302j/LIB_ELF/LIBSGL.A(sglF05.o)
                0x0000000006027200                slPrint
 *fill*         0x000000000602721c        0x4 
 SLPROG         0x0000000006027220       0x34 ../../Compiler/COMMON/SGL_302j/LIB_ELF/LIBSGL.A(sglF08.o)
                0x0000000006027220                slDec2Hex
 *fill*         0x0000000006027254        0xc 
 SLPROG         0x0000000006027260      0xfc8 ../../Compiler/COMMON/SGL_302j/LIB_ELF/LIBSGL.A(sglH00.o)
                0x0000000006027278                slGetPortDir1
                0x0000000006027280                slGetPortDir2
                0x0000000006027288                slSetPortDir1
                0x00000000060272b2                slSetPortDir2
                0x00000000060272ec                slGetPortData1
                0x00000000060272f4                slGetPortData2
                0x00000000060272fc                slSetPortData1
                0x0000000006027306                slSetPortData2
                0x0000000006027318                slGetPortSelect1
                0x0000000006027322                slGetPortSelect2
                0x000000000602732c                slSetPortSelect1
                0x0000000006027360                slSetPortSelect2
                0x000000000602739c                slGetPortExt1
                0x00000000060273a6                slGetPortExt2
                0x00000000060273b0                slSetPortExt1
                0x00000000060273e0                slSetPortExt2
                0x0000000006027554                slSmpcDirectAccess
                0x00000000060275d4                slInitPeripheral
                0x0000000006027666                slSetResultBuffer
                0x00000000060276f2                slCheckIntBackSet
                0x00000000060276fe                slIntBackCancel
                0x0000000006027728                slCheckReset
                0x0000000006027732                slClearReset
                0x00000000060278f8                slSmpcCashSend
                0x00000000060279b4                slSmpcCashBlow
                0x0000000006027a90                slGetOptimize
                0x0000000006027a9a                slSetOptimize
                0x0000000006027ac0                slGetPortMode1
                0x0000000006027acc                slGetPortMode2
                0x0000000006027ada                slSetPortMode1
                0x0000000006027b18                slSetPortMode2
                0x0000000006027ca4                slRequestCommand
                0x0000000006027d14                Smpc_Status
                0x0000000006027d18                Smpc_Result
                0x0000000006027d1c                Smpc_Peripheral
                0x0000000006027d22                Per_Connect1
                0x0000000006027d23                Per_Connect2
                0x0000000006027d44                SmpcStatusBuf
 *fill*         0x0000000006028228        0x8 
 SLPROG         0x0000000006028230       0xa8 ../../Compiler/COMMON/SGL_302j/LIB_ELF/LIBSGL.A(sglH01.o)
                0x0000000006028230                slGetLanguage
                0x000000000602823a                slSetLanguage
                0x000000000602825c                slGetSoundEffect
                0x0000000006028268                slSetSoundEffect
                0x0000000006028284                slGetSoundOutput
                0x0000000006028290                slSetSoundOutput
                0x00000000060282ac                slGetHelpWindow
                0x00000000060282b8                slSetHelpWindow
 *fill*         0x00000000060282d8        0x8 
 SLPROG         0x00000000060282e0      0x470 ../../Compiler/COMMON/SGL_302j/LIB_ELF/LIBSGL.A(sglH02.o)
                0x00000000060286d0                smpc_pfr_tbl
                0x0000000006028710                smpc_ptf_tbl
 SLPROG         0x0000000006028750       0x60 ../../Compiler/COMMON/SGL_302j/LIB_ELF/LIBSGL.A(sglH04.o)
                0x0000000006028750                slComPrmIntBack
                0x0000000006028764                slComPrmSetMemory
                0x000000000602877a                slComPrmSetTime
 SLPROG         0x00000000060287b0      0x3a4 ../../Compiler/COMMON/SGL_302j/LIB_ELF/LIBSGL.A(sglI01.o)
                0x00000000060287b0                slInitSynch
                0x00000000060287ca                slSynch
                0x00000000060288c0                slRandom
                0x00000000060288de                PCM_EndCheck
                0x000000000602899a                RetPCMBuf
                0x0000000006028a34                PCM_Buf
                0x0000000006028ad4                Sound_Buf
 *fill*         0x0000000006028b54        0xc 
 SLPROG         0x0000000006028b60       0x10 ../../Compiler/COMMON/SGL_302j/LIB_ELF/LIBSGL.A(sglI04.o)
                0x0000000006028b60                slIntFunction
 SLPROG         0x0000000006028b70       0x74 ../../Compiler/COMMON/SGL_302j/LIB_ELF/LIBSGL.A(sglJ00.o)
                0x0000000006028b70                InitSlaveSH
                0x0000000006028bd8                SlaveCommand
 *fill*         0x0000000006028be4        0xc 
 SLPROG         0x0000000006028bf0      0x3d0 ../../Compiler/COMMON/SGL_302j/LIB_ELF/LIBSGL.A(sglJ01.o)
                0x0000000006028bf0                SlaveControl
                0x0000000006028fac                ErasePolygonData
 SLPROG         0x0000000006028fc0     0x12b8 ../../Compiler/COMMON/SGL_302j/LIB_ELF/LIBSGL.A(sglJ02.o)
                0x0000000006028fc0                sbMakePolygon
                0x00000000060291a8                sbCalcPolygon
                0x0000000006029ee0                SetTexture
                0x0000000006029eec                SetPolygon
                0x0000000006029ef4                SetPosition
                0x0000000006029f2c                stvtc_4
                0x0000000006029fe4                stvtc_3
                0x000000000602a1f4                stvtc_1
                0x000000000602a208                stvtc_2
                0x000000000602a21c                stvtc_0
 *fill*         0x000000000602a278        0x8 
 SLPROG         0x000000000602a280      0x140 ../../Compiler/COMMON/SGL_302j/LIB_ELF/LIBSGL.A(sglJ03.o)
                0x000000000602a280                sbMakeDMATable
 SLPROG         0x000000000602a3c0      0x470 ../../Compiler/COMMON/SGL_302j/LIB_ELF/LIBSGL.A(sglJ04.o)
                0x000000000602a41e                sbMakeSprite
                0x000000000602a484                sbMakeRotSprite
 SLPROG         0x000000000602a830       0x3c ../../Compiler/COMMON/SGL_302j/LIB_ELF/LIBSGL.A(sglJ05.o)
                0x000000000602a830                sbSortEntry
 *fill*         0x000000000602a86c        0x4 
 SLPROG         0x000000000602a870      0x4b8 ../../Compiler/COMMON/SGL_302j/LIB_ELF/LIBSGL.A(sglM00.o)
                0x000000000602a870                slInitGouraud
                0x000000000602a964                slPutPolygonX
                0x000000000602a9aa                slGouraudTblCopy
                0x000000000602aa02                slSetGouraudTbl
                0x000000000602aa08                slSetGouraudColor
                0x000000000602aa80                slSetAmbient
                0x000000000602aaa4                slSetFlatColor
 *fill*         0x000000000602ad28        0x8 
 SLPROG         0x000000000602ad30       0x6a ../../Compiler/COMMON/SGL_302j/LIB_ELF/LIBSGL.A(sglM01.o)
                0x000000000602ad30                slSetDepthLimit
                0x000000000602ad5c                slSetDepthTbl
                0x000000000602ad8c                DepthWorkArea
 *fill*         0x000000000602ad9a        0x6 
 SLPROG         0x000000000602ada0       0x20 ../../Compiler/COMMON/SGL_302j/LIB_ELF/LIBSGL.A(sglA00.o)
                0x000000000602ada0                set_imask
                0x000000000602ada0                _builtin_set_imask
                0x000000000602adb4                get_imask
                0x000000000602adb4                _builtin_get_imask
 SLPROG         0x000000000602adc0      0x3c2 ../../Compiler/COMMON/SGL_302j/LIB_ELF/LIBSGL.A(sglA24.o)
                0x000000000602adc0                slInversMatrix
 *fill*         0x000000000602b182        0xe 
 SLPROG         0x000000000602b190       0x24 ../../Compiler/COMMON/SGL_302j/LIB_ELF/LIBSGL.A(sglA25.o)
                0x000000000602b190                slTransposeMatrix
 *fill*         0x000000000602b1b4        0xc 
 SLPROG         0x000000000602b1c0       0x22 ../../Compiler/COMMON/SGL_302j/LIB_ELF/LIBSGL.A(sglA40.o)
                0x000000000602b1c0                slCalcVector
 *fill*         0x000000000602b1e2        0xe 
 SLPROG         0x000000000602b1f0      0xbd0 ../../Compiler/COMMON/SGL_302j/LIB_ELF/LIBSGL.A(sglB000.o)
                0x000000000602b1f0                slInitScroll
                0x000000000602b310                setASC_1to8
                0x000000000602b340                setASC_4to8
                0x000000000602b450                TVSizeTbl
                0x000000000602b4d0                TVModeTbl
                0x000000000602b6a8                SGL_ASCII_CG
 SLPROG         0x000000000602bdc0      0x134 ../../Compiler/COMMON/SGL_302j/LIB_ELF/LIBSGL.A(sglC00.o)
                0x000000000602bdc0                slInitSprite
 *fill*         0x000000000602bef4        0xc 
 SLPROG         0x000000000602bf00       0xac ../../Compiler/COMMON/SGL_302j/LIB_ELF/LIBSGL.A(sglC13.o)
                0x000000000602bf00                slPutPolygonS
 *fill*         0x000000000602bfac        0x4 
 SLPROG         0x000000000602bfb0       0xc0 ../../Compiler/COMMON/SGL_302j/LIB_ELF/LIBSGL.A(sglD19.o)
                0x000000000602bfb0                DMA_ScuMemCopy
 SLPROG         0x000000000602c070      0x75c ../../Compiler/COMMON/SGL_302j/LIB_ELF/LIBSGL.A(sglI00.o)
                0x000000000602c360                slInitInterrupt
 *fill*         0x000000000602c7cc        0x4 
 SLPROG         0x000000000602c7d0       0xf0 ../../Compiler/COMMON/SGL_302j/LIB_ELF/LIBSGL.A(sglH03.o)
                0x000000000602c834                slSmpcIntBack
                0x000000000602c8c0                __slprog_end = .

.tors           0x000000000602c8c0        0x0
                0x000000000602c8c0                ___ctors = .
 *(.ctors)
                0x000000000602c8c0                ___ctors_end = .
                0x000000000602c8c0                ___dtors = .
 *(.dtors)
                0x000000000602c8c0                ___dtors_end = .

.data           0x000000000602c8c0      0x680
 *(.data)
 .data          0x000000000602c8c0        0x0 ../../Compiler/COMMON/SGL_302j/LIB_ELF/SGLAREA.O
 .data          0x000000000602c8c0       0x58 /tmp/ccHt7CB2.ltrans0.ltrans.o
 *fill*         0x000000000602c918        0x8 
 .data          0x000000000602c920        0x0 ../../Compiler/COMMON/SGL_302j/LIB_ELF/SEGA_SYS.A(sys_exit.o)
 .data          0x000000000602c920        0x0 ../../Compiler/COMMON/SGL_302j/LIB_ELF/SEGA_SYS.A(sys_sub.o)
 .data          0x000000000602c920        0x0 ../../Compiler/COMMON/SGL_302j/LIB_ELF/LIBCD.A(CDC_CMN.O)
 .data          0x000000000602c920        0x0 ../../Compiler/COMMON/SGL_302j/LIB_ELF/LIBCD.A(CDC_CFS.O)
 .data          0x000000000602c920        0x0 ../../Compiler/COMMON/SGL_302j/LIB_ELF/LIBCD.A(CDC_REG.O)
 .data          0x000000000602c920        0x0 ../../Compiler/COMMON/SGL_302j/LIB_ELF/LIBCD.A(CDC_SUB.O)
 .data          0x000000000602c920        0x0 ../../Compiler/COMMON/SGL_302j/LIB_ELF/LIBCD.A(GFS.O)
 .data          0x000000000602c920        0x0 ../../Compiler/COMMON/SGL_302j/LIB_ELF/LIBCD.A(GFS_BUF.O)
 .data          0x000000000602c920        0x0 ../../Compiler/COMMON/SGL_302j/LIB_ELF/LIBCD.A(GFS_CDB.O)
 .data          0x000000000602c920        0x0 ../../Compiler/COMMON/SGL_302j/LIB_ELF/LIBCD.A(GFS_CDC.O)
 .data          0x000000000602c920        0x0 ../../Compiler/COMMON/SGL_302j/LIB_ELF/LIBCD.A(GFS_CDF.O)
 .data          0x000000000602c920        0x0 ../../Compiler/COMMON/SGL_302j/LIB_ELF/LIBCD.A(GFS_DIR.O)
 .data          0x000000000602c920        0x0 ../../Compiler/COMMON/SGL_302j/LIB_ELF/LIBCD.A(GFS_TRN.O)
 .data          0x000000000602c920        0x0 ../../Compiler/COMMON/SGL_302j/LIB_ELF/LIBCD.A(CDC_DRV.O)
 .data          0x000000000602c920        0x0 ../../Compiler/COMMON/SGL_302j/LIB_ELF/LIBCD.A(CDC_DEV.O)
 .data          0x000000000602c920        0x0 ../../Compiler/COMMON/SGL_302j/LIB_ELF/LIBCD.A(CDC_SEL.O)
 .data          0x000000000602c920        0x0 ../../Compiler/COMMON/SGL_302j/LIB_ELF/LIBCD.A(CDC_BIF.O)
 .data          0x000000000602c920        0x0 ../../Compiler/COMMON/SGL_302j/LIB_ELF/LIBCD.A(CDC_BIO.O)
 .data          0x000000000602c920        0x0 ../../Compiler/COMMON/SGL_302j/LIB_ELF/LIBSGL.A(sglA01.o)
 .data          0x000000000602c920        0x0 ../../Compiler/COMMON/SGL_302j/LIB_ELF/LIBSGL.A(sglA02.o)
 .data          0x000000000602c920        0x0 ../../Compiler/COMMON/SGL_302j/LIB_ELF/LIBSGL.A(sglA04.o)
 .data          0x000000000602c920        0x0 ../../Compiler/COMMON/SGL_302j/LIB_ELF/LIBSGL.A(sglA05.o)
 .data          0x000000000602c920        0x0 ../../Compiler/COMMON/SGL_302j/LIB_ELF/LIBSGL.A(sglA06.o)
 .data          0x000000000602c920        0x0 ../../Compiler/COMMON/SGL_302j/LIB_ELF/LIBSGL.A(sglA07.o)
 .data          0x000000000602c920        0x0 ../../Compiler/COMMON/SGL_302j/LIB_ELF/LIBSGL.A(sglA08.o)
 .data          0x000000000602c920        0x0 ../../Compiler/COMMON/SGL_302j/LIB_ELF/LIBSGL.A(sglA10.o)
 .data          0x000000000602c920        0x0 ../../Compiler/COMMON/SGL_302j/LIB_ELF/LIBSGL.A(sglA15.o)
 .data          0x000000000602c920        0x0 ../../Compiler/COMMON/SGL_302j/LIB_ELF/LIBSGL.A(sglA16.o)
 .data          0x000000000602c920        0x0 ../../Compiler/COMMON/SGL_302j/LIB_ELF/LIBSGL.A(sglA17.o)
 .data          0x000000000602c920        0x0 ../../Compiler/COMMON/SGL_302j/LIB_ELF/LIBSGL.A(sglA18.o)
 .data          0x000000000602c920        0x0 ../../Compiler/COMMON/SGL_302j/LIB_ELF/LIBSGL.A(sglA19.o)
 .data          0x000000000602c920        0x0 ../../Compiler/COMMON/SGL_302j/LIB_ELF/LIBSGL.A(sglA20.o)
 .data          0x000000000602c920        0x0 ../../Compiler/COMMON/SGL_302j/LIB_ELF/LIBSGL.A(sglA21.o)
 .data          0x000000000602c920        0x0 ../../Compiler/COMMON/SGL_302j/LIB_ELF/LIBSGL.A(sglA27.o)
 .data          0x000000000602c920        0x0 ../../Compiler/COMMON/SGL_302j/LIB_ELF/LIBSGL.A(sglA28.o)
 .data          0x000000000602c920        0x0 ../../Compiler/COMMON/SGL_302j/LIB_ELF/LIBSGL.A(sglB001.o)
 .data          0x000000000602c920        0x0 ../../Compiler/COMMON/SGL_302j/LIB_ELF/LIBSGL.A(sglB011.o)
 .data          0x000000000602c920        0x0 ../../Compiler/COMMON/SGL_302j/LIB_ELF/LIBSGL.A(sglB014.o)
 .data          0x000000000602c920        0x0 ../../Compiler/COMMON/SGL_302j/LIB_ELF/LIBSGL.A(sglB015.o)
 .data          0x000000000602c920        0x0 ../../Compiler/COMMON/SGL_302j/LIB_ELF/LIBSGL.A(sglB016.o)
 .data          0x000000000602c920        0x0 ../../Compiler/COMMON/SGL_302j/LIB_ELF/LIBSGL.A(sglB020.o)
 .data          0x000000000602c920        0x0 ../../Compiler/COMMON/SGL_302j/LIB_ELF/LIBSGL.A(sglB021.o)
 .data          0x000000000602c920        0x0 ../../Compiler/COMMON/SGL_302j/LIB_ELF/LIBSGL.A(sglB023.o)
 .data          0x000000000602c920        0x0 ../../Compiler/COMMON/SGL_302j/LIB_ELF/LIBSGL.A(sglB032.o)
 .data          0x000000000602c920        0x0 ../../Compiler/COMMON/SGL_302j/LIB_ELF/LIBSGL.A(sglB035.o)
 .data          0x000000000602c920        0x0 ../../Compiler/COMMON/SGL_302j/LIB_ELF/LIBSGL.A(sglB036.o)
 .data          0x000000000602c920        0x0 ../../Compiler/COMMON/SGL_302j/LIB_ELF/LIBSGL.A(sglB038.o)
 .data          0x000000000602c920        0x0 ../../Compiler/COMMON/SGL_302j/LIB_ELF/LIBSGL.A(sglB039.o)
 .data          0x000000000602c920        0x0 ../../Compiler/COMMON/SGL_302j/LIB_ELF/LIBSGL.A(sglB040.o)
 .data          0x000000000602c920        0x0 ../../Compiler/COMMON/SGL_302j/LIB_ELF/LIBSGL.A(sglB041.o)
 .data          0x000000000602c920        0x0 ../../Compiler/COMMON/SGL_302j/LIB_ELF/LIBSGL.A(sglB042.o)
 .data          0x000000000602c920        0x0 ../../Compiler/COMMON/SGL_302j/LIB_ELF/LIBSGL.A(sglB043.o)
 .data          0x000000000602c920        0x0 ../../Compiler/COMMON/SGL_302j/LIB_ELF/LIBSGL.A(sglB044.o)
 .data          0x000000000602c920        0x0 ../../Compiler/COMMON/SGL_302j/LIB_ELF/LIBSGL.A(sglB045.o)
 .data          0x000000000602c920        0x0 ../../Compiler/COMMON/SGL_302j/LIB_ELF/LIBSGL.A(sglB047.o)
 .data          0x000000000602c920        0x0 ../../Compiler/COMMON/SGL_302j/LIB_ELF/LIBSGL.A(sglB048.o)
 .data          0x000000000602c920        0x0 ../../Compiler/COMMON/SGL_302j/LIB_ELF/LIBSGL.A(sglB056.o)
 .data          0x000000000602c920        0x0 ../../Compiler/COMMON/SGL_302j/LIB_ELF/LIBSGL.A(sglB059.o)
 .data          0x000000000602c920        0x0 ../../Compiler/COMMON/SGL_302j/LIB_ELF/LIBSGL.A(sglB060.o)
 .data          0x000000000602c920        0x0 ../../Compiler/COMMON/SGL_302j/LIB_ELF/LIBSGL.A(sglB063.o)
 .data          0x000000000602c920        0x0 ../../Compiler/COMMON/SGL_302j/LIB_ELF/LIBSGL.A(sglB087.o)
 .data          0x000000000602c920        0x0 ../../Compiler/COMMON/SGL_302j/LIB_ELF/LIBSGL.A(sglB088.o)
 .data          0x000000000602c920        0x0 ../../Compiler/COMMON/SGL_302j/LIB_ELF/LIBSGL.A(sglB090.o)
 .data          0x000000000602c920        0x0 ../../Compiler/COMMON/SGL_302j/LIB_ELF/LIBSGL.A(sglB200.o)
 .data          0x000000000602c920        0x0 ../../Compiler/COMMON/SGL_302j/LIB_ELF/LIBSGL.A(sglC04.o)
 .data          0x000000000602c920        0x0 ../../Compiler/COMMON/SGL_302j/LIB_ELF/LIBSGL.A(sglC05.o)
 .data          0x000000000602c920        0x0 ../../Compiler/COMMON/SGL_302j/LIB_ELF/LIBSGL.A(sglC06.o)
 .data          0x000000000602c920        0x0 ../../Compiler/COMMON/SGL_302j/LIB_ELF/LIBSGL.A(sglC07.o)
 .data          0x000000000602c920        0x0 ../../Compiler/COMMON/SGL_302j/LIB_ELF/LIBSGL.A(sglC08.o)
 .data          0x000000000602c920        0x0 ../../Compiler/COMMON/SGL_302j/LIB_ELF/LIBSGL.A(sglC17.o)
 .data          0x000000000602c920        0x0 ../../Compiler/COMMON/SGL_302j/LIB_ELF/LIBSGL.A(sglC19.o)
 .data          0x000000000602c920        0x0 ../../Compiler/COMMON/SGL_302j/LIB_ELF/LIBSGL.A(sglC20.o)
 .data          0x000000000602c920        0x0 ../../Compiler/COMMON/SGL_302j/LIB_ELF/LIBSGL.A(sglC21.o)
 .data          0x000000000602c920        0x0 ../../Compiler/COMMON/SGL_302j/LIB_ELF/LIBSGL.A(sglD00.o)
 .data          0x000000000602c920        0x0 ../../Compiler/COMMON/SGL_302j/LIB_ELF/LIBSGL.A(sglD01.o)
 .data          0x000000000602c920        0x0 ../../Compiler/COMMON/SGL_302j/LIB_ELF/LIBSGL.A(sglD03.o)
 .data          0x000000000602c920        0x0 ../../Compiler/COMMON/SGL_302j/LIB_ELF/LIBSGL.A(sglD15.o)
 .data          0x000000000602c920        0x0 ../../Compiler/COMMON/SGL_302j/LIB_ELF/LIBSGL.A(sglD16.o)
 .data          0x000000000602c920        0x0 ../../Compiler/COMMON/SGL_302j/LIB_ELF/LIBSGL.A(sglD17.o)
 .data          0x000000000602c920        0x0 ../../Compiler/COMMON/SGL_302j/LIB_ELF/LIBSGL.A(sglD18.o)
 .data          0x000000000602c920        0x0 ../../Compiler/COMMON/SGL_302j/LIB_ELF/LIBSGL.A(sglF00.o)
 .data          0x000000000602c920        0x0 ../../Compiler/COMMON/SGL_302j/LIB_ELF/LIBSGL.A(sglF03.o)
 .data          0x000000000602c920        0x0 ../../Compiler/COMMON/SGL_302j/LIB_ELF/LIBSGL.A(sglF05.o)
 .data          0x000000000602c920        0x0 ../../Compiler/COMMON/SGL_302j/LIB_ELF/LIBSGL.A(sglF08.o)
 .data          0x000000000602c920        0x0 ../../Compiler/COMMON/SGL_302j/LIB_ELF/LIBSGL.A(sglH00.o)
 .data          0x000000000602c920        0x0 ../../Compiler/COMMON/SGL_302j/LIB_ELF/LIBSGL.A(sglH01.o)
 .data          0x000000000602c920        0x0 ../../Compiler/COMMON/SGL_302j/LIB_ELF/LIBSGL.A(sglH02.o)
 .data          0x000000000602c920        0x0 ../../Compiler/COMMON/SGL_302j/LIB_ELF/LIBSGL.A(sglH04.o)
 .data          0x000000000602c920        0x0 ../../Compiler/COMMON/SGL_302j/LIB_ELF/LIBSGL.A(sglI01.o)
 .data          0x000000000602c920        0x0 ../../Compiler/COMMON/SGL_302j/LIB_ELF/LIBSGL.A(sglI04.o)
 .data          0x000000000602c920       0x80 ../../Compiler/COMMON/SGL_302j/LIB_ELF/LIBSGL.A(sglIc0.o)
                0x000000000602c920                IntPrioMask
 .data          0x000000000602c9a0        0x0 ../../Compiler/COMMON/SGL_302j/LIB_ELF/LIBSGL.A(sglJ00.o)
 .data          0x000000000602c9a0        0x0 ../../Compiler/COMMON/SGL_302j/LIB_ELF/LIBSGL.A(sglJ01.o)
 .data          0x000000000602c9a0        0x0 ../../Compiler/COMMON/SGL_302j/LIB_ELF/LIBSGL.A(sglJ02.o)
 .data          0x000000000602c9a0        0x0 ../../Compiler/COMMON/SGL_302j/LIB_ELF/LIBSGL.A(sglJ03.o)
 .data          0x000000000602c9a0        0x0 ../../Compiler/COMMON/SGL_302j/LIB_ELF/LIBSGL.A(sglJ04.o)
 .data          0x000000000602c9a0        0x0 ../../Compiler/COMMON/SGL_302j/LIB_ELF/LIBSGL.A(sglJ05.o)
 .data          0x000000000602c9a0        0x0 ../../Compiler/COMMON/SGL_302j/LIB_ELF/LIBSGL.A(sglK01.o)
 .data          0x000000000602c9a0        0x0 ../../Compiler/COMMON/SGL_302j/LIB_ELF/LIBSGL.A(sglM00.o)
 .data          0x000000000602c9a0        0x0 ../../Compiler/COMMON/SGL_302j/LIB_ELF/LIBSGL.A(sglM01.o)
 .data          0x000000000602c9a0        0x0 ../../Compiler/COMMON/SGL_302j/LIB_ELF/LIBSGL.A(sglA00.o)
 .data          0x000000000602c9a0        0x0 ../../Compiler/COMMON/SGL_302j/LIB_ELF/LIBSGL.A(sglA24.o)
 .data          0x000000000602c9a0        0x0 ../../Compiler/COMMON/SGL_302j/LIB_ELF/LIBSGL.A(sglA25.o)
 .data          0x000000000602c9a0        0x0 ../../Compiler/COMMON/SGL_302j/LIB_ELF/LIBSGL.A(sglA40.o)
 .data          0x000000000602c9a0        0x0 ../../Compiler/COMMON/SGL_302j/LIB_ELF/LIBSGL.A(sglB000.o)
 .data          0x000000000602c9a0        0x0 ../../Compiler/COMMON/SGL_302j/LIB_ELF/LIBSGL.A(sglC00.o)
 .data          0x000000000602c9a0        0x0 ../../Compiler/COMMON/SGL_302j/LIB_ELF/LIBSGL.A(sglC13.o)
 .data          0x000000000602c9a0        0x0 ../../Compiler/COMMON/SGL_302j/LIB_ELF/LIBSGL.A(sglD19.o)
 .data          0x000000000602c9a0        0x0 ../../Compiler/COMMON/SGL_302j/LIB_ELF/LIBSGL.A(sglI00.o)
 .data          0x000000000602c9a0        0x0 ../../Compiler/COMMON/SGL_302j/LIB_ELF/LIBSGL.A(sglH03.o)
 .data          0x000000000602c9a0        0x0 /home/ash/Documents/joengine-master/Compiler/LINUX/bin/../lib/gcc/sh-none-elf/8.2.0/libgcc.a(_ashiftrt.o)
 .data          0x000000000602c9a0        0x0 /home/ash/Documents/joengine-master/Compiler/LINUX/bin/../lib/gcc/sh-none-elf/8.2.0/libgcc.a(_sdivsi3.o)
 .data          0x000000000602c9a0        0x0 /home/ash/Documents/joengine-master/Compiler/LINUX/bin/../lib/gcc/sh-none-elf/8.2.0/libgcc.a(_udivsi3.o)
 .data          0x000000000602c9a0        0x0 /home/ash/Documents/joengine-master/Compiler/LINUX/bin/../lib/gcc/sh-none-elf/8.2.0/libgcc.a(_mul_sf.o)
 .data          0x000000000602c9a0        0x0 /home/ash/Documents/joengine-master/Compiler/LINUX/bin/../lib/gcc/sh-none-elf/8.2.0/libgcc.a(_div_sf.o)
 .data          0x000000000602c9a0        0x0 /home/ash/Documents/joengine-master/Compiler/LINUX/bin/../lib/gcc/sh-none-elf/8.2.0/libgcc.a(_ge_sf.o)
 .data          0x000000000602c9a0        0x0 /home/ash/Documents/joengine-master/Compiler/LINUX/bin/../lib/gcc/sh-none-elf/8.2.0/libgcc.a(_si_to_sf.o)
 .data          0x000000000602c9a0        0x0 /home/ash/Documents/joengine-master/Compiler/LINUX/bin/../lib/gcc/sh-none-elf/8.2.0/libgcc.a(_sf_to_si.o)
 .data          0x000000000602c9a0        0x0 /home/ash/Documents/joengine-master/Compiler/LINUX/bin/../lib/gcc/sh-none-elf/8.2.0/libgcc.a(_sf_to_df.o)
 .data          0x000000000602c9a0        0x0 /home/ash/Documents/joengine-master/Compiler/LINUX/bin/../lib/gcc/sh-none-elf/8.2.0/libgcc.a(_thenan_sf.o)
 .data          0x000000000602c9a0        0x0 /home/ash/Documents/joengine-master/Compiler/LINUX/bin/../lib/gcc/sh-none-elf/8.2.0/libgcc.a(_usi_to_sf.o)
 .data          0x000000000602c9a0        0x0 /home/ash/Documents/joengine-master/Compiler/LINUX/bin/../lib/gcc/sh-none-elf/8.2.0/libgcc.a(_make_df.o)
 .data          0x000000000602c9a0        0x0 /home/ash/Documents/joengine-master/Compiler/LINUX/bin/../lib/gcc/sh-none-elf/8.2.0/libgcc.a(_pack_sf.o)